Archive member included to satisfy reference by file (symbol)

c:/program files (x86)/atmel/studio/7.0/toolchain/avr8/avr8-gnu-toolchain/bin/../lib/gcc/avr/5.4.0/../../../../avr/lib/avr5\libm.a(addsf3.o)
                              HAL/mq2_sensor.o (__subsf3)
c:/program files (x86)/atmel/studio/7.0/toolchain/avr8/avr8-gnu-toolchain/bin/../lib/gcc/avr/5.4.0/../../../../avr/lib/avr5\libm.a(addsf3x.o)
                              c:/program files (x86)/atmel/studio/7.0/toolchain/avr8/avr8-gnu-toolchain/bin/../lib/gcc/avr/5.4.0/../../../../avr/lib/avr5\libm.a(addsf3.o) (__addsf3x)
c:/program files (x86)/atmel/studio/7.0/toolchain/avr8/avr8-gnu-toolchain/bin/../lib/gcc/avr/5.4.0/../../../../avr/lib/avr5\libm.a(divsf3.o)
                              HAL/lm35_sensor.o (__divsf3)
c:/program files (x86)/atmel/studio/7.0/toolchain/avr8/avr8-gnu-toolchain/bin/../lib/gcc/avr/5.4.0/../../../../avr/lib/avr5\libm.a(divsf3x.o)
                              c:/program files (x86)/atmel/studio/7.0/toolchain/avr8/avr8-gnu-toolchain/bin/../lib/gcc/avr/5.4.0/../../../../avr/lib/avr5\libm.a(divsf3.o) (__divsf3x)
c:/program files (x86)/atmel/studio/7.0/toolchain/avr8/avr8-gnu-toolchain/bin/../lib/gcc/avr/5.4.0/../../../../avr/lib/avr5\libm.a(fixunssfsi.o)
                              HAL/lm35_sensor.o (__fixunssfsi)
c:/program files (x86)/atmel/studio/7.0/toolchain/avr8/avr8-gnu-toolchain/bin/../lib/gcc/avr/5.4.0/../../../../avr/lib/avr5\libm.a(floatsisf.o)
                              HAL/lm35_sensor.o (__floatunsisf)
c:/program files (x86)/atmel/studio/7.0/toolchain/avr8/avr8-gnu-toolchain/bin/../lib/gcc/avr/5.4.0/../../../../avr/lib/avr5\libm.a(fp_inf.o)
                              c:/program files (x86)/atmel/studio/7.0/toolchain/avr8/avr8-gnu-toolchain/bin/../lib/gcc/avr/5.4.0/../../../../avr/lib/avr5\libm.a(addsf3x.o) (__fp_inf)
c:/program files (x86)/atmel/studio/7.0/toolchain/avr8/avr8-gnu-toolchain/bin/../lib/gcc/avr/5.4.0/../../../../avr/lib/avr5\libm.a(fp_nan.o)
                              c:/program files (x86)/atmel/studio/7.0/toolchain/avr8/avr8-gnu-toolchain/bin/../lib/gcc/avr/5.4.0/../../../../avr/lib/avr5\libm.a(addsf3x.o) (__fp_nan)
c:/program files (x86)/atmel/studio/7.0/toolchain/avr8/avr8-gnu-toolchain/bin/../lib/gcc/avr/5.4.0/../../../../avr/lib/avr5\libm.a(fp_pscA.o)
                              c:/program files (x86)/atmel/studio/7.0/toolchain/avr8/avr8-gnu-toolchain/bin/../lib/gcc/avr/5.4.0/../../../../avr/lib/avr5\libm.a(addsf3x.o) (__fp_pscA)
c:/program files (x86)/atmel/studio/7.0/toolchain/avr8/avr8-gnu-toolchain/bin/../lib/gcc/avr/5.4.0/../../../../avr/lib/avr5\libm.a(fp_pscB.o)
                              c:/program files (x86)/atmel/studio/7.0/toolchain/avr8/avr8-gnu-toolchain/bin/../lib/gcc/avr/5.4.0/../../../../avr/lib/avr5\libm.a(addsf3x.o) (__fp_pscB)
c:/program files (x86)/atmel/studio/7.0/toolchain/avr8/avr8-gnu-toolchain/bin/../lib/gcc/avr/5.4.0/../../../../avr/lib/avr5\libm.a(fp_round.o)
                              c:/program files (x86)/atmel/studio/7.0/toolchain/avr8/avr8-gnu-toolchain/bin/../lib/gcc/avr/5.4.0/../../../../avr/lib/avr5\libm.a(addsf3.o) (__fp_round)
c:/program files (x86)/atmel/studio/7.0/toolchain/avr8/avr8-gnu-toolchain/bin/../lib/gcc/avr/5.4.0/../../../../avr/lib/avr5\libm.a(fp_split3.o)
                              c:/program files (x86)/atmel/studio/7.0/toolchain/avr8/avr8-gnu-toolchain/bin/../lib/gcc/avr/5.4.0/../../../../avr/lib/avr5\libm.a(addsf3x.o) (__fp_split3)
c:/program files (x86)/atmel/studio/7.0/toolchain/avr8/avr8-gnu-toolchain/bin/../lib/gcc/avr/5.4.0/../../../../avr/lib/avr5\libm.a(fp_zero.o)
                              c:/program files (x86)/atmel/studio/7.0/toolchain/avr8/avr8-gnu-toolchain/bin/../lib/gcc/avr/5.4.0/../../../../avr/lib/avr5\libm.a(addsf3x.o) (__fp_zero)
c:/program files (x86)/atmel/studio/7.0/toolchain/avr8/avr8-gnu-toolchain/bin/../lib/gcc/avr/5.4.0/../../../../avr/lib/avr5\libm.a(log.o)
                              HAL/mq2_sensor.o (log)
c:/program files (x86)/atmel/studio/7.0/toolchain/avr8/avr8-gnu-toolchain/bin/../lib/gcc/avr/5.4.0/../../../../avr/lib/avr5\libm.a(mulsf3.o)
                              HAL/lm35_sensor.o (__mulsf3)
c:/program files (x86)/atmel/studio/7.0/toolchain/avr8/avr8-gnu-toolchain/bin/../lib/gcc/avr/5.4.0/../../../../avr/lib/avr5\libm.a(mulsf3x.o)
                              c:/program files (x86)/atmel/studio/7.0/toolchain/avr8/avr8-gnu-toolchain/bin/../lib/gcc/avr/5.4.0/../../../../avr/lib/avr5\libm.a(log.o) (__mulsf3x)
c:/program files (x86)/atmel/studio/7.0/toolchain/avr8/avr8-gnu-toolchain/bin/../lib/gcc/avr/5.4.0/../../../../avr/lib/avr5\libm.a(pow.o)
                              HAL/mq2_sensor.o (pow)
c:/program files (x86)/atmel/studio/7.0/toolchain/avr8/avr8-gnu-toolchain/bin/../lib/gcc/avr/5.4.0/../../../../avr/lib/avr5\libm.a(exp.o)
                              c:/program files (x86)/atmel/studio/7.0/toolchain/avr8/avr8-gnu-toolchain/bin/../lib/gcc/avr/5.4.0/../../../../avr/lib/avr5\libm.a(pow.o) (exp)
c:/program files (x86)/atmel/studio/7.0/toolchain/avr8/avr8-gnu-toolchain/bin/../lib/gcc/avr/5.4.0/../../../../avr/lib/avr5\libm.a(fp_mpack.o)
                              c:/program files (x86)/atmel/studio/7.0/toolchain/avr8/avr8-gnu-toolchain/bin/../lib/gcc/avr/5.4.0/../../../../avr/lib/avr5\libm.a(log.o) (__fp_mpack)
c:/program files (x86)/atmel/studio/7.0/toolchain/avr8/avr8-gnu-toolchain/bin/../lib/gcc/avr/5.4.0/../../../../avr/lib/avr5\libm.a(fp_powser.o)
                              c:/program files (x86)/atmel/studio/7.0/toolchain/avr8/avr8-gnu-toolchain/bin/../lib/gcc/avr/5.4.0/../../../../avr/lib/avr5\libm.a(log.o) (__fp_powser)
c:/program files (x86)/atmel/studio/7.0/toolchain/avr8/avr8-gnu-toolchain/bin/../lib/gcc/avr/5.4.0/../../../../avr/lib/avr5\libm.a(inverse.o)
                              c:/program files (x86)/atmel/studio/7.0/toolchain/avr8/avr8-gnu-toolchain/bin/../lib/gcc/avr/5.4.0/../../../../avr/lib/avr5\libm.a(exp.o) (inverse)
c:/program files (x86)/atmel/studio/7.0/toolchain/avr8/avr8-gnu-toolchain/bin/../lib/gcc/avr/5.4.0/../../../../avr/lib/avr5\libm.a(ldexp.o)
                              c:/program files (x86)/atmel/studio/7.0/toolchain/avr8/avr8-gnu-toolchain/bin/../lib/gcc/avr/5.4.0/../../../../avr/lib/avr5\libm.a(exp.o) (ldexp)
c:/program files (x86)/atmel/studio/7.0/toolchain/avr8/avr8-gnu-toolchain/bin/../lib/gcc/avr/5.4.0/../../../../avr/lib/avr5\libm.a(modf.o)
                              c:/program files (x86)/atmel/studio/7.0/toolchain/avr8/avr8-gnu-toolchain/bin/../lib/gcc/avr/5.4.0/../../../../avr/lib/avr5\libm.a(exp.o) (modf)
c:/program files (x86)/atmel/studio/7.0/toolchain/avr8/avr8-gnu-toolchain/bin/../lib/gcc/avr/5.4.0/avr5\libgcc.a(_exit.o)
                              C:/Program Files (x86)/Atmel/Studio/7.0/Packs/Atmel/ATmega_DFP/1.7.374/gcc/dev/atmega32a/avr5/crtatmega32a.o (exit)
c:/program files (x86)/atmel/studio/7.0/toolchain/avr8/avr8-gnu-toolchain/bin/../lib/gcc/avr/5.4.0/avr5\libgcc.a(_copy_data.o)
                              HAL/mq2_sensor.o (__do_copy_data)
c:/program files (x86)/atmel/studio/7.0/toolchain/avr8/avr8-gnu-toolchain/bin/../lib/gcc/avr/5.4.0/avr5\libgcc.a(_clear_bss.o)
                              main.o (__do_clear_bss)
c:/program files (x86)/atmel/studio/7.0/toolchain/avr8/avr8-gnu-toolchain/bin/../lib/gcc/avr/5.4.0/avr5\libgcc.a(_umulhisi3.o)
                              HAL/lm35_sensor.o (__umulhisi3)
c:/program files (x86)/atmel/studio/7.0/toolchain/avr8/avr8-gnu-toolchain/bin/../lib/gcc/avr/5.4.0/../../../../avr/lib/avr5\libc.a(dtostrf.o)
                              main.o (dtostrf)
c:/program files (x86)/atmel/studio/7.0/toolchain/avr8/avr8-gnu-toolchain/bin/../lib/gcc/avr/5.4.0/../../../../avr/lib/avr5\libc.a(memcpy.o)
                              ThirdParty/FreeRTOS/Portable/queue.o (memcpy)
c:/program files (x86)/atmel/studio/7.0/toolchain/avr8/avr8-gnu-toolchain/bin/../lib/gcc/avr/5.4.0/../../../../avr/lib/avr5\libc.a(memset.o)
                              ThirdParty/FreeRTOS/Portable/tasks.o (memset)
c:/program files (x86)/atmel/studio/7.0/toolchain/avr8/avr8-gnu-toolchain/bin/../lib/gcc/avr/5.4.0/../../../../avr/lib/avr5\libc.a(itoa.o)
                              HAL/lcd.o (itoa)
c:/program files (x86)/atmel/studio/7.0/toolchain/avr8/avr8-gnu-toolchain/bin/../lib/gcc/avr/5.4.0/../../../../avr/lib/avr5\libc.a(itoa_ncheck.o)
                              c:/program files (x86)/atmel/studio/7.0/toolchain/avr8/avr8-gnu-toolchain/bin/../lib/gcc/avr/5.4.0/../../../../avr/lib/avr5\libc.a(itoa.o) (__itoa_ncheck)
c:/program files (x86)/atmel/studio/7.0/toolchain/avr8/avr8-gnu-toolchain/bin/../lib/gcc/avr/5.4.0/../../../../avr/lib/avr5\libc.a(utoa_ncheck.o)
                              c:/program files (x86)/atmel/studio/7.0/toolchain/avr8/avr8-gnu-toolchain/bin/../lib/gcc/avr/5.4.0/../../../../avr/lib/avr5\libc.a(itoa_ncheck.o) (__utoa_common)
c:/program files (x86)/atmel/studio/7.0/toolchain/avr8/avr8-gnu-toolchain/bin/../lib/gcc/avr/5.4.0/../../../../avr/lib/avr5\libc.a(dtoa_prf.o)
                              c:/program files (x86)/atmel/studio/7.0/toolchain/avr8/avr8-gnu-toolchain/bin/../lib/gcc/avr/5.4.0/../../../../avr/lib/avr5\libc.a(dtostrf.o) (dtoa_prf)
c:/program files (x86)/atmel/studio/7.0/toolchain/avr8/avr8-gnu-toolchain/bin/../lib/gcc/avr/5.4.0/../../../../avr/lib/avr5\libc.a(ftoa_engine.o)
                              c:/program files (x86)/atmel/studio/7.0/toolchain/avr8/avr8-gnu-toolchain/bin/../lib/gcc/avr/5.4.0/../../../../avr/lib/avr5\libc.a(dtoa_prf.o) (__ftoa_engine)
c:/program files (x86)/atmel/studio/7.0/toolchain/avr8/avr8-gnu-toolchain/bin/../lib/gcc/avr/5.4.0/../../../../avr/lib/avr5\libc.a(strrev.o)
                              c:/program files (x86)/atmel/studio/7.0/toolchain/avr8/avr8-gnu-toolchain/bin/../lib/gcc/avr/5.4.0/../../../../avr/lib/avr5\libc.a(utoa_ncheck.o) (strrev)
c:/program files (x86)/atmel/studio/7.0/toolchain/avr8/avr8-gnu-toolchain/bin/../lib/gcc/avr/5.4.0/avr5\libgcc.a(_prologue.o)
                              c:/program files (x86)/atmel/studio/7.0/toolchain/avr8/avr8-gnu-toolchain/bin/../lib/gcc/avr/5.4.0/../../../../avr/lib/avr5\libc.a(dtoa_prf.o) (__prologue_saves__)
c:/program files (x86)/atmel/studio/7.0/toolchain/avr8/avr8-gnu-toolchain/bin/../lib/gcc/avr/5.4.0/avr5\libgcc.a(_epilogue.o)
                              c:/program files (x86)/atmel/studio/7.0/toolchain/avr8/avr8-gnu-toolchain/bin/../lib/gcc/avr/5.4.0/../../../../avr/lib/avr5\libc.a(dtoa_prf.o) (__epilogue_restores__)

Allocating common symbols
Common symbol       size              file

Temp_Sensor_Handeler
                    0x2               main.o
Dc_motor_Handler    0x2               main.o
Gas_Sensor_Handeler
                    0x2               main.o
Lcd_Handler         0x2               main.o

Discarded input sections

 .data          0x00000000        0x0 C:/Program Files (x86)/Atmel/Studio/7.0/Packs/Atmel/ATmega_DFP/1.7.374/gcc/dev/atmega32a/avr5/crtatmega32a.o
 .bss           0x00000000        0x0 C:/Program Files (x86)/Atmel/Studio/7.0/Packs/Atmel/ATmega_DFP/1.7.374/gcc/dev/atmega32a/avr5/crtatmega32a.o
 .text          0x00000000        0x0 HAL/dc_motor.o
 .data          0x00000000        0x0 HAL/dc_motor.o
 .bss           0x00000000        0x0 HAL/dc_motor.o
 .text          0x00000000        0x0 HAL/lcd.o
 .data          0x00000000        0x0 HAL/lcd.o
 .bss           0x00000000        0x0 HAL/lcd.o
 .text          0x00000000        0x0 HAL/lm35_sensor.o
 .data          0x00000000        0x0 HAL/lm35_sensor.o
 .bss           0x00000000        0x0 HAL/lm35_sensor.o
 .text          0x00000000        0x0 HAL/mq2_sensor.o
 .data          0x00000000        0x0 HAL/mq2_sensor.o
 .bss           0x00000000        0x0 HAL/mq2_sensor.o
 .text          0x00000000        0x0 main.o
 .data          0x00000000        0x0 main.o
 .bss           0x00000000        0x0 main.o
 .text          0x00000000        0x0 MCAL/adc.o
 .data          0x00000000        0x0 MCAL/adc.o
 .bss           0x00000000        0x0 MCAL/adc.o
 .text          0x00000000        0x0 MCAL/gpio.o
 .data          0x00000000        0x0 MCAL/gpio.o
 .bss           0x00000000        0x0 MCAL/gpio.o
 .text.GPIO_readPin
                0x00000000       0x8c MCAL/gpio.o
 .text.GPIO_readPort
                0x00000000       0x2c MCAL/gpio.o
 .text          0x00000000        0x0 MCAL/pwm_timer0.o
 .data          0x00000000        0x0 MCAL/pwm_timer0.o
 .bss           0x00000000        0x0 MCAL/pwm_timer0.o
 .text          0x00000000        0x0 ThirdParty/FreeRTOS/Portable/croutine.o
 .data          0x00000000        0x0 ThirdParty/FreeRTOS/Portable/croutine.o
 .bss           0x00000000        0x0 ThirdParty/FreeRTOS/Portable/croutine.o
 .debug_info    0x00000000       0x64 ThirdParty/FreeRTOS/Portable/croutine.o
 .debug_abbrev  0x00000000       0x26 ThirdParty/FreeRTOS/Portable/croutine.o
 .debug_aranges
                0x00000000       0x18 ThirdParty/FreeRTOS/Portable/croutine.o
 .debug_line    0x00000000       0x1a ThirdParty/FreeRTOS/Portable/croutine.o
 .debug_str     0x00000000      0x19d ThirdParty/FreeRTOS/Portable/croutine.o
 .comment       0x00000000       0x31 ThirdParty/FreeRTOS/Portable/croutine.o
 .text          0x00000000        0x0 ThirdParty/FreeRTOS/Portable/event_groups.o
 .data          0x00000000        0x0 ThirdParty/FreeRTOS/Portable/event_groups.o
 .bss           0x00000000        0x0 ThirdParty/FreeRTOS/Portable/event_groups.o
 .text.prvTestWaitCondition
                0x00000000       0x26 ThirdParty/FreeRTOS/Portable/event_groups.o
 .text.xEventGroupCreate
                0x00000000       0x26 ThirdParty/FreeRTOS/Portable/event_groups.o
 .text.xEventGroupWaitBits
                0x00000000       0xe4 ThirdParty/FreeRTOS/Portable/event_groups.o
 .text.xEventGroupClearBits
                0x00000000       0x1e ThirdParty/FreeRTOS/Portable/event_groups.o
 .text.xEventGroupGetBitsFromISR
                0x00000000        0x8 ThirdParty/FreeRTOS/Portable/event_groups.o
 .text.xEventGroupSetBits
                0x00000000       0xc8 ThirdParty/FreeRTOS/Portable/event_groups.o
 .text.xEventGroupSync
                0x00000000       0xd6 ThirdParty/FreeRTOS/Portable/event_groups.o
 .text.vEventGroupDelete
                0x00000000       0x2e ThirdParty/FreeRTOS/Portable/event_groups.o
 .text.vEventGroupSetBitsCallback
                0x00000000        0x8 ThirdParty/FreeRTOS/Portable/event_groups.o
 .text.vEventGroupClearBitsCallback
                0x00000000        0x8 ThirdParty/FreeRTOS/Portable/event_groups.o
 .text.uxEventGroupGetNumber
                0x00000000        0xe ThirdParty/FreeRTOS/Portable/event_groups.o
 .text.vEventGroupSetNumber
                0x00000000        0x6 ThirdParty/FreeRTOS/Portable/event_groups.o
 .debug_info    0x00000000      0x97a ThirdParty/FreeRTOS/Portable/event_groups.o
 .debug_abbrev  0x00000000      0x1dc ThirdParty/FreeRTOS/Portable/event_groups.o
 .debug_loc     0x00000000      0xbeb ThirdParty/FreeRTOS/Portable/event_groups.o
 .debug_aranges
                0x00000000       0x78 ThirdParty/FreeRTOS/Portable/event_groups.o
 .debug_ranges  0x00000000       0x80 ThirdParty/FreeRTOS/Portable/event_groups.o
 .debug_line    0x00000000      0x4a4 ThirdParty/FreeRTOS/Portable/event_groups.o
 .debug_str     0x00000000      0x5f7 ThirdParty/FreeRTOS/Portable/event_groups.o
 .comment       0x00000000       0x31 ThirdParty/FreeRTOS/Portable/event_groups.o
 .debug_frame   0x00000000      0x17c ThirdParty/FreeRTOS/Portable/event_groups.o
 .text          0x00000000        0x0 ThirdParty/FreeRTOS/Portable/GCC/ATMega323/port.o
 .data          0x00000000        0x0 ThirdParty/FreeRTOS/Portable/GCC/ATMega323/port.o
 .bss           0x00000000        0x0 ThirdParty/FreeRTOS/Portable/GCC/ATMega323/port.o
 .text.vPortEndScheduler
                0x00000000        0x2 ThirdParty/FreeRTOS/Portable/GCC/ATMega323/port.o
 .text          0x00000000        0x0 ThirdParty/FreeRTOS/Portable/list.o
 .data          0x00000000        0x0 ThirdParty/FreeRTOS/Portable/list.o
 .bss           0x00000000        0x0 ThirdParty/FreeRTOS/Portable/list.o
 .text          0x00000000        0x0 ThirdParty/FreeRTOS/Portable/MemMang/heap_4.o
 .data          0x00000000        0x0 ThirdParty/FreeRTOS/Portable/MemMang/heap_4.o
 .bss           0x00000000        0x0 ThirdParty/FreeRTOS/Portable/MemMang/heap_4.o
 .text.xPortGetFreeHeapSize
                0x00000000        0xa ThirdParty/FreeRTOS/Portable/MemMang/heap_4.o
 .text.xPortGetMinimumEverFreeHeapSize
                0x00000000        0xa ThirdParty/FreeRTOS/Portable/MemMang/heap_4.o
 .text.vPortInitialiseBlocks
                0x00000000        0x2 ThirdParty/FreeRTOS/Portable/MemMang/heap_4.o
 .text.vPortGetHeapStats
                0x00000000       0xc4 ThirdParty/FreeRTOS/Portable/MemMang/heap_4.o
 .text          0x00000000        0x0 ThirdParty/FreeRTOS/Portable/queue.o
 .data          0x00000000        0x0 ThirdParty/FreeRTOS/Portable/queue.o
 .bss           0x00000000        0x0 ThirdParty/FreeRTOS/Portable/queue.o
 .text.prvIsQueueEmpty
                0x00000000       0x1a ThirdParty/FreeRTOS/Portable/queue.o
 .text.prvIsQueueFull
                0x00000000       0x1c ThirdParty/FreeRTOS/Portable/queue.o
 .text.prvCopyDataToQueue
                0x00000000       0x92 ThirdParty/FreeRTOS/Portable/queue.o
 .text.prvCopyDataFromQueue
                0x00000000       0x34 ThirdParty/FreeRTOS/Portable/queue.o
 .text.prvUnlockQueue
                0x00000000       0x68 ThirdParty/FreeRTOS/Portable/queue.o
 .text.xQueueGenericReset
                0x00000000       0x8c ThirdParty/FreeRTOS/Portable/queue.o
 .text.prvInitialiseNewQueue
                0x00000000       0x36 ThirdParty/FreeRTOS/Portable/queue.o
 .text.xQueueGenericCreate
                0x00000000       0x4a ThirdParty/FreeRTOS/Portable/queue.o
 .text.xQueueGenericSend
                0x00000000      0x124 ThirdParty/FreeRTOS/Portable/queue.o
 .text.xQueueGenericSendFromISR
                0x00000000       0x78 ThirdParty/FreeRTOS/Portable/queue.o
 .text.xQueueGiveFromISR
                0x00000000       0x52 ThirdParty/FreeRTOS/Portable/queue.o
 .text.xQueueReceive
                0x00000000      0x11e ThirdParty/FreeRTOS/Portable/queue.o
 .text.xQueueSemaphoreTake
                0x00000000      0x106 ThirdParty/FreeRTOS/Portable/queue.o
 .text.xQueuePeek
                0x00000000      0x122 ThirdParty/FreeRTOS/Portable/queue.o
 .text.xQueueReceiveFromISR
                0x00000000       0x6e ThirdParty/FreeRTOS/Portable/queue.o
 .text.xQueuePeekFromISR
                0x00000000       0x2e ThirdParty/FreeRTOS/Portable/queue.o
 .text.uxQueueMessagesWaiting
                0x00000000       0x10 ThirdParty/FreeRTOS/Portable/queue.o
 .text.uxQueueSpacesAvailable
                0x00000000       0x16 ThirdParty/FreeRTOS/Portable/queue.o
 .text.uxQueueMessagesWaitingFromISR
                0x00000000        0x6 ThirdParty/FreeRTOS/Portable/queue.o
 .text.vQueueDelete
                0x00000000        0x6 ThirdParty/FreeRTOS/Portable/queue.o
 .text.uxQueueGetQueueNumber
                0x00000000        0x6 ThirdParty/FreeRTOS/Portable/queue.o
 .text.vQueueSetQueueNumber
                0x00000000        0x6 ThirdParty/FreeRTOS/Portable/queue.o
 .text.ucQueueGetQueueType
                0x00000000        0x6 ThirdParty/FreeRTOS/Portable/queue.o
 .text.xQueueIsQueueEmptyFromISR
                0x00000000       0x10 ThirdParty/FreeRTOS/Portable/queue.o
 .text.xQueueIsQueueFullFromISR
                0x00000000       0x12 ThirdParty/FreeRTOS/Portable/queue.o
 .debug_info    0x00000000     0x1521 ThirdParty/FreeRTOS/Portable/queue.o
 .debug_abbrev  0x00000000      0x236 ThirdParty/FreeRTOS/Portable/queue.o
 .debug_loc     0x00000000     0x1778 ThirdParty/FreeRTOS/Portable/queue.o
 .debug_aranges
                0x00000000       0xe0 ThirdParty/FreeRTOS/Portable/queue.o
 .debug_ranges  0x00000000      0x118 ThirdParty/FreeRTOS/Portable/queue.o
 .debug_line    0x00000000      0xaca ThirdParty/FreeRTOS/Portable/queue.o
 .debug_str     0x00000000      0x7ea ThirdParty/FreeRTOS/Portable/queue.o
 .comment       0x00000000       0x31 ThirdParty/FreeRTOS/Portable/queue.o
 .debug_frame   0x00000000      0x324 ThirdParty/FreeRTOS/Portable/queue.o
 .text          0x00000000        0x0 ThirdParty/FreeRTOS/Portable/tasks.o
 .data          0x00000000        0x0 ThirdParty/FreeRTOS/Portable/tasks.o
 .bss           0x00000000        0x0 ThirdParty/FreeRTOS/Portable/tasks.o
 .text.prvTaskIsTaskSuspended
                0x00000000       0x2e ThirdParty/FreeRTOS/Portable/tasks.o
 .text.prvTaskCheckFreeStackSpace
                0x00000000       0x1a ThirdParty/FreeRTOS/Portable/tasks.o
 .text.eTaskGetState
                0x00000000       0x80 ThirdParty/FreeRTOS/Portable/tasks.o
 .text.vTaskResume
                0x00000000       0x84 ThirdParty/FreeRTOS/Portable/tasks.o
 .text.xTaskResumeFromISR
                0x00000000       0x96 ThirdParty/FreeRTOS/Portable/tasks.o
 .text.vTaskEndScheduler
                0x00000000        0xc ThirdParty/FreeRTOS/Portable/tasks.o
 .text.xTaskGetTickCountFromISR
                0x00000000        0xa ThirdParty/FreeRTOS/Portable/tasks.o
 .text.uxTaskGetNumberOfTasks
                0x00000000        0x6 ThirdParty/FreeRTOS/Portable/tasks.o
 .text.pcTaskGetName
                0x00000000       0x10 ThirdParty/FreeRTOS/Portable/tasks.o
 .text.xTaskCatchUpTicks
                0x00000000       0x28 ThirdParty/FreeRTOS/Portable/tasks.o
 .text.vTaskSuspend
                0x00000000       0xc2 ThirdParty/FreeRTOS/Portable/tasks.o
 .text.vTaskPlaceOnEventList
                0x00000000       0x24 ThirdParty/FreeRTOS/Portable/tasks.o
 .text.vTaskPlaceOnUnorderedEventList
                0x00000000       0x32 ThirdParty/FreeRTOS/Portable/tasks.o
 .text.xTaskRemoveFromEventList
                0x00000000       0x90 ThirdParty/FreeRTOS/Portable/tasks.o
 .text.vTaskRemoveFromUnorderedEventList
                0x00000000       0x70 ThirdParty/FreeRTOS/Portable/tasks.o
 .text.vTaskSetTimeOutState
                0x00000000       0x20 ThirdParty/FreeRTOS/Portable/tasks.o
 .text.vTaskInternalSetTimeOutState
                0x00000000       0x16 ThirdParty/FreeRTOS/Portable/tasks.o
 .text.xTaskCheckForTimeOut
                0x00000000       0x7e ThirdParty/FreeRTOS/Portable/tasks.o
 .text.vTaskMissedYield
                0x00000000        0x8 ThirdParty/FreeRTOS/Portable/tasks.o
 .text.uxTaskGetTaskNumber
                0x00000000        0xe ThirdParty/FreeRTOS/Portable/tasks.o
 .text.vTaskSetTaskNumber
                0x00000000        0xa ThirdParty/FreeRTOS/Portable/tasks.o
 .text.vTaskGetInfo
                0x00000000       0xa4 ThirdParty/FreeRTOS/Portable/tasks.o
 .text.prvListTasksWithinSingleList
                0x00000000       0xb4 ThirdParty/FreeRTOS/Portable/tasks.o
 .text.uxTaskGetSystemState
                0x00000000       0xd0 ThirdParty/FreeRTOS/Portable/tasks.o
 .text.uxTaskResetEventItemValue
                0x00000000       0x2e ThirdParty/FreeRTOS/Portable/tasks.o
 .text.ulTaskGenericNotifyTake
                0x00000000      0x106 ThirdParty/FreeRTOS/Portable/tasks.o
 .text.xTaskGenericNotifyWait
                0x00000000      0x142 ThirdParty/FreeRTOS/Portable/tasks.o
 .text.xTaskGenericNotify
                0x00000000      0x168 ThirdParty/FreeRTOS/Portable/tasks.o
 .text.xTaskGenericNotifyFromISR
                0x00000000      0x18c ThirdParty/FreeRTOS/Portable/tasks.o
 .text.vTaskGenericNotifyGiveFromISR
                0x00000000       0xd0 ThirdParty/FreeRTOS/Portable/tasks.o
 .text.xTaskGenericNotifyStateClear
                0x00000000       0x34 ThirdParty/FreeRTOS/Portable/tasks.o
 .text.ulTaskGenericNotifyValueClear
                0x00000000       0x6c ThirdParty/FreeRTOS/Portable/tasks.o
 .text          0x00000000        0x0 ThirdParty/FreeRTOS/Portable/timers.o
 .data          0x00000000        0x0 ThirdParty/FreeRTOS/Portable/timers.o
 .bss           0x00000000        0x0 ThirdParty/FreeRTOS/Portable/timers.o
 .debug_info    0x00000000       0x64 ThirdParty/FreeRTOS/Portable/timers.o
 .debug_abbrev  0x00000000       0x26 ThirdParty/FreeRTOS/Portable/timers.o
 .debug_aranges
                0x00000000       0x18 ThirdParty/FreeRTOS/Portable/timers.o
 .debug_line    0x00000000       0x1a ThirdParty/FreeRTOS/Portable/timers.o
 .debug_str     0x00000000      0x19b ThirdParty/FreeRTOS/Portable/timers.o
 .comment       0x00000000       0x31 ThirdParty/FreeRTOS/Portable/timers.o
 .text          0x00000000        0x0 c:/program files (x86)/atmel/studio/7.0/toolchain/avr8/avr8-gnu-toolchain/bin/../lib/gcc/avr/5.4.0/../../../../avr/lib/avr5\libm.a(addsf3.o)
 .data          0x00000000        0x0 c:/program files (x86)/atmel/studio/7.0/toolchain/avr8/avr8-gnu-toolchain/bin/../lib/gcc/avr/5.4.0/../../../../avr/lib/avr5\libm.a(addsf3.o)
 .bss           0x00000000        0x0 c:/program files (x86)/atmel/studio/7.0/toolchain/avr8/avr8-gnu-toolchain/bin/../lib/gcc/avr/5.4.0/../../../../avr/lib/avr5\libm.a(addsf3.o)
 .text          0x00000000        0x0 c:/program files (x86)/atmel/studio/7.0/toolchain/avr8/avr8-gnu-toolchain/bin/../lib/gcc/avr/5.4.0/../../../../avr/lib/avr5\libm.a(addsf3x.o)
 .data          0x00000000        0x0 c:/program files (x86)/atmel/studio/7.0/toolchain/avr8/avr8-gnu-toolchain/bin/../lib/gcc/avr/5.4.0/../../../../avr/lib/avr5\libm.a(addsf3x.o)
 .bss           0x00000000        0x0 c:/program files (x86)/atmel/studio/7.0/toolchain/avr8/avr8-gnu-toolchain/bin/../lib/gcc/avr/5.4.0/../../../../avr/lib/avr5\libm.a(addsf3x.o)
 .text          0x00000000        0x0 c:/program files (x86)/atmel/studio/7.0/toolchain/avr8/avr8-gnu-toolchain/bin/../lib/gcc/avr/5.4.0/../../../../avr/lib/avr5\libm.a(divsf3.o)
 .data          0x00000000        0x0 c:/program files (x86)/atmel/studio/7.0/toolchain/avr8/avr8-gnu-toolchain/bin/../lib/gcc/avr/5.4.0/../../../../avr/lib/avr5\libm.a(divsf3.o)
 .bss           0x00000000        0x0 c:/program files (x86)/atmel/studio/7.0/toolchain/avr8/avr8-gnu-toolchain/bin/../lib/gcc/avr/5.4.0/../../../../avr/lib/avr5\libm.a(divsf3.o)
 .text          0x00000000        0x0 c:/program files (x86)/atmel/studio/7.0/toolchain/avr8/avr8-gnu-toolchain/bin/../lib/gcc/avr/5.4.0/../../../../avr/lib/avr5\libm.a(divsf3x.o)
 .data          0x00000000        0x0 c:/program files (x86)/atmel/studio/7.0/toolchain/avr8/avr8-gnu-toolchain/bin/../lib/gcc/avr/5.4.0/../../../../avr/lib/avr5\libm.a(divsf3x.o)
 .bss           0x00000000        0x0 c:/program files (x86)/atmel/studio/7.0/toolchain/avr8/avr8-gnu-toolchain/bin/../lib/gcc/avr/5.4.0/../../../../avr/lib/avr5\libm.a(divsf3x.o)
 .text          0x00000000        0x0 c:/program files (x86)/atmel/studio/7.0/toolchain/avr8/avr8-gnu-toolchain/bin/../lib/gcc/avr/5.4.0/../../../../avr/lib/avr5\libm.a(fixunssfsi.o)
 .data          0x00000000        0x0 c:/program files (x86)/atmel/studio/7.0/toolchain/avr8/avr8-gnu-toolchain/bin/../lib/gcc/avr/5.4.0/../../../../avr/lib/avr5\libm.a(fixunssfsi.o)
 .bss           0x00000000        0x0 c:/program files (x86)/atmel/studio/7.0/toolchain/avr8/avr8-gnu-toolchain/bin/../lib/gcc/avr/5.4.0/../../../../avr/lib/avr5\libm.a(fixunssfsi.o)
 .text          0x00000000        0x0 c:/program files (x86)/atmel/studio/7.0/toolchain/avr8/avr8-gnu-toolchain/bin/../lib/gcc/avr/5.4.0/../../../../avr/lib/avr5\libm.a(floatsisf.o)
 .data          0x00000000        0x0 c:/program files (x86)/atmel/studio/7.0/toolchain/avr8/avr8-gnu-toolchain/bin/../lib/gcc/avr/5.4.0/../../../../avr/lib/avr5\libm.a(floatsisf.o)
 .bss           0x00000000        0x0 c:/program files (x86)/atmel/studio/7.0/toolchain/avr8/avr8-gnu-toolchain/bin/../lib/gcc/avr/5.4.0/../../../../avr/lib/avr5\libm.a(floatsisf.o)
 .text          0x00000000        0x0 c:/program files (x86)/atmel/studio/7.0/toolchain/avr8/avr8-gnu-toolchain/bin/../lib/gcc/avr/5.4.0/../../../../avr/lib/avr5\libm.a(fp_inf.o)
 .data          0x00000000        0x0 c:/program files (x86)/atmel/studio/7.0/toolchain/avr8/avr8-gnu-toolchain/bin/../lib/gcc/avr/5.4.0/../../../../avr/lib/avr5\libm.a(fp_inf.o)
 .bss           0x00000000        0x0 c:/program files (x86)/atmel/studio/7.0/toolchain/avr8/avr8-gnu-toolchain/bin/../lib/gcc/avr/5.4.0/../../../../avr/lib/avr5\libm.a(fp_inf.o)
 .text          0x00000000        0x0 c:/program files (x86)/atmel/studio/7.0/toolchain/avr8/avr8-gnu-toolchain/bin/../lib/gcc/avr/5.4.0/../../../../avr/lib/avr5\libm.a(fp_nan.o)
 .data          0x00000000        0x0 c:/program files (x86)/atmel/studio/7.0/toolchain/avr8/avr8-gnu-toolchain/bin/../lib/gcc/avr/5.4.0/../../../../avr/lib/avr5\libm.a(fp_nan.o)
 .bss           0x00000000        0x0 c:/program files (x86)/atmel/studio/7.0/toolchain/avr8/avr8-gnu-toolchain/bin/../lib/gcc/avr/5.4.0/../../../../avr/lib/avr5\libm.a(fp_nan.o)
 .text          0x00000000        0x0 c:/program files (x86)/atmel/studio/7.0/toolchain/avr8/avr8-gnu-toolchain/bin/../lib/gcc/avr/5.4.0/../../../../avr/lib/avr5\libm.a(fp_pscA.o)
 .data          0x00000000        0x0 c:/program files (x86)/atmel/studio/7.0/toolchain/avr8/avr8-gnu-toolchain/bin/../lib/gcc/avr/5.4.0/../../../../avr/lib/avr5\libm.a(fp_pscA.o)
 .bss           0x00000000        0x0 c:/program files (x86)/atmel/studio/7.0/toolchain/avr8/avr8-gnu-toolchain/bin/../lib/gcc/avr/5.4.0/../../../../avr/lib/avr5\libm.a(fp_pscA.o)
 .text          0x00000000        0x0 c:/program files (x86)/atmel/studio/7.0/toolchain/avr8/avr8-gnu-toolchain/bin/../lib/gcc/avr/5.4.0/../../../../avr/lib/avr5\libm.a(fp_pscB.o)
 .data          0x00000000        0x0 c:/program files (x86)/atmel/studio/7.0/toolchain/avr8/avr8-gnu-toolchain/bin/../lib/gcc/avr/5.4.0/../../../../avr/lib/avr5\libm.a(fp_pscB.o)
 .bss           0x00000000        0x0 c:/program files (x86)/atmel/studio/7.0/toolchain/avr8/avr8-gnu-toolchain/bin/../lib/gcc/avr/5.4.0/../../../../avr/lib/avr5\libm.a(fp_pscB.o)
 .text          0x00000000        0x0 c:/program files (x86)/atmel/studio/7.0/toolchain/avr8/avr8-gnu-toolchain/bin/../lib/gcc/avr/5.4.0/../../../../avr/lib/avr5\libm.a(fp_round.o)
 .data          0x00000000        0x0 c:/program files (x86)/atmel/studio/7.0/toolchain/avr8/avr8-gnu-toolchain/bin/../lib/gcc/avr/5.4.0/../../../../avr/lib/avr5\libm.a(fp_round.o)
 .bss           0x00000000        0x0 c:/program files (x86)/atmel/studio/7.0/toolchain/avr8/avr8-gnu-toolchain/bin/../lib/gcc/avr/5.4.0/../../../../avr/lib/avr5\libm.a(fp_round.o)
 .text          0x00000000        0x0 c:/program files (x86)/atmel/studio/7.0/toolchain/avr8/avr8-gnu-toolchain/bin/../lib/gcc/avr/5.4.0/../../../../avr/lib/avr5\libm.a(fp_split3.o)
 .data          0x00000000        0x0 c:/program files (x86)/atmel/studio/7.0/toolchain/avr8/avr8-gnu-toolchain/bin/../lib/gcc/avr/5.4.0/../../../../avr/lib/avr5\libm.a(fp_split3.o)
 .bss           0x00000000        0x0 c:/program files (x86)/atmel/studio/7.0/toolchain/avr8/avr8-gnu-toolchain/bin/../lib/gcc/avr/5.4.0/../../../../avr/lib/avr5\libm.a(fp_split3.o)
 .text          0x00000000        0x0 c:/program files (x86)/atmel/studio/7.0/toolchain/avr8/avr8-gnu-toolchain/bin/../lib/gcc/avr/5.4.0/../../../../avr/lib/avr5\libm.a(fp_zero.o)
 .data          0x00000000        0x0 c:/program files (x86)/atmel/studio/7.0/toolchain/avr8/avr8-gnu-toolchain/bin/../lib/gcc/avr/5.4.0/../../../../avr/lib/avr5\libm.a(fp_zero.o)
 .bss           0x00000000        0x0 c:/program files (x86)/atmel/studio/7.0/toolchain/avr8/avr8-gnu-toolchain/bin/../lib/gcc/avr/5.4.0/../../../../avr/lib/avr5\libm.a(fp_zero.o)
 .text          0x00000000        0x0 c:/program files (x86)/atmel/studio/7.0/toolchain/avr8/avr8-gnu-toolchain/bin/../lib/gcc/avr/5.4.0/../../../../avr/lib/avr5\libm.a(log.o)
 .data          0x00000000        0x0 c:/program files (x86)/atmel/studio/7.0/toolchain/avr8/avr8-gnu-toolchain/bin/../lib/gcc/avr/5.4.0/../../../../avr/lib/avr5\libm.a(log.o)
 .bss           0x00000000        0x0 c:/program files (x86)/atmel/studio/7.0/toolchain/avr8/avr8-gnu-toolchain/bin/../lib/gcc/avr/5.4.0/../../../../avr/lib/avr5\libm.a(log.o)
 .text          0x00000000        0x0 c:/program files (x86)/atmel/studio/7.0/toolchain/avr8/avr8-gnu-toolchain/bin/../lib/gcc/avr/5.4.0/../../../../avr/lib/avr5\libm.a(mulsf3.o)
 .data          0x00000000        0x0 c:/program files (x86)/atmel/studio/7.0/toolchain/avr8/avr8-gnu-toolchain/bin/../lib/gcc/avr/5.4.0/../../../../avr/lib/avr5\libm.a(mulsf3.o)
 .bss           0x00000000        0x0 c:/program files (x86)/atmel/studio/7.0/toolchain/avr8/avr8-gnu-toolchain/bin/../lib/gcc/avr/5.4.0/../../../../avr/lib/avr5\libm.a(mulsf3.o)
 .text          0x00000000        0x0 c:/program files (x86)/atmel/studio/7.0/toolchain/avr8/avr8-gnu-toolchain/bin/../lib/gcc/avr/5.4.0/../../../../avr/lib/avr5\libm.a(mulsf3x.o)
 .data          0x00000000        0x0 c:/program files (x86)/atmel/studio/7.0/toolchain/avr8/avr8-gnu-toolchain/bin/../lib/gcc/avr/5.4.0/../../../../avr/lib/avr5\libm.a(mulsf3x.o)
 .bss           0x00000000        0x0 c:/program files (x86)/atmel/studio/7.0/toolchain/avr8/avr8-gnu-toolchain/bin/../lib/gcc/avr/5.4.0/../../../../avr/lib/avr5\libm.a(mulsf3x.o)
 .text          0x00000000        0x0 c:/program files (x86)/atmel/studio/7.0/toolchain/avr8/avr8-gnu-toolchain/bin/../lib/gcc/avr/5.4.0/../../../../avr/lib/avr5\libm.a(pow.o)
 .data          0x00000000        0x0 c:/program files (x86)/atmel/studio/7.0/toolchain/avr8/avr8-gnu-toolchain/bin/../lib/gcc/avr/5.4.0/../../../../avr/lib/avr5\libm.a(pow.o)
 .bss           0x00000000        0x0 c:/program files (x86)/atmel/studio/7.0/toolchain/avr8/avr8-gnu-toolchain/bin/../lib/gcc/avr/5.4.0/../../../../avr/lib/avr5\libm.a(pow.o)
 .text          0x00000000        0x0 c:/program files (x86)/atmel/studio/7.0/toolchain/avr8/avr8-gnu-toolchain/bin/../lib/gcc/avr/5.4.0/../../../../avr/lib/avr5\libm.a(exp.o)
 .data          0x00000000        0x0 c:/program files (x86)/atmel/studio/7.0/toolchain/avr8/avr8-gnu-toolchain/bin/../lib/gcc/avr/5.4.0/../../../../avr/lib/avr5\libm.a(exp.o)
 .bss           0x00000000        0x0 c:/program files (x86)/atmel/studio/7.0/toolchain/avr8/avr8-gnu-toolchain/bin/../lib/gcc/avr/5.4.0/../../../../avr/lib/avr5\libm.a(exp.o)
 .text          0x00000000        0x0 c:/program files (x86)/atmel/studio/7.0/toolchain/avr8/avr8-gnu-toolchain/bin/../lib/gcc/avr/5.4.0/../../../../avr/lib/avr5\libm.a(fp_mpack.o)
 .data          0x00000000        0x0 c:/program files (x86)/atmel/studio/7.0/toolchain/avr8/avr8-gnu-toolchain/bin/../lib/gcc/avr/5.4.0/../../../../avr/lib/avr5\libm.a(fp_mpack.o)
 .bss           0x00000000        0x0 c:/program files (x86)/atmel/studio/7.0/toolchain/avr8/avr8-gnu-toolchain/bin/../lib/gcc/avr/5.4.0/../../../../avr/lib/avr5\libm.a(fp_mpack.o)
 .text          0x00000000        0x0 c:/program files (x86)/atmel/studio/7.0/toolchain/avr8/avr8-gnu-toolchain/bin/../lib/gcc/avr/5.4.0/../../../../avr/lib/avr5\libm.a(fp_powser.o)
 .data          0x00000000        0x0 c:/program files (x86)/atmel/studio/7.0/toolchain/avr8/avr8-gnu-toolchain/bin/../lib/gcc/avr/5.4.0/../../../../avr/lib/avr5\libm.a(fp_powser.o)
 .bss           0x00000000        0x0 c:/program files (x86)/atmel/studio/7.0/toolchain/avr8/avr8-gnu-toolchain/bin/../lib/gcc/avr/5.4.0/../../../../avr/lib/avr5\libm.a(fp_powser.o)
 .text          0x00000000        0x0 c:/program files (x86)/atmel/studio/7.0/toolchain/avr8/avr8-gnu-toolchain/bin/../lib/gcc/avr/5.4.0/../../../../avr/lib/avr5\libm.a(inverse.o)
 .data          0x00000000        0x0 c:/program files (x86)/atmel/studio/7.0/toolchain/avr8/avr8-gnu-toolchain/bin/../lib/gcc/avr/5.4.0/../../../../avr/lib/avr5\libm.a(inverse.o)
 .bss           0x00000000        0x0 c:/program files (x86)/atmel/studio/7.0/toolchain/avr8/avr8-gnu-toolchain/bin/../lib/gcc/avr/5.4.0/../../../../avr/lib/avr5\libm.a(inverse.o)
 .text          0x00000000        0x0 c:/program files (x86)/atmel/studio/7.0/toolchain/avr8/avr8-gnu-toolchain/bin/../lib/gcc/avr/5.4.0/../../../../avr/lib/avr5\libm.a(ldexp.o)
 .data          0x00000000        0x0 c:/program files (x86)/atmel/studio/7.0/toolchain/avr8/avr8-gnu-toolchain/bin/../lib/gcc/avr/5.4.0/../../../../avr/lib/avr5\libm.a(ldexp.o)
 .bss           0x00000000        0x0 c:/program files (x86)/atmel/studio/7.0/toolchain/avr8/avr8-gnu-toolchain/bin/../lib/gcc/avr/5.4.0/../../../../avr/lib/avr5\libm.a(ldexp.o)
 .text          0x00000000        0x0 c:/program files (x86)/atmel/studio/7.0/toolchain/avr8/avr8-gnu-toolchain/bin/../lib/gcc/avr/5.4.0/../../../../avr/lib/avr5\libm.a(modf.o)
 .data          0x00000000        0x0 c:/program files (x86)/atmel/studio/7.0/toolchain/avr8/avr8-gnu-toolchain/bin/../lib/gcc/avr/5.4.0/../../../../avr/lib/avr5\libm.a(modf.o)
 .bss           0x00000000        0x0 c:/program files (x86)/atmel/studio/7.0/toolchain/avr8/avr8-gnu-toolchain/bin/../lib/gcc/avr/5.4.0/../../../../avr/lib/avr5\libm.a(modf.o)
 .text          0x00000000        0x0 c:/program files (x86)/atmel/studio/7.0/toolchain/avr8/avr8-gnu-toolchain/bin/../lib/gcc/avr/5.4.0/avr5\libgcc.a(_exit.o)
 .data          0x00000000        0x0 c:/program files (x86)/atmel/studio/7.0/toolchain/avr8/avr8-gnu-toolchain/bin/../lib/gcc/avr/5.4.0/avr5\libgcc.a(_exit.o)
 .bss           0x00000000        0x0 c:/program files (x86)/atmel/studio/7.0/toolchain/avr8/avr8-gnu-toolchain/bin/../lib/gcc/avr/5.4.0/avr5\libgcc.a(_exit.o)
 .text.libgcc.mul
                0x00000000        0x0 c:/program files (x86)/atmel/studio/7.0/toolchain/avr8/avr8-gnu-toolchain/bin/../lib/gcc/avr/5.4.0/avr5\libgcc.a(_exit.o)
 .text.libgcc.div
                0x00000000        0x0 c:/program files (x86)/atmel/studio/7.0/toolchain/avr8/avr8-gnu-toolchain/bin/../lib/gcc/avr/5.4.0/avr5\libgcc.a(_exit.o)
 .text.libgcc   0x00000000        0x0 c:/program files (x86)/atmel/studio/7.0/toolchain/avr8/avr8-gnu-toolchain/bin/../lib/gcc/avr/5.4.0/avr5\libgcc.a(_exit.o)
 .text.libgcc.prologue
                0x00000000        0x0 c:/program files (x86)/atmel/studio/7.0/toolchain/avr8/avr8-gnu-toolchain/bin/../lib/gcc/avr/5.4.0/avr5\libgcc.a(_exit.o)
 .text.libgcc.builtins
                0x00000000        0x0 c:/program files (x86)/atmel/studio/7.0/toolchain/avr8/avr8-gnu-toolchain/bin/../lib/gcc/avr/5.4.0/avr5\libgcc.a(_exit.o)
 .text.libgcc.fmul
                0x00000000        0x0 c:/program files (x86)/atmel/studio/7.0/toolchain/avr8/avr8-gnu-toolchain/bin/../lib/gcc/avr/5.4.0/avr5\libgcc.a(_exit.o)
 .text.libgcc.fixed
                0x00000000        0x0 c:/program files (x86)/atmel/studio/7.0/toolchain/avr8/avr8-gnu-toolchain/bin/../lib/gcc/avr/5.4.0/avr5\libgcc.a(_exit.o)
 .text          0x00000000        0x0 c:/program files (x86)/atmel/studio/7.0/toolchain/avr8/avr8-gnu-toolchain/bin/../lib/gcc/avr/5.4.0/avr5\libgcc.a(_copy_data.o)
 .data          0x00000000        0x0 c:/program files (x86)/atmel/studio/7.0/toolchain/avr8/avr8-gnu-toolchain/bin/../lib/gcc/avr/5.4.0/avr5\libgcc.a(_copy_data.o)
 .bss           0x00000000        0x0 c:/program files (x86)/atmel/studio/7.0/toolchain/avr8/avr8-gnu-toolchain/bin/../lib/gcc/avr/5.4.0/avr5\libgcc.a(_copy_data.o)
 .text.libgcc.mul
                0x00000000        0x0 c:/program files (x86)/atmel/studio/7.0/toolchain/avr8/avr8-gnu-toolchain/bin/../lib/gcc/avr/5.4.0/avr5\libgcc.a(_copy_data.o)
 .text.libgcc.div
                0x00000000        0x0 c:/program files (x86)/atmel/studio/7.0/toolchain/avr8/avr8-gnu-toolchain/bin/../lib/gcc/avr/5.4.0/avr5\libgcc.a(_copy_data.o)
 .text.libgcc   0x00000000        0x0 c:/program files (x86)/atmel/studio/7.0/toolchain/avr8/avr8-gnu-toolchain/bin/../lib/gcc/avr/5.4.0/avr5\libgcc.a(_copy_data.o)
 .text.libgcc.prologue
                0x00000000        0x0 c:/program files (x86)/atmel/studio/7.0/toolchain/avr8/avr8-gnu-toolchain/bin/../lib/gcc/avr/5.4.0/avr5\libgcc.a(_copy_data.o)
 .text.libgcc.builtins
                0x00000000        0x0 c:/program files (x86)/atmel/studio/7.0/toolchain/avr8/avr8-gnu-toolchain/bin/../lib/gcc/avr/5.4.0/avr5\libgcc.a(_copy_data.o)
 .text.libgcc.fmul
                0x00000000        0x0 c:/program files (x86)/atmel/studio/7.0/toolchain/avr8/avr8-gnu-toolchain/bin/../lib/gcc/avr/5.4.0/avr5\libgcc.a(_copy_data.o)
 .text.libgcc.fixed
                0x00000000        0x0 c:/program files (x86)/atmel/studio/7.0/toolchain/avr8/avr8-gnu-toolchain/bin/../lib/gcc/avr/5.4.0/avr5\libgcc.a(_copy_data.o)
 .text          0x00000000        0x0 c:/program files (x86)/atmel/studio/7.0/toolchain/avr8/avr8-gnu-toolchain/bin/../lib/gcc/avr/5.4.0/avr5\libgcc.a(_clear_bss.o)
 .data          0x00000000        0x0 c:/program files (x86)/atmel/studio/7.0/toolchain/avr8/avr8-gnu-toolchain/bin/../lib/gcc/avr/5.4.0/avr5\libgcc.a(_clear_bss.o)
 .bss           0x00000000        0x0 c:/program files (x86)/atmel/studio/7.0/toolchain/avr8/avr8-gnu-toolchain/bin/../lib/gcc/avr/5.4.0/avr5\libgcc.a(_clear_bss.o)
 .text.libgcc.mul
                0x00000000        0x0 c:/program files (x86)/atmel/studio/7.0/toolchain/avr8/avr8-gnu-toolchain/bin/../lib/gcc/avr/5.4.0/avr5\libgcc.a(_clear_bss.o)
 .text.libgcc.div
                0x00000000        0x0 c:/program files (x86)/atmel/studio/7.0/toolchain/avr8/avr8-gnu-toolchain/bin/../lib/gcc/avr/5.4.0/avr5\libgcc.a(_clear_bss.o)
 .text.libgcc   0x00000000        0x0 c:/program files (x86)/atmel/studio/7.0/toolchain/avr8/avr8-gnu-toolchain/bin/../lib/gcc/avr/5.4.0/avr5\libgcc.a(_clear_bss.o)
 .text.libgcc.prologue
                0x00000000        0x0 c:/program files (x86)/atmel/studio/7.0/toolchain/avr8/avr8-gnu-toolchain/bin/../lib/gcc/avr/5.4.0/avr5\libgcc.a(_clear_bss.o)
 .text.libgcc.builtins
                0x00000000        0x0 c:/program files (x86)/atmel/studio/7.0/toolchain/avr8/avr8-gnu-toolchain/bin/../lib/gcc/avr/5.4.0/avr5\libgcc.a(_clear_bss.o)
 .text.libgcc.fmul
                0x00000000        0x0 c:/program files (x86)/atmel/studio/7.0/toolchain/avr8/avr8-gnu-toolchain/bin/../lib/gcc/avr/5.4.0/avr5\libgcc.a(_clear_bss.o)
 .text.libgcc.fixed
                0x00000000        0x0 c:/program files (x86)/atmel/studio/7.0/toolchain/avr8/avr8-gnu-toolchain/bin/../lib/gcc/avr/5.4.0/avr5\libgcc.a(_clear_bss.o)
 .text          0x00000000        0x0 c:/program files (x86)/atmel/studio/7.0/toolchain/avr8/avr8-gnu-toolchain/bin/../lib/gcc/avr/5.4.0/avr5\libgcc.a(_umulhisi3.o)
 .data          0x00000000        0x0 c:/program files (x86)/atmel/studio/7.0/toolchain/avr8/avr8-gnu-toolchain/bin/../lib/gcc/avr/5.4.0/avr5\libgcc.a(_umulhisi3.o)
 .bss           0x00000000        0x0 c:/program files (x86)/atmel/studio/7.0/toolchain/avr8/avr8-gnu-toolchain/bin/../lib/gcc/avr/5.4.0/avr5\libgcc.a(_umulhisi3.o)
 .text.libgcc.div
                0x00000000        0x0 c:/program files (x86)/atmel/studio/7.0/toolchain/avr8/avr8-gnu-toolchain/bin/../lib/gcc/avr/5.4.0/avr5\libgcc.a(_umulhisi3.o)
 .text.libgcc   0x00000000        0x0 c:/program files (x86)/atmel/studio/7.0/toolchain/avr8/avr8-gnu-toolchain/bin/../lib/gcc/avr/5.4.0/avr5\libgcc.a(_umulhisi3.o)
 .text.libgcc.prologue
                0x00000000        0x0 c:/program files (x86)/atmel/studio/7.0/toolchain/avr8/avr8-gnu-toolchain/bin/../lib/gcc/avr/5.4.0/avr5\libgcc.a(_umulhisi3.o)
 .text.libgcc.builtins
                0x00000000        0x0 c:/program files (x86)/atmel/studio/7.0/toolchain/avr8/avr8-gnu-toolchain/bin/../lib/gcc/avr/5.4.0/avr5\libgcc.a(_umulhisi3.o)
 .text.libgcc.fmul
                0x00000000        0x0 c:/program files (x86)/atmel/studio/7.0/toolchain/avr8/avr8-gnu-toolchain/bin/../lib/gcc/avr/5.4.0/avr5\libgcc.a(_umulhisi3.o)
 .text.libgcc.fixed
                0x00000000        0x0 c:/program files (x86)/atmel/studio/7.0/toolchain/avr8/avr8-gnu-toolchain/bin/../lib/gcc/avr/5.4.0/avr5\libgcc.a(_umulhisi3.o)
 .text          0x00000000        0x0 c:/program files (x86)/atmel/studio/7.0/toolchain/avr8/avr8-gnu-toolchain/bin/../lib/gcc/avr/5.4.0/../../../../avr/lib/avr5\libc.a(dtostrf.o)
 .data          0x00000000        0x0 c:/program files (x86)/atmel/studio/7.0/toolchain/avr8/avr8-gnu-toolchain/bin/../lib/gcc/avr/5.4.0/../../../../avr/lib/avr5\libc.a(dtostrf.o)
 .bss           0x00000000        0x0 c:/program files (x86)/atmel/studio/7.0/toolchain/avr8/avr8-gnu-toolchain/bin/../lib/gcc/avr/5.4.0/../../../../avr/lib/avr5\libc.a(dtostrf.o)
 .text          0x00000000        0x0 c:/program files (x86)/atmel/studio/7.0/toolchain/avr8/avr8-gnu-toolchain/bin/../lib/gcc/avr/5.4.0/../../../../avr/lib/avr5\libc.a(memcpy.o)
 .data          0x00000000        0x0 c:/program files (x86)/atmel/studio/7.0/toolchain/avr8/avr8-gnu-toolchain/bin/../lib/gcc/avr/5.4.0/../../../../avr/lib/avr5\libc.a(memcpy.o)
 .bss           0x00000000        0x0 c:/program files (x86)/atmel/studio/7.0/toolchain/avr8/avr8-gnu-toolchain/bin/../lib/gcc/avr/5.4.0/../../../../avr/lib/avr5\libc.a(memcpy.o)
 .text.avr-libc
                0x00000000       0x12 c:/program files (x86)/atmel/studio/7.0/toolchain/avr8/avr8-gnu-toolchain/bin/../lib/gcc/avr/5.4.0/../../../../avr/lib/avr5\libc.a(memcpy.o)
 .text          0x00000000        0x0 c:/program files (x86)/atmel/studio/7.0/toolchain/avr8/avr8-gnu-toolchain/bin/../lib/gcc/avr/5.4.0/../../../../avr/lib/avr5\libc.a(memset.o)
 .data          0x00000000        0x0 c:/program files (x86)/atmel/studio/7.0/toolchain/avr8/avr8-gnu-toolchain/bin/../lib/gcc/avr/5.4.0/../../../../avr/lib/avr5\libc.a(memset.o)
 .bss           0x00000000        0x0 c:/program files (x86)/atmel/studio/7.0/toolchain/avr8/avr8-gnu-toolchain/bin/../lib/gcc/avr/5.4.0/../../../../avr/lib/avr5\libc.a(memset.o)
 .text          0x00000000        0x0 c:/program files (x86)/atmel/studio/7.0/toolchain/avr8/avr8-gnu-toolchain/bin/../lib/gcc/avr/5.4.0/../../../../avr/lib/avr5\libc.a(itoa.o)
 .data          0x00000000        0x0 c:/program files (x86)/atmel/studio/7.0/toolchain/avr8/avr8-gnu-toolchain/bin/../lib/gcc/avr/5.4.0/../../../../avr/lib/avr5\libc.a(itoa.o)
 .bss           0x00000000        0x0 c:/program files (x86)/atmel/studio/7.0/toolchain/avr8/avr8-gnu-toolchain/bin/../lib/gcc/avr/5.4.0/../../../../avr/lib/avr5\libc.a(itoa.o)
 .text          0x00000000        0x0 c:/program files (x86)/atmel/studio/7.0/toolchain/avr8/avr8-gnu-toolchain/bin/../lib/gcc/avr/5.4.0/../../../../avr/lib/avr5\libc.a(itoa_ncheck.o)
 .data          0x00000000        0x0 c:/program files (x86)/atmel/studio/7.0/toolchain/avr8/avr8-gnu-toolchain/bin/../lib/gcc/avr/5.4.0/../../../../avr/lib/avr5\libc.a(itoa_ncheck.o)
 .bss           0x00000000        0x0 c:/program files (x86)/atmel/studio/7.0/toolchain/avr8/avr8-gnu-toolchain/bin/../lib/gcc/avr/5.4.0/../../../../avr/lib/avr5\libc.a(itoa_ncheck.o)
 .text          0x00000000        0x0 c:/program files (x86)/atmel/studio/7.0/toolchain/avr8/avr8-gnu-toolchain/bin/../lib/gcc/avr/5.4.0/../../../../avr/lib/avr5\libc.a(utoa_ncheck.o)
 .data          0x00000000        0x0 c:/program files (x86)/atmel/studio/7.0/toolchain/avr8/avr8-gnu-toolchain/bin/../lib/gcc/avr/5.4.0/../../../../avr/lib/avr5\libc.a(utoa_ncheck.o)
 .bss           0x00000000        0x0 c:/program files (x86)/atmel/studio/7.0/toolchain/avr8/avr8-gnu-toolchain/bin/../lib/gcc/avr/5.4.0/../../../../avr/lib/avr5\libc.a(utoa_ncheck.o)
 .text          0x00000000        0x0 c:/program files (x86)/atmel/studio/7.0/toolchain/avr8/avr8-gnu-toolchain/bin/../lib/gcc/avr/5.4.0/../../../../avr/lib/avr5\libc.a(dtoa_prf.o)
 .data          0x00000000        0x0 c:/program files (x86)/atmel/studio/7.0/toolchain/avr8/avr8-gnu-toolchain/bin/../lib/gcc/avr/5.4.0/../../../../avr/lib/avr5\libc.a(dtoa_prf.o)
 .bss           0x00000000        0x0 c:/program files (x86)/atmel/studio/7.0/toolchain/avr8/avr8-gnu-toolchain/bin/../lib/gcc/avr/5.4.0/../../../../avr/lib/avr5\libc.a(dtoa_prf.o)
 .text          0x00000000        0x0 c:/program files (x86)/atmel/studio/7.0/toolchain/avr8/avr8-gnu-toolchain/bin/../lib/gcc/avr/5.4.0/../../../../avr/lib/avr5\libc.a(ftoa_engine.o)
 .data          0x00000000        0x0 c:/program files (x86)/atmel/studio/7.0/toolchain/avr8/avr8-gnu-toolchain/bin/../lib/gcc/avr/5.4.0/../../../../avr/lib/avr5\libc.a(ftoa_engine.o)
 .bss           0x00000000        0x0 c:/program files (x86)/atmel/studio/7.0/toolchain/avr8/avr8-gnu-toolchain/bin/../lib/gcc/avr/5.4.0/../../../../avr/lib/avr5\libc.a(ftoa_engine.o)
 .text          0x00000000        0x0 c:/program files (x86)/atmel/studio/7.0/toolchain/avr8/avr8-gnu-toolchain/bin/../lib/gcc/avr/5.4.0/../../../../avr/lib/avr5\libc.a(strrev.o)
 .data          0x00000000        0x0 c:/program files (x86)/atmel/studio/7.0/toolchain/avr8/avr8-gnu-toolchain/bin/../lib/gcc/avr/5.4.0/../../../../avr/lib/avr5\libc.a(strrev.o)
 .bss           0x00000000        0x0 c:/program files (x86)/atmel/studio/7.0/toolchain/avr8/avr8-gnu-toolchain/bin/../lib/gcc/avr/5.4.0/../../../../avr/lib/avr5\libc.a(strrev.o)
 .text          0x00000000        0x0 c:/program files (x86)/atmel/studio/7.0/toolchain/avr8/avr8-gnu-toolchain/bin/../lib/gcc/avr/5.4.0/avr5\libgcc.a(_prologue.o)
 .data          0x00000000        0x0 c:/program files (x86)/atmel/studio/7.0/toolchain/avr8/avr8-gnu-toolchain/bin/../lib/gcc/avr/5.4.0/avr5\libgcc.a(_prologue.o)
 .bss           0x00000000        0x0 c:/program files (x86)/atmel/studio/7.0/toolchain/avr8/avr8-gnu-toolchain/bin/../lib/gcc/avr/5.4.0/avr5\libgcc.a(_prologue.o)
 .text.libgcc.mul
                0x00000000        0x0 c:/program files (x86)/atmel/studio/7.0/toolchain/avr8/avr8-gnu-toolchain/bin/../lib/gcc/avr/5.4.0/avr5\libgcc.a(_prologue.o)
 .text.libgcc.div
                0x00000000        0x0 c:/program files (x86)/atmel/studio/7.0/toolchain/avr8/avr8-gnu-toolchain/bin/../lib/gcc/avr/5.4.0/avr5\libgcc.a(_prologue.o)
 .text.libgcc   0x00000000        0x0 c:/program files (x86)/atmel/studio/7.0/toolchain/avr8/avr8-gnu-toolchain/bin/../lib/gcc/avr/5.4.0/avr5\libgcc.a(_prologue.o)
 .text.libgcc.builtins
                0x00000000        0x0 c:/program files (x86)/atmel/studio/7.0/toolchain/avr8/avr8-gnu-toolchain/bin/../lib/gcc/avr/5.4.0/avr5\libgcc.a(_prologue.o)
 .text.libgcc.fmul
                0x00000000        0x0 c:/program files (x86)/atmel/studio/7.0/toolchain/avr8/avr8-gnu-toolchain/bin/../lib/gcc/avr/5.4.0/avr5\libgcc.a(_prologue.o)
 .text.libgcc.fixed
                0x00000000        0x0 c:/program files (x86)/atmel/studio/7.0/toolchain/avr8/avr8-gnu-toolchain/bin/../lib/gcc/avr/5.4.0/avr5\libgcc.a(_prologue.o)
 .text          0x00000000        0x0 c:/program files (x86)/atmel/studio/7.0/toolchain/avr8/avr8-gnu-toolchain/bin/../lib/gcc/avr/5.4.0/avr5\libgcc.a(_epilogue.o)
 .data          0x00000000        0x0 c:/program files (x86)/atmel/studio/7.0/toolchain/avr8/avr8-gnu-toolchain/bin/../lib/gcc/avr/5.4.0/avr5\libgcc.a(_epilogue.o)
 .bss           0x00000000        0x0 c:/program files (x86)/atmel/studio/7.0/toolchain/avr8/avr8-gnu-toolchain/bin/../lib/gcc/avr/5.4.0/avr5\libgcc.a(_epilogue.o)
 .text.libgcc.mul
                0x00000000        0x0 c:/program files (x86)/atmel/studio/7.0/toolchain/avr8/avr8-gnu-toolchain/bin/../lib/gcc/avr/5.4.0/avr5\libgcc.a(_epilogue.o)
 .text.libgcc.div
                0x00000000        0x0 c:/program files (x86)/atmel/studio/7.0/toolchain/avr8/avr8-gnu-toolchain/bin/../lib/gcc/avr/5.4.0/avr5\libgcc.a(_epilogue.o)
 .text.libgcc   0x00000000        0x0 c:/program files (x86)/atmel/studio/7.0/toolchain/avr8/avr8-gnu-toolchain/bin/../lib/gcc/avr/5.4.0/avr5\libgcc.a(_epilogue.o)
 .text.libgcc.builtins
                0x00000000        0x0 c:/program files (x86)/atmel/studio/7.0/toolchain/avr8/avr8-gnu-toolchain/bin/../lib/gcc/avr/5.4.0/avr5\libgcc.a(_epilogue.o)
 .text.libgcc.fmul
                0x00000000        0x0 c:/program files (x86)/atmel/studio/7.0/toolchain/avr8/avr8-gnu-toolchain/bin/../lib/gcc/avr/5.4.0/avr5\libgcc.a(_epilogue.o)
 .text.libgcc.fixed
                0x00000000        0x0 c:/program files (x86)/atmel/studio/7.0/toolchain/avr8/avr8-gnu-toolchain/bin/../lib/gcc/avr/5.4.0/avr5\libgcc.a(_epilogue.o)

Memory Configuration

Name             Origin             Length             Attributes
text             0x00000000         0x00008000         xr
data             0x00800060         0x00000800         rw !x
eeprom           0x00810000         0x00000400         rw !x
fuse             0x00820000         0x00000002         rw !x
lock             0x00830000         0x00000400         rw !x
signature        0x00840000         0x00000400         rw !x
user_signatures  0x00850000         0x00000400         rw !x
*default*        0x00000000         0xffffffff

Linker script and memory map

LOAD C:/Program Files (x86)/Atmel/Studio/7.0/Packs/Atmel/ATmega_DFP/1.7.374/gcc/dev/atmega32a/avr5/crtatmega32a.o
LOAD HAL/dc_motor.o
LOAD HAL/lcd.o
LOAD HAL/lm35_sensor.o
LOAD HAL/mq2_sensor.o
LOAD main.o
LOAD MCAL/adc.o
LOAD MCAL/gpio.o
LOAD MCAL/pwm_timer0.o
LOAD ThirdParty/FreeRTOS/Portable/croutine.o
LOAD ThirdParty/FreeRTOS/Portable/event_groups.o
LOAD ThirdParty/FreeRTOS/Portable/GCC/ATMega323/port.o
LOAD ThirdParty/FreeRTOS/Portable/list.o
LOAD ThirdParty/FreeRTOS/Portable/MemMang/heap_4.o
LOAD ThirdParty/FreeRTOS/Portable/queue.o
LOAD ThirdParty/FreeRTOS/Portable/tasks.o
LOAD ThirdParty/FreeRTOS/Portable/timers.o
START GROUP
LOAD c:/program files (x86)/atmel/studio/7.0/toolchain/avr8/avr8-gnu-toolchain/bin/../lib/gcc/avr/5.4.0/../../../../avr/lib/avr5\libm.a
END GROUP
START GROUP
LOAD c:/program files (x86)/atmel/studio/7.0/toolchain/avr8/avr8-gnu-toolchain/bin/../lib/gcc/avr/5.4.0/avr5\libgcc.a
LOAD c:/program files (x86)/atmel/studio/7.0/toolchain/avr8/avr8-gnu-toolchain/bin/../lib/gcc/avr/5.4.0/../../../../avr/lib/avr5\libm.a
LOAD c:/program files (x86)/atmel/studio/7.0/toolchain/avr8/avr8-gnu-toolchain/bin/../lib/gcc/avr/5.4.0/../../../../avr/lib/avr5\libc.a
LOAD C:/Program Files (x86)/Atmel/Studio/7.0/Packs/Atmel/ATmega_DFP/1.7.374/gcc/dev/atmega32a/avr5\libatmega32a.a
END GROUP
                [0x00000000]                __TEXT_REGION_ORIGIN__ = DEFINED (__TEXT_REGION_ORIGIN__)?__TEXT_REGION_ORIGIN__:0x0
                [0x00800060]                __DATA_REGION_ORIGIN__ = DEFINED (__DATA_REGION_ORIGIN__)?__DATA_REGION_ORIGIN__:0x800060
                [0x00008000]                __TEXT_REGION_LENGTH__ = DEFINED (__TEXT_REGION_LENGTH__)?__TEXT_REGION_LENGTH__:0x20000
                [0x00000800]                __DATA_REGION_LENGTH__ = DEFINED (__DATA_REGION_LENGTH__)?__DATA_REGION_LENGTH__:0xffa0
                [0x00000400]                __EEPROM_REGION_LENGTH__ = DEFINED (__EEPROM_REGION_LENGTH__)?__EEPROM_REGION_LENGTH__:0x10000
                [0x00000002]                __FUSE_REGION_LENGTH__ = DEFINED (__FUSE_REGION_LENGTH__)?__FUSE_REGION_LENGTH__:0x400
                0x00000400                __LOCK_REGION_LENGTH__ = DEFINED (__LOCK_REGION_LENGTH__)?__LOCK_REGION_LENGTH__:0x400
                0x00000400                __SIGNATURE_REGION_LENGTH__ = DEFINED (__SIGNATURE_REGION_LENGTH__)?__SIGNATURE_REGION_LENGTH__:0x400
                0x00000400                __USER_SIGNATURE_REGION_LENGTH__ = DEFINED (__USER_SIGNATURE_REGION_LENGTH__)?__USER_SIGNATURE_REGION_LENGTH__:0x400

.hash
 *(.hash)

.dynsym
 *(.dynsym)

.dynstr
 *(.dynstr)

.gnu.version
 *(.gnu.version)

.gnu.version_d
 *(.gnu.version_d)

.gnu.version_r
 *(.gnu.version_r)

.rel.init
 *(.rel.init)

.rela.init
 *(.rela.init)

.rel.text
 *(.rel.text)
 *(.rel.text.*)
 *(.rel.gnu.linkonce.t*)

.rela.text
 *(.rela.text)
 *(.rela.text.*)
 *(.rela.gnu.linkonce.t*)

.rel.fini
 *(.rel.fini)

.rela.fini
 *(.rela.fini)

.rel.rodata
 *(.rel.rodata)
 *(.rel.rodata.*)
 *(.rel.gnu.linkonce.r*)

.rela.rodata
 *(.rela.rodata)
 *(.rela.rodata.*)
 *(.rela.gnu.linkonce.r*)

.rel.data
 *(.rel.data)
 *(.rel.data.*)
 *(.rel.gnu.linkonce.d*)

.rela.data
 *(.rela.data)
 *(.rela.data.*)
 *(.rela.gnu.linkonce.d*)

.rel.ctors
 *(.rel.ctors)

.rela.ctors
 *(.rela.ctors)

.rel.dtors
 *(.rel.dtors)

.rela.dtors
 *(.rela.dtors)

.rel.got
 *(.rel.got)

.rela.got
 *(.rela.got)

.rel.bss
 *(.rel.bss)

.rela.bss
 *(.rela.bss)

.rel.plt
 *(.rel.plt)

.rela.plt
 *(.rela.plt)

.text           0x00000000     0x275e
 *(.vectors)
 .vectors       0x00000000       0x54 C:/Program Files (x86)/Atmel/Studio/7.0/Packs/Atmel/ATmega_DFP/1.7.374/gcc/dev/atmega32a/avr5/crtatmega32a.o
                0x00000000                __vector_default
                0x00000000                __vectors
 *(.vectors)
 *(.progmem.gcc*)
 .progmem.gcc_fplib
                0x00000054       0x5a c:/program files (x86)/atmel/studio/7.0/toolchain/avr8/avr8-gnu-toolchain/bin/../lib/gcc/avr/5.4.0/../../../../avr/lib/avr5\libm.a(log.o)
 .progmem.gcc_fplib
                0x000000ae       0x28 c:/program files (x86)/atmel/studio/7.0/toolchain/avr8/avr8-gnu-toolchain/bin/../lib/gcc/avr/5.4.0/../../../../avr/lib/avr5\libm.a(exp.o)
                0x000000d6                . = ALIGN (0x2)
                0x000000d6                __trampolines_start = .
 *(.trampolines)
 .trampolines   0x000000d6        0x0 linker stubs
 *(.trampolines*)
                0x000000d6                __trampolines_end = .
 *libprintf_flt.a:*(.progmem.data)
 *libc.a:*(.progmem.data)
 .progmem.data  0x000000d6       0xfa c:/program files (x86)/atmel/studio/7.0/toolchain/avr8/avr8-gnu-toolchain/bin/../lib/gcc/avr/5.4.0/../../../../avr/lib/avr5\libc.a(ftoa_engine.o)
 *(.progmem*)
                0x000001d0                . = ALIGN (0x2)
 *(.jumptables)
 *(.jumptables*)
 *(.lowtext)
 *(.lowtext*)
                0x000001d0                __ctors_start = .
 *(.ctors)
                0x000001d0                __ctors_end = .
                0x000001d0                __dtors_start = .
 *(.dtors)
                0x000001d0                __dtors_end = .
 SORT(*)(.ctors)
 SORT(*)(.dtors)
 *(.init0)
 .init0         0x000001d0        0x0 C:/Program Files (x86)/Atmel/Studio/7.0/Packs/Atmel/ATmega_DFP/1.7.374/gcc/dev/atmega32a/avr5/crtatmega32a.o
                0x000001d0                __init
 *(.init0)
 *(.init1)
 *(.init1)
 *(.init2)
 .init2         0x000001d0        0xc C:/Program Files (x86)/Atmel/Studio/7.0/Packs/Atmel/ATmega_DFP/1.7.374/gcc/dev/atmega32a/avr5/crtatmega32a.o
 *(.init2)
 *(.init3)
 *(.init3)
 *(.init4)
 .init4         0x000001dc       0x16 c:/program files (x86)/atmel/studio/7.0/toolchain/avr8/avr8-gnu-toolchain/bin/../lib/gcc/avr/5.4.0/avr5\libgcc.a(_copy_data.o)
                0x000001dc                __do_copy_data
 .init4         0x000001f2       0x10 c:/program files (x86)/atmel/studio/7.0/toolchain/avr8/avr8-gnu-toolchain/bin/../lib/gcc/avr/5.4.0/avr5\libgcc.a(_clear_bss.o)
                0x000001f2                __do_clear_bss
 *(.init4)
 *(.init5)
 *(.init5)
 *(.init6)
 *(.init6)
 *(.init7)
 *(.init7)
 *(.init8)
 *(.init8)
 *(.init9)
 .init9         0x00000202        0x8 C:/Program Files (x86)/Atmel/Studio/7.0/Packs/Atmel/ATmega_DFP/1.7.374/gcc/dev/atmega32a/avr5/crtatmega32a.o
 *(.init9)
 *(.text)
 .text          0x0000020a        0x4 C:/Program Files (x86)/Atmel/Studio/7.0/Packs/Atmel/ATmega_DFP/1.7.374/gcc/dev/atmega32a/avr5/crtatmega32a.o
                0x0000020a                __vector_1
                0x0000020a                __vector_12
                0x0000020a                __bad_interrupt
                0x0000020a                __vector_6
                0x0000020a                __vector_3
                0x0000020a                __vector_11
                0x0000020a                __vector_13
                0x0000020a                __vector_17
                0x0000020a                __vector_19
                0x0000020a                __vector_5
                0x0000020a                __vector_4
                0x0000020a                __vector_2
                0x0000020a                __vector_15
                0x0000020a                __vector_8
                0x0000020a                __vector_14
                0x0000020a                __vector_10
                0x0000020a                __vector_16
                0x0000020a                __vector_18
                0x0000020a                __vector_20
                0x0000020e                . = ALIGN (0x2)
 *(.text.*)
 .text.DcMotor_Init
                0x0000020e       0x2a HAL/dc_motor.o
                0x0000020e                DcMotor_Init
 .text.DcMotor_Rotate
                0x00000238       0x64 HAL/dc_motor.o
                0x00000238                DcMotor_Rotate
 .text.LCD_sendCommand
                0x0000029c       0x5e HAL/lcd.o
                0x0000029c                LCD_sendCommand
 .text.LCD_init
                0x000002fa       0x3c HAL/lcd.o
                0x000002fa                LCD_init
 .text.LCD_displayCharacter
                0x00000336       0x5e HAL/lcd.o
                0x00000336                LCD_displayCharacter
 .text.LCD_displayString
                0x00000394       0x26 HAL/lcd.o
                0x00000394                LCD_displayString
 .text.LCD_moveCursor
                0x000003ba       0x2e HAL/lcd.o
                0x000003ba                LCD_moveCursor
 .text.LCD_displayStringRowColumn
                0x000003e8       0x16 HAL/lcd.o
                0x000003e8                LCD_displayStringRowColumn
 .text.LCD_intgerToString
                0x000003fe       0x3c HAL/lcd.o
                0x000003fe                LCD_intgerToString
 .text.LCD_clearScreen
                0x0000043a        0x8 HAL/lcd.o
                0x0000043a                LCD_clearScreen
 .text.LM35_getTemperature
                0x00000442       0x34 HAL/lm35_sensor.o
                0x00000442                LM35_getTemperature
 .text.ResistanceCalculation
                0x00000476       0x52 HAL/mq2_sensor.o
                0x00000476                ResistanceCalculation
 .text.SensorCalibration
                0x000004c8       0x68 HAL/mq2_sensor.o
                0x000004c8                SensorCalibration
 .text.ReadSensor
                0x00000530       0x5c HAL/mq2_sensor.o
                0x00000530                ReadSensor
 .text.GetPercentage
                0x0000058c       0x58 HAL/mq2_sensor.o
                0x0000058c                GetPercentage
 .text.GetGasPercentage
                0x000005e4       0x26 HAL/mq2_sensor.o
                0x000005e4                GetGasPercentage
 .text.Timer_Init
                0x0000060a       0x14 main.o
                0x0000060a                Timer_Init
 .text.main     0x0000061e       0xfc main.o
                0x0000061e                main
 .text.vLcd_Task
                0x0000071a      0x104 main.o
                0x0000071a                vLcd_Task
 .text.vTemp_Task
                0x0000081e       0x62 main.o
                0x0000081e                vTemp_Task
 .text.vMotor_LED_Task
                0x00000880       0x9a main.o
                0x00000880                vMotor_LED_Task
 .text.vGas_Task
                0x0000091a       0xc4 main.o
                0x0000091a                vGas_Task
 .text.__vector_9
                0x000009de       0x38 main.o
                0x000009de                __vector_9
 .text.ADC_init
                0x00000a16       0x22 MCAL/adc.o
                0x00000a16                ADC_init
 .text.ADC_readChannel
                0x00000a38       0x24 MCAL/adc.o
                0x00000a38                ADC_readChannel
 .text.GPIO_setupPinDirection
                0x00000a5c       0xe6 MCAL/gpio.o
                0x00000a5c                GPIO_setupPinDirection
 .text.GPIO_writePin
                0x00000b42       0xe6 MCAL/gpio.o
                0x00000b42                GPIO_writePin
 .text.GPIO_setupPortDirection
                0x00000c28       0x24 MCAL/gpio.o
                0x00000c28                GPIO_setupPortDirection
 .text.GPIO_writePort
                0x00000c4c       0x24 MCAL/gpio.o
                0x00000c4c                GPIO_writePort
 .text.PWM_Timer0_Start
                0x00000c70       0x3c MCAL/pwm_timer0.o
                0x00000c70                PWM_Timer0_Start
 .text.prvSetupTimerInterrupt
                0x00000cac       0x12 ThirdParty/FreeRTOS/Portable/GCC/ATMega323/port.o
 .text.pxPortInitialiseStack
                0x00000cbe       0xd8 ThirdParty/FreeRTOS/Portable/GCC/ATMega323/port.o
                0x00000cbe                pxPortInitialiseStack
 .text.xPortStartScheduler
                0x00000d96       0x5e ThirdParty/FreeRTOS/Portable/GCC/ATMega323/port.o
                0x00000d96                xPortStartScheduler
 .text.vPortYield
                0x00000df4       0xb2 ThirdParty/FreeRTOS/Portable/GCC/ATMega323/port.o
                0x00000df4                vPortYield
 .text.vPortYieldFromTick
                0x00000ea6       0xb8 ThirdParty/FreeRTOS/Portable/GCC/ATMega323/port.o
                0x00000ea6                vPortYieldFromTick
 .text.__vector_7
                0x00000f5e        0x6 ThirdParty/FreeRTOS/Portable/GCC/ATMega323/port.o
                0x00000f5e                __vector_7
 .text.vListInitialise
                0x00000f64       0x1c ThirdParty/FreeRTOS/Portable/list.o
                0x00000f64                vListInitialise
 .text.vListInitialiseItem
                0x00000f80        0x8 ThirdParty/FreeRTOS/Portable/list.o
                0x00000f80                vListInitialiseItem
 .text.vListInsertEnd
                0x00000f88       0x42 ThirdParty/FreeRTOS/Portable/list.o
                0x00000f88                vListInsertEnd
 .text.vListInsert
                0x00000fca       0x62 ThirdParty/FreeRTOS/Portable/list.o
                0x00000fca                vListInsert
 .text.uxListRemove
                0x0000102c       0x4e ThirdParty/FreeRTOS/Portable/list.o
                0x0000102c                uxListRemove
 .text.prvHeapInit
                0x0000107a       0x52 ThirdParty/FreeRTOS/Portable/MemMang/heap_4.o
 .text.prvInsertBlockIntoFreeList
                0x000010cc       0x94 ThirdParty/FreeRTOS/Portable/MemMang/heap_4.o
 .text.pvPortMalloc
                0x00001160      0x14c ThirdParty/FreeRTOS/Portable/MemMang/heap_4.o
                0x00001160                pvPortMalloc
 .text.vPortFree
                0x000012ac       0x7c ThirdParty/FreeRTOS/Portable/MemMang/heap_4.o
                0x000012ac                vPortFree
 .text.prvResetNextTaskUnblockTime
                0x00001328       0x38 ThirdParty/FreeRTOS/Portable/tasks.o
 .text.prvInitialiseNewTask
                0x00001360      0x114 ThirdParty/FreeRTOS/Portable/tasks.o
 .text.prvIdleTask
                0x00001474        0xe ThirdParty/FreeRTOS/Portable/tasks.o
 .text.prvInitialiseTaskLists
                0x00001482       0x66 ThirdParty/FreeRTOS/Portable/tasks.o
 .text.prvAddNewTaskToReadyList
                0x000014e8       0xba ThirdParty/FreeRTOS/Portable/tasks.o
 .text.prvAddCurrentTaskToDelayedList
                0x000015a2       0xb0 ThirdParty/FreeRTOS/Portable/tasks.o
 .text.xTaskCreate
                0x00001652       0xa8 ThirdParty/FreeRTOS/Portable/tasks.o
                0x00001652                xTaskCreate
 .text.vTaskStartScheduler
                0x000016fa       0x58 ThirdParty/FreeRTOS/Portable/tasks.o
                0x000016fa                vTaskStartScheduler
 .text.vTaskSuspendAll
                0x00001752        0xc ThirdParty/FreeRTOS/Portable/tasks.o
                0x00001752                vTaskSuspendAll
 .text.xTaskGetTickCount
                0x0000175e       0x14 ThirdParty/FreeRTOS/Portable/tasks.o
                0x0000175e                xTaskGetTickCount
 .text.xTaskIncrementTick
                0x00001772      0x14e ThirdParty/FreeRTOS/Portable/tasks.o
                0x00001772                xTaskIncrementTick
 .text.xTaskResumeAll
                0x000018c0       0xec ThirdParty/FreeRTOS/Portable/tasks.o
                0x000018c0                xTaskResumeAll
 .text.vTaskDelay
                0x000019ac       0x2c ThirdParty/FreeRTOS/Portable/tasks.o
                0x000019ac                vTaskDelay
 .text.vTaskSwitchContext
                0x000019d8       0xa8 ThirdParty/FreeRTOS/Portable/tasks.o
                0x000019d8                vTaskSwitchContext
 .text.avr-libc.fplib
                0x00001a80        0xe c:/program files (x86)/atmel/studio/7.0/toolchain/avr8/avr8-gnu-toolchain/bin/../lib/gcc/avr/5.4.0/../../../../avr/lib/avr5\libm.a(addsf3.o)
                0x00001a80                __subsf3
                0x00001a82                __addsf3
 .text.avr-libc.fplib
                0x00001a8e       0xcc c:/program files (x86)/atmel/studio/7.0/toolchain/avr8/avr8-gnu-toolchain/bin/../lib/gcc/avr/5.4.0/../../../../avr/lib/avr5\libm.a(addsf3x.o)
                0x00001ab0                __addsf3x
 .text.avr-libc.fplib
                0x00001b5a        0x8 c:/program files (x86)/atmel/studio/7.0/toolchain/avr8/avr8-gnu-toolchain/bin/../lib/gcc/avr/5.4.0/../../../../avr/lib/avr5\libm.a(divsf3.o)
                0x00001b5a                __divsf3
 .text.avr-libc.fplib
                0x00001b62       0xdc c:/program files (x86)/atmel/studio/7.0/toolchain/avr8/avr8-gnu-toolchain/bin/../lib/gcc/avr/5.4.0/../../../../avr/lib/avr5\libm.a(divsf3x.o)
                0x00001b82                __divsf3x
                0x00001b88                __divsf3_pse
 .text.avr-libc.fplib
                0x00001c3e       0x5e c:/program files (x86)/atmel/studio/7.0/toolchain/avr8/avr8-gnu-toolchain/bin/../lib/gcc/avr/5.4.0/../../../../avr/lib/avr5\libm.a(fixunssfsi.o)
                0x00001c3e                __fixunssfsi
 .text.avr-libc.fplib
                0x00001c9c       0x7a c:/program files (x86)/atmel/studio/7.0/toolchain/avr8/avr8-gnu-toolchain/bin/../lib/gcc/avr/5.4.0/../../../../avr/lib/avr5\libm.a(floatsisf.o)
                0x00001c9c                __floatunsisf
                0x00001ca0                __floatsisf
 .text.avr-libc.fplib
                0x00001d16        0xc c:/program files (x86)/atmel/studio/7.0/toolchain/avr8/avr8-gnu-toolchain/bin/../lib/gcc/avr/5.4.0/../../../../avr/lib/avr5\libm.a(fp_inf.o)
                0x00001d16                __fp_inf
 .text.avr-libc.fplib
                0x00001d22        0x6 c:/program files (x86)/atmel/studio/7.0/toolchain/avr8/avr8-gnu-toolchain/bin/../lib/gcc/avr/5.4.0/../../../../avr/lib/avr5\libm.a(fp_nan.o)
                0x00001d22                __fp_nan
 .text.avr-libc.fplib
                0x00001d28        0xe c:/program files (x86)/atmel/studio/7.0/toolchain/avr8/avr8-gnu-toolchain/bin/../lib/gcc/avr/5.4.0/../../../../avr/lib/avr5\libm.a(fp_pscA.o)
                0x00001d28                __fp_pscA
 .text.avr-libc.fplib
                0x00001d36        0xe c:/program files (x86)/atmel/studio/7.0/toolchain/avr8/avr8-gnu-toolchain/bin/../lib/gcc/avr/5.4.0/../../../../avr/lib/avr5\libm.a(fp_pscB.o)
                0x00001d36                __fp_pscB
 .text.avr-libc.fplib
                0x00001d44       0x22 c:/program files (x86)/atmel/studio/7.0/toolchain/avr8/avr8-gnu-toolchain/bin/../lib/gcc/avr/5.4.0/../../../../avr/lib/avr5\libm.a(fp_round.o)
                0x00001d44                __fp_round
 .text.avr-libc.fplib
                0x00001d66       0x44 c:/program files (x86)/atmel/studio/7.0/toolchain/avr8/avr8-gnu-toolchain/bin/../lib/gcc/avr/5.4.0/../../../../avr/lib/avr5\libm.a(fp_split3.o)
                0x00001d66                __fp_split3
                0x00001d76                __fp_splitA
 .text.avr-libc.fplib
                0x00001daa        0xe c:/program files (x86)/atmel/studio/7.0/toolchain/avr8/avr8-gnu-toolchain/bin/../lib/gcc/avr/5.4.0/../../../../avr/lib/avr5\libm.a(fp_zero.o)
                0x00001daa                __fp_zero
                0x00001dac                __fp_szero
 .text.avr-libc.fplib
                0x00001db8       0xa0 c:/program files (x86)/atmel/studio/7.0/toolchain/avr8/avr8-gnu-toolchain/bin/../lib/gcc/avr/5.4.0/../../../../avr/lib/avr5\libm.a(log.o)
                0x00001dc8                log
 .text.avr-libc.fplib
                0x00001e58        0x8 c:/program files (x86)/atmel/studio/7.0/toolchain/avr8/avr8-gnu-toolchain/bin/../lib/gcc/avr/5.4.0/../../../../avr/lib/avr5\libm.a(mulsf3.o)
                0x00001e58                __mulsf3
 .text.avr-libc.fplib
                0x00001e60       0xd2 c:/program files (x86)/atmel/studio/7.0/toolchain/avr8/avr8-gnu-toolchain/bin/../lib/gcc/avr/5.4.0/../../../../avr/lib/avr5\libm.a(mulsf3x.o)
                0x00001e7e                __mulsf3x
                0x00001e84                __mulsf3_pse
 .text.avr-libc.fplib
                0x00001f32       0xa0 c:/program files (x86)/atmel/studio/7.0/toolchain/avr8/avr8-gnu-toolchain/bin/../lib/gcc/avr/5.4.0/../../../../avr/lib/avr5\libm.a(pow.o)
                0x00001f32                pow
 .text.avr-libc.fplib
                0x00001fd2       0x74 c:/program files (x86)/atmel/studio/7.0/toolchain/avr8/avr8-gnu-toolchain/bin/../lib/gcc/avr/5.4.0/../../../../avr/lib/avr5\libm.a(exp.o)
                0x00001fe2                exp
 .text.avr-libc.fplib
                0x00002046       0x1c c:/program files (x86)/atmel/studio/7.0/toolchain/avr8/avr8-gnu-toolchain/bin/../lib/gcc/avr/5.4.0/../../../../avr/lib/avr5\libm.a(fp_mpack.o)
                0x00002046                __fp_mpack
                0x0000204a                __fp_mpack_finite
 .text.avr-libc.fplib
                0x00002062       0x4e c:/program files (x86)/atmel/studio/7.0/toolchain/avr8/avr8-gnu-toolchain/bin/../lib/gcc/avr/5.4.0/../../../../avr/lib/avr5\libm.a(fp_powser.o)
                0x00002062                __fp_powser
 .text.avr-libc.fplib
                0x000020b0       0x10 c:/program files (x86)/atmel/studio/7.0/toolchain/avr8/avr8-gnu-toolchain/bin/../lib/gcc/avr/5.4.0/../../../../avr/lib/avr5\libm.a(inverse.o)
                0x000020b0                inverse
 .text.avr-libc.fplib
                0x000020c0       0x74 c:/program files (x86)/atmel/studio/7.0/toolchain/avr8/avr8-gnu-toolchain/bin/../lib/gcc/avr/5.4.0/../../../../avr/lib/avr5\libm.a(ldexp.o)
                0x000020c8                ldexp
 .text.avr-libc.fplib
                0x00002134       0x68 c:/program files (x86)/atmel/studio/7.0/toolchain/avr8/avr8-gnu-toolchain/bin/../lib/gcc/avr/5.4.0/../../../../avr/lib/avr5\libm.a(modf.o)
                0x00002134                modf
                0x00002134                modff
 .text.libgcc.mul
                0x0000219c       0x1e c:/program files (x86)/atmel/studio/7.0/toolchain/avr8/avr8-gnu-toolchain/bin/../lib/gcc/avr/5.4.0/avr5\libgcc.a(_umulhisi3.o)
                0x0000219c                __umulhisi3
 .text.avr-libc
                0x000021ba       0x40 c:/program files (x86)/atmel/studio/7.0/toolchain/avr8/avr8-gnu-toolchain/bin/../lib/gcc/avr/5.4.0/../../../../avr/lib/avr5\libc.a(dtostrf.o)
                0x000021ba                dtostrf
 .text.avr-libc
                0x000021fa        0xe c:/program files (x86)/atmel/studio/7.0/toolchain/avr8/avr8-gnu-toolchain/bin/../lib/gcc/avr/5.4.0/../../../../avr/lib/avr5\libc.a(memset.o)
                0x000021fa                memset
 .text.avr-libc
                0x00002208       0x16 c:/program files (x86)/atmel/studio/7.0/toolchain/avr8/avr8-gnu-toolchain/bin/../lib/gcc/avr/5.4.0/../../../../avr/lib/avr5\libc.a(itoa.o)
                0x00002208                __itoa
                0x00002208                itoa
 .text.avr-libc
                0x0000221e       0x16 c:/program files (x86)/atmel/studio/7.0/toolchain/avr8/avr8-gnu-toolchain/bin/../lib/gcc/avr/5.4.0/../../../../avr/lib/avr5\libc.a(itoa_ncheck.o)
                0x0000221e                __itoa_ncheck
 .text.avr-libc
                0x00002234       0x34 c:/program files (x86)/atmel/studio/7.0/toolchain/avr8/avr8-gnu-toolchain/bin/../lib/gcc/avr/5.4.0/../../../../avr/lib/avr5\libc.a(utoa_ncheck.o)
                0x00002234                __utoa_ncheck
                0x00002236                __utoa_common
 .text.avr-libc
                0x00002268      0x2b4 c:/program files (x86)/atmel/studio/7.0/toolchain/avr8/avr8-gnu-toolchain/bin/../lib/gcc/avr/5.4.0/../../../../avr/lib/avr5\libc.a(dtoa_prf.o)
                0x00002268                dtoa_prf
 .text.avr-libc
                0x0000251c      0x1b0 c:/program files (x86)/atmel/studio/7.0/toolchain/avr8/avr8-gnu-toolchain/bin/../lib/gcc/avr/5.4.0/../../../../avr/lib/avr5\libc.a(ftoa_engine.o)
                0x0000251c                __ftoa_engine
 .text.avr-libc
                0x000026cc       0x20 c:/program files (x86)/atmel/studio/7.0/toolchain/avr8/avr8-gnu-toolchain/bin/../lib/gcc/avr/5.4.0/../../../../avr/lib/avr5\libc.a(strrev.o)
                0x000026cc                strrev
 .text.libgcc.prologue
                0x000026ec       0x38 c:/program files (x86)/atmel/studio/7.0/toolchain/avr8/avr8-gnu-toolchain/bin/../lib/gcc/avr/5.4.0/avr5\libgcc.a(_prologue.o)
                0x000026ec                __prologue_saves__
 .text.libgcc.prologue
                0x00002724       0x36 c:/program files (x86)/atmel/studio/7.0/toolchain/avr8/avr8-gnu-toolchain/bin/../lib/gcc/avr/5.4.0/avr5\libgcc.a(_epilogue.o)
                0x00002724                __epilogue_restores__
                0x0000275a                . = ALIGN (0x2)
 *(.fini9)
 .fini9         0x0000275a        0x0 c:/program files (x86)/atmel/studio/7.0/toolchain/avr8/avr8-gnu-toolchain/bin/../lib/gcc/avr/5.4.0/avr5\libgcc.a(_exit.o)
                0x0000275a                _exit
                0x0000275a                exit
 *(.fini9)
 *(.fini8)
 *(.fini8)
 *(.fini7)
 *(.fini7)
 *(.fini6)
 *(.fini6)
 *(.fini5)
 *(.fini5)
 *(.fini4)
 *(.fini4)
 *(.fini3)
 *(.fini3)
 *(.fini2)
 *(.fini2)
 *(.fini1)
 *(.fini1)
 *(.fini0)
 .fini0         0x0000275a        0x4 c:/program files (x86)/atmel/studio/7.0/toolchain/avr8/avr8-gnu-toolchain/bin/../lib/gcc/avr/5.4.0/avr5\libgcc.a(_exit.o)
 *(.fini0)
                0x0000275e                _etext = .

.data           0x00800060       0xa6 load address 0x0000275e
                0x00800060                PROVIDE (__data_start, .)
 *(.data)
 *(.data*)
 .data.SmokeCurve
                0x00800060        0xc HAL/mq2_sensor.o
                0x00800060                SmokeCurve
 .data.LPGCurve
                0x0080006c        0xc HAL/mq2_sensor.o
                0x0080006c                LPGCurve
 .data.uxTopUsedPriority
                0x00800078        0x1 ThirdParty/FreeRTOS/Portable/tasks.o
                0x00800078                uxTopUsedPriority
 *(.gnu.linkonce.d*)
 *(.rodata)
 *(.rodata*)
 .rodata.str1.1
                0x00800079       0x87 main.o
 .rodata.str1.1
                0x00800100        0x5 ThirdParty/FreeRTOS/Portable/tasks.o
 *(.gnu.linkonce.r*)
                0x00800106                . = ALIGN (0x2)
 *fill*         0x00800105        0x1 
                0x00800106                _edata = .
                0x00800106                PROVIDE (__data_end, .)

.bss            0x00800106      0x696
                0x00800106                PROVIDE (__bss_start, .)
 *(.bss)
 *(.bss*)
 .bss.Fan       0x00800106        0x1 main.o
                0x00800106                Fan
 .bss.G_smoke   0x00800107       0x10 main.o
 .bss.G_lpg     0x00800117       0x10 main.o
 .bss.G_temp    0x00800127        0x1 main.o
 .bss.g_end_t4  0x00800128        0x2 main.o
                0x00800128                g_end_t4
 .bss.g_start_t4
                0x0080012a        0x2 main.o
                0x0080012a                g_start_t4
 .bss.g_end_t3  0x0080012c        0x2 main.o
                0x0080012c                g_end_t3
 .bss.g_start_t3
                0x0080012e        0x2 main.o
                0x0080012e                g_start_t3
 .bss.g_end_t2  0x00800130        0x2 main.o
                0x00800130                g_end_t2
 .bss.g_start_t2
                0x00800132        0x2 main.o
                0x00800132                g_start_t2
 .bss.g_end_t1  0x00800134        0x2 main.o
                0x00800134                g_end_t1
 .bss.g_start_t1
                0x00800136        0x2 main.o
                0x00800136                g_start_t1
 .bss.g_Task4_duartion
                0x00800138        0x2 main.o
                0x00800138                g_Task4_duartion
 .bss.g_Task3_duartion
                0x0080013a        0x2 main.o
                0x0080013a                g_Task3_duartion
 .bss.g_Task2_duartion
                0x0080013c        0x2 main.o
                0x0080013c                g_Task2_duartion
 .bss.g_Task1_duartion
                0x0080013e        0x2 main.o
                0x0080013e                g_Task1_duartion
 .bss.g_counter
                0x00800140        0x2 main.o
                0x00800140                g_counter
 .bss.xBlockAllocatedBit
                0x00800142        0x2 ThirdParty/FreeRTOS/Portable/MemMang/heap_4.o
 .bss.xNumberOfSuccessfulFrees
                0x00800144        0x2 ThirdParty/FreeRTOS/Portable/MemMang/heap_4.o
 .bss.xNumberOfSuccessfulAllocations
                0x00800146        0x2 ThirdParty/FreeRTOS/Portable/MemMang/heap_4.o
 .bss.xMinimumEverFreeBytesRemaining
                0x00800148        0x2 ThirdParty/FreeRTOS/Portable/MemMang/heap_4.o
 .bss.xFreeBytesRemaining
                0x0080014a        0x2 ThirdParty/FreeRTOS/Portable/MemMang/heap_4.o
 .bss.pxEnd     0x0080014c        0x2 ThirdParty/FreeRTOS/Portable/MemMang/heap_4.o
 .bss.xStart    0x0080014e        0x4 ThirdParty/FreeRTOS/Portable/MemMang/heap_4.o
 .bss.ucHeap    0x00800152      0x5dc ThirdParty/FreeRTOS/Portable/MemMang/heap_4.o
 .bss.uxSchedulerSuspended
                0x0080072e        0x1 ThirdParty/FreeRTOS/Portable/tasks.o
 .bss.xIdleTaskHandle
                0x0080072f        0x2 ThirdParty/FreeRTOS/Portable/tasks.o
 .bss.xNextTaskUnblockTime
                0x00800731        0x2 ThirdParty/FreeRTOS/Portable/tasks.o
 .bss.uxTaskNumber
                0x00800733        0x1 ThirdParty/FreeRTOS/Portable/tasks.o
 .bss.xNumOfOverflows
                0x00800734        0x1 ThirdParty/FreeRTOS/Portable/tasks.o
 .bss.xYieldPending
                0x00800735        0x1 ThirdParty/FreeRTOS/Portable/tasks.o
 .bss.xPendedTicks
                0x00800736        0x2 ThirdParty/FreeRTOS/Portable/tasks.o
 .bss.xSchedulerRunning
                0x00800738        0x1 ThirdParty/FreeRTOS/Portable/tasks.o
 .bss.uxTopReadyPriority
                0x00800739        0x1 ThirdParty/FreeRTOS/Portable/tasks.o
 .bss.xTickCount
                0x0080073a        0x2 ThirdParty/FreeRTOS/Portable/tasks.o
 .bss.uxCurrentNumberOfTasks
                0x0080073c        0x1 ThirdParty/FreeRTOS/Portable/tasks.o
 .bss.xSuspendedTaskList
                0x0080073d        0x9 ThirdParty/FreeRTOS/Portable/tasks.o
 .bss.xPendingReadyList
                0x00800746        0x9 ThirdParty/FreeRTOS/Portable/tasks.o
 .bss.pxOverflowDelayedTaskList
                0x0080074f        0x2 ThirdParty/FreeRTOS/Portable/tasks.o
 .bss.pxDelayedTaskList
                0x00800751        0x2 ThirdParty/FreeRTOS/Portable/tasks.o
 .bss.xDelayedTaskList2
                0x00800753        0x9 ThirdParty/FreeRTOS/Portable/tasks.o
 .bss.xDelayedTaskList1
                0x0080075c        0x9 ThirdParty/FreeRTOS/Portable/tasks.o
 .bss.pxReadyTasksLists
                0x00800765       0x2d ThirdParty/FreeRTOS/Portable/tasks.o
 .bss.pxCurrentTCB
                0x00800792        0x2 ThirdParty/FreeRTOS/Portable/tasks.o
                0x00800792                pxCurrentTCB
 *(COMMON)
 COMMON         0x00800794        0x8 main.o
                0x00800794                Temp_Sensor_Handeler
                0x00800796                Dc_motor_Handler
                0x00800798                Gas_Sensor_Handeler
                0x0080079a                Lcd_Handler
                0x0080079c                PROVIDE (__bss_end, .)
                0x0000275e                __data_load_start = LOADADDR (.data)
                0x00002804                __data_load_end = (__data_load_start + SIZEOF (.data))

.noinit         0x0080079c        0x0
                [!provide]                PROVIDE (__noinit_start, .)
 *(.noinit*)
                [!provide]                PROVIDE (__noinit_end, .)
                0x0080079c                _end = .
                [!provide]                PROVIDE (__heap_start, .)

.eeprom         0x00810000        0x0
 *(.eeprom*)
                0x00810000                __eeprom_end = .

.fuse
 *(.fuse)
 *(.lfuse)
 *(.hfuse)
 *(.efuse)

.lock
 *(.lock*)

.signature
 *(.signature*)

.user_signatures
 *(.user_signatures*)

.stab
 *(.stab)

.stabstr
 *(.stabstr)

.stab.excl
 *(.stab.excl)

.stab.exclstr
 *(.stab.exclstr)

.stab.index
 *(.stab.index)

.stab.indexstr
 *(.stab.indexstr)

.comment        0x00000000       0x30
 *(.comment)
 .comment       0x00000000       0x30 HAL/dc_motor.o
                                 0x31 (size before relaxing)
 .comment       0x00000030       0x31 HAL/lcd.o
 .comment       0x00000030       0x31 HAL/lm35_sensor.o
 .comment       0x00000030       0x31 HAL/mq2_sensor.o
 .comment       0x00000030       0x31 main.o
 .comment       0x00000030       0x31 MCAL/adc.o
 .comment       0x00000030       0x31 MCAL/gpio.o
 .comment       0x00000030       0x31 MCAL/pwm_timer0.o
 .comment       0x00000030       0x31 ThirdParty/FreeRTOS/Portable/GCC/ATMega323/port.o
 .comment       0x00000030       0x31 ThirdParty/FreeRTOS/Portable/list.o
 .comment       0x00000030       0x31 ThirdParty/FreeRTOS/Portable/MemMang/heap_4.o
 .comment       0x00000030       0x31 ThirdParty/FreeRTOS/Portable/tasks.o
 .comment       0x00000030       0x31 c:/program files (x86)/atmel/studio/7.0/toolchain/avr8/avr8-gnu-toolchain/bin/../lib/gcc/avr/5.4.0/../../../../avr/lib/avr5\libc.a(dtostrf.o)
 .comment       0x00000030       0x31 c:/program files (x86)/atmel/studio/7.0/toolchain/avr8/avr8-gnu-toolchain/bin/../lib/gcc/avr/5.4.0/../../../../avr/lib/avr5\libc.a(dtoa_prf.o)

.note.gnu.avr.deviceinfo
                0x00000000       0x3c
 .note.gnu.avr.deviceinfo
                0x00000000       0x3c C:/Program Files (x86)/Atmel/Studio/7.0/Packs/Atmel/ATmega_DFP/1.7.374/gcc/dev/atmega32a/avr5/crtatmega32a.o

.note.gnu.build-id
 *(.note.gnu.build-id)

.debug
 *(.debug)

.line
 *(.line)

.debug_srcinfo
 *(.debug_srcinfo)

.debug_sfnames
 *(.debug_sfnames)

.debug_aranges  0x00000000      0x430
 *(.debug_aranges)
 .debug_aranges
                0x00000000       0x28 HAL/dc_motor.o
 .debug_aranges
                0x00000028       0x58 HAL/lcd.o
 .debug_aranges
                0x00000080       0x20 HAL/lm35_sensor.o
 .debug_aranges
                0x000000a0       0x40 HAL/mq2_sensor.o
 .debug_aranges
                0x000000e0       0x50 main.o
 .debug_aranges
                0x00000130       0x28 MCAL/adc.o
 .debug_aranges
                0x00000158       0x48 MCAL/gpio.o
 .debug_aranges
                0x000001a0       0x20 MCAL/pwm_timer0.o
 .debug_aranges
                0x000001c0       0x50 ThirdParty/FreeRTOS/Portable/GCC/ATMega323/port.o
 .debug_aranges
                0x00000210       0x40 ThirdParty/FreeRTOS/Portable/list.o
 .debug_aranges
                0x00000250       0x58 ThirdParty/FreeRTOS/Portable/MemMang/heap_4.o
 .debug_aranges
                0x000002a8      0x188 ThirdParty/FreeRTOS/Portable/tasks.o

.debug_pubnames
 *(.debug_pubnames)

.debug_info     0x00000000     0x4d8d
 *(.debug_info .gnu.linkonce.wi.*)
 .debug_info    0x00000000      0x4e6 C:/Program Files (x86)/Atmel/Studio/7.0/Packs/Atmel/ATmega_DFP/1.7.374/gcc/dev/atmega32a/avr5/crtatmega32a.o
 .debug_info    0x000004e6      0x291 HAL/dc_motor.o
 .debug_info    0x00000777      0x6fd HAL/lcd.o
 .debug_info    0x00000e74       0xea HAL/lm35_sensor.o
 .debug_info    0x00000f5e      0x3b0 HAL/mq2_sensor.o
 .debug_info    0x0000130e      0xc9b main.o
 .debug_info    0x00001fa9      0x1b1 MCAL/adc.o
 .debug_info    0x0000215a      0x257 MCAL/gpio.o
 .debug_info    0x000023b1       0xfd MCAL/pwm_timer0.o
 .debug_info    0x000024ae      0x24e ThirdParty/FreeRTOS/Portable/GCC/ATMega323/port.o
 .debug_info    0x000026fc      0x2d8 ThirdParty/FreeRTOS/Portable/list.o
 .debug_info    0x000029d4      0x4b6 ThirdParty/FreeRTOS/Portable/MemMang/heap_4.o
 .debug_info    0x00002e8a     0x1f03 ThirdParty/FreeRTOS/Portable/tasks.o

.debug_abbrev   0x00000000     0x14c6
 *(.debug_abbrev)
 .debug_abbrev  0x00000000      0x4a3 C:/Program Files (x86)/Atmel/Studio/7.0/Packs/Atmel/ATmega_DFP/1.7.374/gcc/dev/atmega32a/avr5/crtatmega32a.o
 .debug_abbrev  0x000004a3       0xbf HAL/dc_motor.o
 .debug_abbrev  0x00000562      0x1b3 HAL/lcd.o
 .debug_abbrev  0x00000715       0x82 HAL/lm35_sensor.o
 .debug_abbrev  0x00000797      0x190 HAL/mq2_sensor.o
 .debug_abbrev  0x00000927      0x242 main.o
 .debug_abbrev  0x00000b69       0xc0 MCAL/adc.o
 .debug_abbrev  0x00000c29      0x115 MCAL/gpio.o
 .debug_abbrev  0x00000d3e       0xa3 MCAL/pwm_timer0.o
 .debug_abbrev  0x00000de1      0x143 ThirdParty/FreeRTOS/Portable/GCC/ATMega323/port.o
 .debug_abbrev  0x00000f24       0xff ThirdParty/FreeRTOS/Portable/list.o
 .debug_abbrev  0x00001023      0x1e4 ThirdParty/FreeRTOS/Portable/MemMang/heap_4.o
 .debug_abbrev  0x00001207      0x2bf ThirdParty/FreeRTOS/Portable/tasks.o

.debug_line     0x00000000     0x2c6d
 *(.debug_line .debug_line.* .debug_line_end)
 .debug_line    0x00000000      0x116 C:/Program Files (x86)/Atmel/Studio/7.0/Packs/Atmel/ATmega_DFP/1.7.374/gcc/dev/atmega32a/avr5/crtatmega32a.o
 .debug_line    0x00000116       0xf4 HAL/dc_motor.o
 .debug_line    0x0000020a      0x2e5 HAL/lcd.o
 .debug_line    0x000004ef       0x74 HAL/lm35_sensor.o
 .debug_line    0x00000563      0x24d HAL/mq2_sensor.o
 .debug_line    0x000007b0      0x465 main.o
 .debug_line    0x00000c15      0x111 MCAL/adc.o
 .debug_line    0x00000d26      0x2ec MCAL/gpio.o
 .debug_line    0x00001012       0xd5 MCAL/pwm_timer0.o
 .debug_line    0x000010e7      0x2e5 ThirdParty/FreeRTOS/Portable/GCC/ATMega323/port.o
 .debug_line    0x000013cc      0x238 ThirdParty/FreeRTOS/Portable/list.o
 .debug_line    0x00001604      0x478 ThirdParty/FreeRTOS/Portable/MemMang/heap_4.o
 .debug_line    0x00001a7c     0x11f1 ThirdParty/FreeRTOS/Portable/tasks.o

.debug_frame    0x00000000      0xbe0
 *(.debug_frame)
 .debug_frame   0x00000000       0x3c HAL/dc_motor.o
 .debug_frame   0x0000003c       0xd0 HAL/lcd.o
 .debug_frame   0x0000010c       0x24 HAL/lm35_sensor.o
 .debug_frame   0x00000130       0xc8 HAL/mq2_sensor.o
 .debug_frame   0x000001f8       0xc8 main.o
 .debug_frame   0x000002c0       0x34 MCAL/adc.o
 .debug_frame   0x000002f4       0x74 MCAL/gpio.o
 .debug_frame   0x00000368       0x24 MCAL/pwm_timer0.o
 .debug_frame   0x0000038c       0x84 ThirdParty/FreeRTOS/Portable/GCC/ATMega323/port.o
 .debug_frame   0x00000410       0x88 ThirdParty/FreeRTOS/Portable/list.o
 .debug_frame   0x00000498       0xfc ThirdParty/FreeRTOS/Portable/MemMang/heap_4.o
 .debug_frame   0x00000594      0x64c ThirdParty/FreeRTOS/Portable/tasks.o

.debug_str      0x00000000     0x198c
 *(.debug_str)
 .debug_str     0x00000000      0x196 C:/Program Files (x86)/Atmel/Studio/7.0/Packs/Atmel/ATmega_DFP/1.7.374/gcc/dev/atmega32a/avr5/crtatmega32a.o
 .debug_str     0x00000196      0x21a HAL/dc_motor.o
                                0x241 (size before relaxing)
 .debug_str     0x000003b0      0x14f HAL/lcd.o
                                0x322 (size before relaxing)
 .debug_str     0x000004ff       0x5c HAL/lm35_sensor.o
                                0x1e3 (size before relaxing)
 .debug_str     0x0000055b       0xa3 HAL/mq2_sensor.o
                                0x2a0 (size before relaxing)
 .debug_str     0x000005fe      0x2ea main.o
                                0x5e7 (size before relaxing)
 .debug_str     0x000008e8       0x25 MCAL/adc.o
                                0x2a5 (size before relaxing)
 .debug_str     0x0000090d       0x7c MCAL/gpio.o
                                0x296 (size before relaxing)
 .debug_str     0x00000989       0x20 MCAL/pwm_timer0.o
                                0x1f9 (size before relaxing)
 .debug_str     0x000009a9      0x141 ThirdParty/FreeRTOS/Portable/GCC/ATMega323/port.o
                                0x2e3 (size before relaxing)
 .debug_str     0x00000aea      0x150 ThirdParty/FreeRTOS/Portable/list.o
                                0x2dc (size before relaxing)
 .debug_str     0x00000c3a      0x2f4 ThirdParty/FreeRTOS/Portable/MemMang/heap_4.o
                                0x498 (size before relaxing)
 .debug_str     0x00000f2e      0xa5e ThirdParty/FreeRTOS/Portable/tasks.o
                                0xe6e (size before relaxing)

.debug_loc      0x00000000     0x3e8f
 *(.debug_loc)
 .debug_loc     0x00000000       0xcd HAL/dc_motor.o
 .debug_loc     0x000000cd      0x52d HAL/lcd.o
 .debug_loc     0x000005fa       0x43 HAL/lm35_sensor.o
 .debug_loc     0x0000063d      0x41f HAL/mq2_sensor.o
 .debug_loc     0x00000a5c      0x179 main.o
 .debug_loc     0x00000bd5       0x56 MCAL/adc.o
 .debug_loc     0x00000c2b      0x38f MCAL/gpio.o
 .debug_loc     0x00000fba       0x2c MCAL/pwm_timer0.o
 .debug_loc     0x00000fe6      0x29f ThirdParty/FreeRTOS/Portable/GCC/ATMega323/port.o
 .debug_loc     0x00001285      0x145 ThirdParty/FreeRTOS/Portable/list.o
 .debug_loc     0x000013ca      0x4be ThirdParty/FreeRTOS/Portable/MemMang/heap_4.o
 .debug_loc     0x00001888     0x2607 ThirdParty/FreeRTOS/Portable/tasks.o

.debug_macinfo
 *(.debug_macinfo)

.debug_weaknames
 *(.debug_weaknames)

.debug_funcnames
 *(.debug_funcnames)

.debug_typenames
 *(.debug_typenames)

.debug_varnames
 *(.debug_varnames)

.debug_pubtypes
 *(.debug_pubtypes)

.debug_ranges   0x00000000      0x3b0
 *(.debug_ranges)
 .debug_ranges  0x00000000       0x18 HAL/dc_motor.o
 .debug_ranges  0x00000018       0x48 HAL/lcd.o
 .debug_ranges  0x00000060       0x10 HAL/lm35_sensor.o
 .debug_ranges  0x00000070       0x30 HAL/mq2_sensor.o
 .debug_ranges  0x000000a0       0x40 main.o
 .debug_ranges  0x000000e0       0x18 MCAL/adc.o
 .debug_ranges  0x000000f8       0x38 MCAL/gpio.o
 .debug_ranges  0x00000130       0x10 MCAL/pwm_timer0.o
 .debug_ranges  0x00000140       0x40 ThirdParty/FreeRTOS/Portable/GCC/ATMega323/port.o
 .debug_ranges  0x00000180       0x30 ThirdParty/FreeRTOS/Portable/list.o
 .debug_ranges  0x000001b0       0x48 ThirdParty/FreeRTOS/Portable/MemMang/heap_4.o
 .debug_ranges  0x000001f8      0x1b8 ThirdParty/FreeRTOS/Portable/tasks.o

.debug_macro
 *(.debug_macro)
OUTPUT(PB_RTOS.elf elf32-avr)
LOAD linker stubs
