Archive member included to satisfy reference by file (symbol)

c:/program files (x86)/atmel/studio/7.0/toolchain/avr8/avr8-gnu-toolchain/bin/../lib/gcc/avr/5.4.0/../../../../avr/lib/avr5\libm.a(divsf3.o)
                              lm35_sensor.o (__divsf3)
c:/program files (x86)/atmel/studio/7.0/toolchain/avr8/avr8-gnu-toolchain/bin/../lib/gcc/avr/5.4.0/../../../../avr/lib/avr5\libm.a(divsf3x.o)
                              c:/program files (x86)/atmel/studio/7.0/toolchain/avr8/avr8-gnu-toolchain/bin/../lib/gcc/avr/5.4.0/../../../../avr/lib/avr5\libm.a(divsf3.o) (__divsf3x)
c:/program files (x86)/atmel/studio/7.0/toolchain/avr8/avr8-gnu-toolchain/bin/../lib/gcc/avr/5.4.0/../../../../avr/lib/avr5\libm.a(fixunssfsi.o)
                              lm35_sensor.o (__fixunssfsi)
c:/program files (x86)/atmel/studio/7.0/toolchain/avr8/avr8-gnu-toolchain/bin/../lib/gcc/avr/5.4.0/../../../../avr/lib/avr5\libm.a(floatsisf.o)
                              lm35_sensor.o (__floatunsisf)
c:/program files (x86)/atmel/studio/7.0/toolchain/avr8/avr8-gnu-toolchain/bin/../lib/gcc/avr/5.4.0/../../../../avr/lib/avr5\libm.a(fp_inf.o)
                              c:/program files (x86)/atmel/studio/7.0/toolchain/avr8/avr8-gnu-toolchain/bin/../lib/gcc/avr/5.4.0/../../../../avr/lib/avr5\libm.a(divsf3x.o) (__fp_inf)
c:/program files (x86)/atmel/studio/7.0/toolchain/avr8/avr8-gnu-toolchain/bin/../lib/gcc/avr/5.4.0/../../../../avr/lib/avr5\libm.a(fp_nan.o)
                              c:/program files (x86)/atmel/studio/7.0/toolchain/avr8/avr8-gnu-toolchain/bin/../lib/gcc/avr/5.4.0/../../../../avr/lib/avr5\libm.a(divsf3x.o) (__fp_nan)
c:/program files (x86)/atmel/studio/7.0/toolchain/avr8/avr8-gnu-toolchain/bin/../lib/gcc/avr/5.4.0/../../../../avr/lib/avr5\libm.a(fp_pscA.o)
                              c:/program files (x86)/atmel/studio/7.0/toolchain/avr8/avr8-gnu-toolchain/bin/../lib/gcc/avr/5.4.0/../../../../avr/lib/avr5\libm.a(divsf3x.o) (__fp_pscA)
c:/program files (x86)/atmel/studio/7.0/toolchain/avr8/avr8-gnu-toolchain/bin/../lib/gcc/avr/5.4.0/../../../../avr/lib/avr5\libm.a(fp_pscB.o)
                              c:/program files (x86)/atmel/studio/7.0/toolchain/avr8/avr8-gnu-toolchain/bin/../lib/gcc/avr/5.4.0/../../../../avr/lib/avr5\libm.a(divsf3x.o) (__fp_pscB)
c:/program files (x86)/atmel/studio/7.0/toolchain/avr8/avr8-gnu-toolchain/bin/../lib/gcc/avr/5.4.0/../../../../avr/lib/avr5\libm.a(fp_round.o)
                              c:/program files (x86)/atmel/studio/7.0/toolchain/avr8/avr8-gnu-toolchain/bin/../lib/gcc/avr/5.4.0/../../../../avr/lib/avr5\libm.a(divsf3.o) (__fp_round)
c:/program files (x86)/atmel/studio/7.0/toolchain/avr8/avr8-gnu-toolchain/bin/../lib/gcc/avr/5.4.0/../../../../avr/lib/avr5\libm.a(fp_split3.o)
                              c:/program files (x86)/atmel/studio/7.0/toolchain/avr8/avr8-gnu-toolchain/bin/../lib/gcc/avr/5.4.0/../../../../avr/lib/avr5\libm.a(divsf3x.o) (__fp_split3)
c:/program files (x86)/atmel/studio/7.0/toolchain/avr8/avr8-gnu-toolchain/bin/../lib/gcc/avr/5.4.0/../../../../avr/lib/avr5\libm.a(fp_zero.o)
                              c:/program files (x86)/atmel/studio/7.0/toolchain/avr8/avr8-gnu-toolchain/bin/../lib/gcc/avr/5.4.0/../../../../avr/lib/avr5\libm.a(fixunssfsi.o) (__fp_zero)
c:/program files (x86)/atmel/studio/7.0/toolchain/avr8/avr8-gnu-toolchain/bin/../lib/gcc/avr/5.4.0/../../../../avr/lib/avr5\libm.a(mulsf3.o)
                              lm35_sensor.o (__mulsf3)
c:/program files (x86)/atmel/studio/7.0/toolchain/avr8/avr8-gnu-toolchain/bin/../lib/gcc/avr/5.4.0/../../../../avr/lib/avr5\libm.a(mulsf3x.o)
                              c:/program files (x86)/atmel/studio/7.0/toolchain/avr8/avr8-gnu-toolchain/bin/../lib/gcc/avr/5.4.0/../../../../avr/lib/avr5\libm.a(mulsf3.o) (__mulsf3x)
c:/program files (x86)/atmel/studio/7.0/toolchain/avr8/avr8-gnu-toolchain/bin/../lib/gcc/avr/5.4.0/avr5\libgcc.a(_exit.o)
                              C:/Program Files (x86)/Atmel/Studio/7.0/Packs/Atmel/ATmega_DFP/1.7.374/gcc/dev/atmega32a/avr5/crtatmega32a.o (exit)
c:/program files (x86)/atmel/studio/7.0/toolchain/avr8/avr8-gnu-toolchain/bin/../lib/gcc/avr/5.4.0/avr5\libgcc.a(_copy_data.o)
                              main.o (__do_copy_data)
c:/program files (x86)/atmel/studio/7.0/toolchain/avr8/avr8-gnu-toolchain/bin/../lib/gcc/avr/5.4.0/avr5\libgcc.a(_clear_bss.o)
                              main.o (__do_clear_bss)
c:/program files (x86)/atmel/studio/7.0/toolchain/avr8/avr8-gnu-toolchain/bin/../lib/gcc/avr/5.4.0/avr5\libgcc.a(_umulhisi3.o)
                              lm35_sensor.o (__umulhisi3)
c:/program files (x86)/atmel/studio/7.0/toolchain/avr8/avr8-gnu-toolchain/bin/../lib/gcc/avr/5.4.0/../../../../avr/lib/avr5\libc.a(memcpy.o)
                              ThirdParty/FreeRTOS/Portable/queue.o (memcpy)
c:/program files (x86)/atmel/studio/7.0/toolchain/avr8/avr8-gnu-toolchain/bin/../lib/gcc/avr/5.4.0/../../../../avr/lib/avr5\libc.a(memset.o)
                              ThirdParty/FreeRTOS/Portable/tasks.o (memset)
c:/program files (x86)/atmel/studio/7.0/toolchain/avr8/avr8-gnu-toolchain/bin/../lib/gcc/avr/5.4.0/../../../../avr/lib/avr5\libc.a(itoa.o)
                              lcd.o (itoa)
c:/program files (x86)/atmel/studio/7.0/toolchain/avr8/avr8-gnu-toolchain/bin/../lib/gcc/avr/5.4.0/../../../../avr/lib/avr5\libc.a(itoa_ncheck.o)
                              c:/program files (x86)/atmel/studio/7.0/toolchain/avr8/avr8-gnu-toolchain/bin/../lib/gcc/avr/5.4.0/../../../../avr/lib/avr5\libc.a(itoa.o) (__itoa_ncheck)
c:/program files (x86)/atmel/studio/7.0/toolchain/avr8/avr8-gnu-toolchain/bin/../lib/gcc/avr/5.4.0/../../../../avr/lib/avr5\libc.a(utoa_ncheck.o)
                              c:/program files (x86)/atmel/studio/7.0/toolchain/avr8/avr8-gnu-toolchain/bin/../lib/gcc/avr/5.4.0/../../../../avr/lib/avr5\libc.a(itoa_ncheck.o) (__utoa_common)
c:/program files (x86)/atmel/studio/7.0/toolchain/avr8/avr8-gnu-toolchain/bin/../lib/gcc/avr/5.4.0/../../../../avr/lib/avr5\libc.a(strrev.o)
                              c:/program files (x86)/atmel/studio/7.0/toolchain/avr8/avr8-gnu-toolchain/bin/../lib/gcc/avr/5.4.0/../../../../avr/lib/avr5\libc.a(utoa_ncheck.o) (strrev)

Allocating common symbols
Common symbol       size              file

Temp_Sensor_Handeler
                    0x2               main.o
Dc_motor_Handler    0x2               main.o
Lcd_Handler         0x2               main.o

Discarded input sections

 .data          0x00000000        0x0 C:/Program Files (x86)/Atmel/Studio/7.0/Packs/Atmel/ATmega_DFP/1.7.374/gcc/dev/atmega32a/avr5/crtatmega32a.o
 .bss           0x00000000        0x0 C:/Program Files (x86)/Atmel/Studio/7.0/Packs/Atmel/ATmega_DFP/1.7.374/gcc/dev/atmega32a/avr5/crtatmega32a.o
 .text          0x00000000        0x0 adc.o
 .data          0x00000000        0x0 adc.o
 .bss           0x00000000        0x0 adc.o
 .text          0x00000000        0x0 dc_motor.o
 .data          0x00000000        0x0 dc_motor.o
 .bss           0x00000000        0x0 dc_motor.o
 .text          0x00000000        0x0 gpio.o
 .data          0x00000000        0x0 gpio.o
 .bss           0x00000000        0x0 gpio.o
 .text.GPIO_readPin
                0x00000000       0x8c gpio.o
 .text.GPIO_readPort
                0x00000000       0x2c gpio.o
 .text          0x00000000        0x0 lcd.o
 .data          0x00000000        0x0 lcd.o
 .bss           0x00000000        0x0 lcd.o
 .text.LCD_displayStringRowColumn
                0x00000000       0x16 lcd.o
 .text.LCD_clearScreen
                0x00000000        0x8 lcd.o
 .text          0x00000000        0x0 lm35_sensor.o
 .data          0x00000000        0x0 lm35_sensor.o
 .bss           0x00000000        0x0 lm35_sensor.o
 .text          0x00000000        0x0 main.o
 .data          0x00000000        0x0 main.o
 .bss           0x00000000        0x0 main.o
 .text          0x00000000        0x0 pwm_timer0.o
 .data          0x00000000        0x0 pwm_timer0.o
 .bss           0x00000000        0x0 pwm_timer0.o
 .text          0x00000000        0x0 ThirdParty/FreeRTOS/Portable/croutine.o
 .data          0x00000000        0x0 ThirdParty/FreeRTOS/Portable/croutine.o
 .bss           0x00000000        0x0 ThirdParty/FreeRTOS/Portable/croutine.o
 .debug_info    0x00000000       0x64 ThirdParty/FreeRTOS/Portable/croutine.o
 .debug_abbrev  0x00000000       0x26 ThirdParty/FreeRTOS/Portable/croutine.o
 .debug_aranges
                0x00000000       0x18 ThirdParty/FreeRTOS/Portable/croutine.o
 .debug_line    0x00000000       0x1a ThirdParty/FreeRTOS/Portable/croutine.o
 .debug_str     0x00000000      0x19d ThirdParty/FreeRTOS/Portable/croutine.o
 .comment       0x00000000       0x31 ThirdParty/FreeRTOS/Portable/croutine.o
 .text          0x00000000        0x0 ThirdParty/FreeRTOS/Portable/event_groups.o
 .data          0x00000000        0x0 ThirdParty/FreeRTOS/Portable/event_groups.o
 .bss           0x00000000        0x0 ThirdParty/FreeRTOS/Portable/event_groups.o
 .text.prvTestWaitCondition
                0x00000000       0x26 ThirdParty/FreeRTOS/Portable/event_groups.o
 .text.xEventGroupCreate
                0x00000000       0x26 ThirdParty/FreeRTOS/Portable/event_groups.o
 .text.xEventGroupWaitBits
                0x00000000       0xe4 ThirdParty/FreeRTOS/Portable/event_groups.o
 .text.xEventGroupClearBits
                0x00000000       0x1e ThirdParty/FreeRTOS/Portable/event_groups.o
 .text.xEventGroupGetBitsFromISR
                0x00000000        0x8 ThirdParty/FreeRTOS/Portable/event_groups.o
 .text.xEventGroupSetBits
                0x00000000       0xc8 ThirdParty/FreeRTOS/Portable/event_groups.o
 .text.xEventGroupSync
                0x00000000       0xd6 ThirdParty/FreeRTOS/Portable/event_groups.o
 .text.vEventGroupDelete
                0x00000000       0x2e ThirdParty/FreeRTOS/Portable/event_groups.o
 .text.vEventGroupSetBitsCallback
                0x00000000        0x8 ThirdParty/FreeRTOS/Portable/event_groups.o
 .text.vEventGroupClearBitsCallback
                0x00000000        0x8 ThirdParty/FreeRTOS/Portable/event_groups.o
 .text.uxEventGroupGetNumber
                0x00000000        0xe ThirdParty/FreeRTOS/Portable/event_groups.o
 .text.vEventGroupSetNumber
                0x00000000        0x6 ThirdParty/FreeRTOS/Portable/event_groups.o
 .debug_info    0x00000000      0x97a ThirdParty/FreeRTOS/Portable/event_groups.o
 .debug_abbrev  0x00000000      0x1dc ThirdParty/FreeRTOS/Portable/event_groups.o
 .debug_loc     0x00000000      0xbeb ThirdParty/FreeRTOS/Portable/event_groups.o
 .debug_aranges
                0x00000000       0x78 ThirdParty/FreeRTOS/Portable/event_groups.o
 .debug_ranges  0x00000000       0x80 ThirdParty/FreeRTOS/Portable/event_groups.o
 .debug_line    0x00000000      0x4a4 ThirdParty/FreeRTOS/Portable/event_groups.o
 .debug_str     0x00000000      0x5f7 ThirdParty/FreeRTOS/Portable/event_groups.o
 .comment       0x00000000       0x31 ThirdParty/FreeRTOS/Portable/event_groups.o
 .debug_frame   0x00000000      0x17c ThirdParty/FreeRTOS/Portable/event_groups.o
 .text          0x00000000        0x0 ThirdParty/FreeRTOS/Portable/GCC/ATMega323/port.o
 .data          0x00000000        0x0 ThirdParty/FreeRTOS/Portable/GCC/ATMega323/port.o
 .bss           0x00000000        0x0 ThirdParty/FreeRTOS/Portable/GCC/ATMega323/port.o
 .text.vPortEndScheduler
                0x00000000        0x2 ThirdParty/FreeRTOS/Portable/GCC/ATMega323/port.o
 .text          0x00000000        0x0 ThirdParty/FreeRTOS/Portable/list.o
 .data          0x00000000        0x0 ThirdParty/FreeRTOS/Portable/list.o
 .bss           0x00000000        0x0 ThirdParty/FreeRTOS/Portable/list.o
 .text          0x00000000        0x0 ThirdParty/FreeRTOS/Portable/MemMang/heap_4.o
 .data          0x00000000        0x0 ThirdParty/FreeRTOS/Portable/MemMang/heap_4.o
 .bss           0x00000000        0x0 ThirdParty/FreeRTOS/Portable/MemMang/heap_4.o
 .text.xPortGetFreeHeapSize
                0x00000000        0xa ThirdParty/FreeRTOS/Portable/MemMang/heap_4.o
 .text.xPortGetMinimumEverFreeHeapSize
                0x00000000        0xa ThirdParty/FreeRTOS/Portable/MemMang/heap_4.o
 .text.vPortInitialiseBlocks
                0x00000000        0x2 ThirdParty/FreeRTOS/Portable/MemMang/heap_4.o
 .text.vPortGetHeapStats
                0x00000000       0xc4 ThirdParty/FreeRTOS/Portable/MemMang/heap_4.o
 .text          0x00000000        0x0 ThirdParty/FreeRTOS/Portable/queue.o
 .data          0x00000000        0x0 ThirdParty/FreeRTOS/Portable/queue.o
 .bss           0x00000000        0x0 ThirdParty/FreeRTOS/Portable/queue.o
 .text.prvIsQueueEmpty
                0x00000000       0x1a ThirdParty/FreeRTOS/Portable/queue.o
 .text.prvIsQueueFull
                0x00000000       0x1c ThirdParty/FreeRTOS/Portable/queue.o
 .text.prvCopyDataToQueue
                0x00000000       0x92 ThirdParty/FreeRTOS/Portable/queue.o
 .text.prvCopyDataFromQueue
                0x00000000       0x34 ThirdParty/FreeRTOS/Portable/queue.o
 .text.prvUnlockQueue
                0x00000000       0x68 ThirdParty/FreeRTOS/Portable/queue.o
 .text.xQueueGenericReset
                0x00000000       0x8c ThirdParty/FreeRTOS/Portable/queue.o
 .text.prvInitialiseNewQueue
                0x00000000       0x36 ThirdParty/FreeRTOS/Portable/queue.o
 .text.xQueueGenericCreate
                0x00000000       0x4a ThirdParty/FreeRTOS/Portable/queue.o
 .text.xQueueGenericSend
                0x00000000      0x124 ThirdParty/FreeRTOS/Portable/queue.o
 .text.xQueueGenericSendFromISR
                0x00000000       0x78 ThirdParty/FreeRTOS/Portable/queue.o
 .text.xQueueGiveFromISR
                0x00000000       0x52 ThirdParty/FreeRTOS/Portable/queue.o
 .text.xQueueReceive
                0x00000000      0x11e ThirdParty/FreeRTOS/Portable/queue.o
 .text.xQueueSemaphoreTake
                0x00000000      0x106 ThirdParty/FreeRTOS/Portable/queue.o
 .text.xQueuePeek
                0x00000000      0x122 ThirdParty/FreeRTOS/Portable/queue.o
 .text.xQueueReceiveFromISR
                0x00000000       0x6e ThirdParty/FreeRTOS/Portable/queue.o
 .text.xQueuePeekFromISR
                0x00000000       0x2e ThirdParty/FreeRTOS/Portable/queue.o
 .text.uxQueueMessagesWaiting
                0x00000000       0x10 ThirdParty/FreeRTOS/Portable/queue.o
 .text.uxQueueSpacesAvailable
                0x00000000       0x16 ThirdParty/FreeRTOS/Portable/queue.o
 .text.uxQueueMessagesWaitingFromISR
                0x00000000        0x6 ThirdParty/FreeRTOS/Portable/queue.o
 .text.vQueueDelete
                0x00000000        0x6 ThirdParty/FreeRTOS/Portable/queue.o
 .text.uxQueueGetQueueNumber
                0x00000000        0x6 ThirdParty/FreeRTOS/Portable/queue.o
 .text.vQueueSetQueueNumber
                0x00000000        0x6 ThirdParty/FreeRTOS/Portable/queue.o
 .text.ucQueueGetQueueType
                0x00000000        0x6 ThirdParty/FreeRTOS/Portable/queue.o
 .text.xQueueIsQueueEmptyFromISR
                0x00000000       0x10 ThirdParty/FreeRTOS/Portable/queue.o
 .text.xQueueIsQueueFullFromISR
                0x00000000       0x12 ThirdParty/FreeRTOS/Portable/queue.o
 .debug_info    0x00000000     0x1521 ThirdParty/FreeRTOS/Portable/queue.o
 .debug_abbrev  0x00000000      0x236 ThirdParty/FreeRTOS/Portable/queue.o
 .debug_loc     0x00000000     0x1778 ThirdParty/FreeRTOS/Portable/queue.o
 .debug_aranges
                0x00000000       0xe0 ThirdParty/FreeRTOS/Portable/queue.o
 .debug_ranges  0x00000000      0x118 ThirdParty/FreeRTOS/Portable/queue.o
 .debug_line    0x00000000      0xaca ThirdParty/FreeRTOS/Portable/queue.o
 .debug_str     0x00000000      0x7ea ThirdParty/FreeRTOS/Portable/queue.o
 .comment       0x00000000       0x31 ThirdParty/FreeRTOS/Portable/queue.o
 .debug_frame   0x00000000      0x324 ThirdParty/FreeRTOS/Portable/queue.o
 .text          0x00000000        0x0 ThirdParty/FreeRTOS/Portable/tasks.o
 .data          0x00000000        0x0 ThirdParty/FreeRTOS/Portable/tasks.o
 .bss           0x00000000        0x0 ThirdParty/FreeRTOS/Portable/tasks.o
 .text.prvTaskIsTaskSuspended
                0x00000000       0x2e ThirdParty/FreeRTOS/Portable/tasks.o
 .text.prvTaskCheckFreeStackSpace
                0x00000000       0x1a ThirdParty/FreeRTOS/Portable/tasks.o
 .text.eTaskGetState
                0x00000000       0x80 ThirdParty/FreeRTOS/Portable/tasks.o
 .text.vTaskResume
                0x00000000       0x84 ThirdParty/FreeRTOS/Portable/tasks.o
 .text.xTaskResumeFromISR
                0x00000000       0x96 ThirdParty/FreeRTOS/Portable/tasks.o
 .text.vTaskEndScheduler
                0x00000000        0xc ThirdParty/FreeRTOS/Portable/tasks.o
 .text.xTaskGetTickCountFromISR
                0x00000000        0xa ThirdParty/FreeRTOS/Portable/tasks.o
 .text.uxTaskGetNumberOfTasks
                0x00000000        0x6 ThirdParty/FreeRTOS/Portable/tasks.o
 .text.pcTaskGetName
                0x00000000       0x10 ThirdParty/FreeRTOS/Portable/tasks.o
 .text.xTaskCatchUpTicks
                0x00000000       0x28 ThirdParty/FreeRTOS/Portable/tasks.o
 .text.vTaskSuspend
                0x00000000       0xc2 ThirdParty/FreeRTOS/Portable/tasks.o
 .text.vTaskPlaceOnEventList
                0x00000000       0x24 ThirdParty/FreeRTOS/Portable/tasks.o
 .text.vTaskPlaceOnUnorderedEventList
                0x00000000       0x32 ThirdParty/FreeRTOS/Portable/tasks.o
 .text.xTaskRemoveFromEventList
                0x00000000       0x90 ThirdParty/FreeRTOS/Portable/tasks.o
 .text.vTaskRemoveFromUnorderedEventList
                0x00000000       0x70 ThirdParty/FreeRTOS/Portable/tasks.o
 .text.vTaskSetTimeOutState
                0x00000000       0x20 ThirdParty/FreeRTOS/Portable/tasks.o
 .text.vTaskInternalSetTimeOutState
                0x00000000       0x16 ThirdParty/FreeRTOS/Portable/tasks.o
 .text.xTaskCheckForTimeOut
                0x00000000       0x7e ThirdParty/FreeRTOS/Portable/tasks.o
 .text.vTaskMissedYield
                0x00000000        0x8 ThirdParty/FreeRTOS/Portable/tasks.o
 .text.uxTaskGetTaskNumber
                0x00000000        0xe ThirdParty/FreeRTOS/Portable/tasks.o
 .text.vTaskSetTaskNumber
                0x00000000        0xa ThirdParty/FreeRTOS/Portable/tasks.o
 .text.vTaskGetInfo
                0x00000000       0xa4 ThirdParty/FreeRTOS/Portable/tasks.o
 .text.prvListTasksWithinSingleList
                0x00000000       0xb4 ThirdParty/FreeRTOS/Portable/tasks.o
 .text.uxTaskGetSystemState
                0x00000000       0xd0 ThirdParty/FreeRTOS/Portable/tasks.o
 .text.uxTaskResetEventItemValue
                0x00000000       0x2e ThirdParty/FreeRTOS/Portable/tasks.o
 .text.ulTaskGenericNotifyTake
                0x00000000      0x106 ThirdParty/FreeRTOS/Portable/tasks.o
 .text.xTaskGenericNotifyWait
                0x00000000      0x142 ThirdParty/FreeRTOS/Portable/tasks.o
 .text.xTaskGenericNotify
                0x00000000      0x168 ThirdParty/FreeRTOS/Portable/tasks.o
 .text.xTaskGenericNotifyFromISR
                0x00000000      0x18c ThirdParty/FreeRTOS/Portable/tasks.o
 .text.vTaskGenericNotifyGiveFromISR
                0x00000000       0xd0 ThirdParty/FreeRTOS/Portable/tasks.o
 .text.xTaskGenericNotifyStateClear
                0x00000000       0x34 ThirdParty/FreeRTOS/Portable/tasks.o
 .text.ulTaskGenericNotifyValueClear
                0x00000000       0x6c ThirdParty/FreeRTOS/Portable/tasks.o
 .text          0x00000000        0x0 ThirdParty/FreeRTOS/Portable/timers.o
 .data          0x00000000        0x0 ThirdParty/FreeRTOS/Portable/timers.o
 .bss           0x00000000        0x0 ThirdParty/FreeRTOS/Portable/timers.o
 .debug_info    0x00000000       0x64 ThirdParty/FreeRTOS/Portable/timers.o
 .debug_abbrev  0x00000000       0x26 ThirdParty/FreeRTOS/Portable/timers.o
 .debug_aranges
                0x00000000       0x18 ThirdParty/FreeRTOS/Portable/timers.o
 .debug_line    0x00000000       0x1a ThirdParty/FreeRTOS/Portable/timers.o
 .debug_str     0x00000000      0x19b ThirdParty/FreeRTOS/Portable/timers.o
 .comment       0x00000000       0x31 ThirdParty/FreeRTOS/Portable/timers.o
 .text          0x00000000        0x0 c:/program files (x86)/atmel/studio/7.0/toolchain/avr8/avr8-gnu-toolchain/bin/../lib/gcc/avr/5.4.0/../../../../avr/lib/avr5\libm.a(divsf3.o)
 .data          0x00000000        0x0 c:/program files (x86)/atmel/studio/7.0/toolchain/avr8/avr8-gnu-toolchain/bin/../lib/gcc/avr/5.4.0/../../../../avr/lib/avr5\libm.a(divsf3.o)
 .bss           0x00000000        0x0 c:/program files (x86)/atmel/studio/7.0/toolchain/avr8/avr8-gnu-toolchain/bin/../lib/gcc/avr/5.4.0/../../../../avr/lib/avr5\libm.a(divsf3.o)
 .text          0x00000000        0x0 c:/program files (x86)/atmel/studio/7.0/toolchain/avr8/avr8-gnu-toolchain/bin/../lib/gcc/avr/5.4.0/../../../../avr/lib/avr5\libm.a(divsf3x.o)
 .data          0x00000000        0x0 c:/program files (x86)/atmel/studio/7.0/toolchain/avr8/avr8-gnu-toolchain/bin/../lib/gcc/avr/5.4.0/../../../../avr/lib/avr5\libm.a(divsf3x.o)
 .bss           0x00000000        0x0 c:/program files (x86)/atmel/studio/7.0/toolchain/avr8/avr8-gnu-toolchain/bin/../lib/gcc/avr/5.4.0/../../../../avr/lib/avr5\libm.a(divsf3x.o)
 .text          0x00000000        0x0 c:/program files (x86)/atmel/studio/7.0/toolchain/avr8/avr8-gnu-toolchain/bin/../lib/gcc/avr/5.4.0/../../../../avr/lib/avr5\libm.a(fixunssfsi.o)
 .data          0x00000000        0x0 c:/program files (x86)/atmel/studio/7.0/toolchain/avr8/avr8-gnu-toolchain/bin/../lib/gcc/avr/5.4.0/../../../../avr/lib/avr5\libm.a(fixunssfsi.o)
 .bss           0x00000000        0x0 c:/program files (x86)/atmel/studio/7.0/toolchain/avr8/avr8-gnu-toolchain/bin/../lib/gcc/avr/5.4.0/../../../../avr/lib/avr5\libm.a(fixunssfsi.o)
 .text          0x00000000        0x0 c:/program files (x86)/atmel/studio/7.0/toolchain/avr8/avr8-gnu-toolchain/bin/../lib/gcc/avr/5.4.0/../../../../avr/lib/avr5\libm.a(floatsisf.o)
 .data          0x00000000        0x0 c:/program files (x86)/atmel/studio/7.0/toolchain/avr8/avr8-gnu-toolchain/bin/../lib/gcc/avr/5.4.0/../../../../avr/lib/avr5\libm.a(floatsisf.o)
 .bss           0x00000000        0x0 c:/program files (x86)/atmel/studio/7.0/toolchain/avr8/avr8-gnu-toolchain/bin/../lib/gcc/avr/5.4.0/../../../../avr/lib/avr5\libm.a(floatsisf.o)
 .text          0x00000000        0x0 c:/program files (x86)/atmel/studio/7.0/toolchain/avr8/avr8-gnu-toolchain/bin/../lib/gcc/avr/5.4.0/../../../../avr/lib/avr5\libm.a(fp_inf.o)
 .data          0x00000000        0x0 c:/program files (x86)/atmel/studio/7.0/toolchain/avr8/avr8-gnu-toolchain/bin/../lib/gcc/avr/5.4.0/../../../../avr/lib/avr5\libm.a(fp_inf.o)
 .bss           0x00000000        0x0 c:/program files (x86)/atmel/studio/7.0/toolchain/avr8/avr8-gnu-toolchain/bin/../lib/gcc/avr/5.4.0/../../../../avr/lib/avr5\libm.a(fp_inf.o)
 .text          0x00000000        0x0 c:/program files (x86)/atmel/studio/7.0/toolchain/avr8/avr8-gnu-toolchain/bin/../lib/gcc/avr/5.4.0/../../../../avr/lib/avr5\libm.a(fp_nan.o)
 .data          0x00000000        0x0 c:/program files (x86)/atmel/studio/7.0/toolchain/avr8/avr8-gnu-toolchain/bin/../lib/gcc/avr/5.4.0/../../../../avr/lib/avr5\libm.a(fp_nan.o)
 .bss           0x00000000        0x0 c:/program files (x86)/atmel/studio/7.0/toolchain/avr8/avr8-gnu-toolchain/bin/../lib/gcc/avr/5.4.0/../../../../avr/lib/avr5\libm.a(fp_nan.o)
 .text          0x00000000        0x0 c:/program files (x86)/atmel/studio/7.0/toolchain/avr8/avr8-gnu-toolchain/bin/../lib/gcc/avr/5.4.0/../../../../avr/lib/avr5\libm.a(fp_pscA.o)
 .data          0x00000000        0x0 c:/program files (x86)/atmel/studio/7.0/toolchain/avr8/avr8-gnu-toolchain/bin/../lib/gcc/avr/5.4.0/../../../../avr/lib/avr5\libm.a(fp_pscA.o)
 .bss           0x00000000        0x0 c:/program files (x86)/atmel/studio/7.0/toolchain/avr8/avr8-gnu-toolchain/bin/../lib/gcc/avr/5.4.0/../../../../avr/lib/avr5\libm.a(fp_pscA.o)
 .text          0x00000000        0x0 c:/program files (x86)/atmel/studio/7.0/toolchain/avr8/avr8-gnu-toolchain/bin/../lib/gcc/avr/5.4.0/../../../../avr/lib/avr5\libm.a(fp_pscB.o)
 .data          0x00000000        0x0 c:/program files (x86)/atmel/studio/7.0/toolchain/avr8/avr8-gnu-toolchain/bin/../lib/gcc/avr/5.4.0/../../../../avr/lib/avr5\libm.a(fp_pscB.o)
 .bss           0x00000000        0x0 c:/program files (x86)/atmel/studio/7.0/toolchain/avr8/avr8-gnu-toolchain/bin/../lib/gcc/avr/5.4.0/../../../../avr/lib/avr5\libm.a(fp_pscB.o)
 .text          0x00000000        0x0 c:/program files (x86)/atmel/studio/7.0/toolchain/avr8/avr8-gnu-toolchain/bin/../lib/gcc/avr/5.4.0/../../../../avr/lib/avr5\libm.a(fp_round.o)
 .data          0x00000000        0x0 c:/program files (x86)/atmel/studio/7.0/toolchain/avr8/avr8-gnu-toolchain/bin/../lib/gcc/avr/5.4.0/../../../../avr/lib/avr5\libm.a(fp_round.o)
 .bss           0x00000000        0x0 c:/program files (x86)/atmel/studio/7.0/toolchain/avr8/avr8-gnu-toolchain/bin/../lib/gcc/avr/5.4.0/../../../../avr/lib/avr5\libm.a(fp_round.o)
 .text          0x00000000        0x0 c:/program files (x86)/atmel/studio/7.0/toolchain/avr8/avr8-gnu-toolchain/bin/../lib/gcc/avr/5.4.0/../../../../avr/lib/avr5\libm.a(fp_split3.o)
 .data          0x00000000        0x0 c:/program files (x86)/atmel/studio/7.0/toolchain/avr8/avr8-gnu-toolchain/bin/../lib/gcc/avr/5.4.0/../../../../avr/lib/avr5\libm.a(fp_split3.o)
 .bss           0x00000000        0x0 c:/program files (x86)/atmel/studio/7.0/toolchain/avr8/avr8-gnu-toolchain/bin/../lib/gcc/avr/5.4.0/../../../../avr/lib/avr5\libm.a(fp_split3.o)
 .text          0x00000000        0x0 c:/program files (x86)/atmel/studio/7.0/toolchain/avr8/avr8-gnu-toolchain/bin/../lib/gcc/avr/5.4.0/../../../../avr/lib/avr5\libm.a(fp_zero.o)
 .data          0x00000000        0x0 c:/program files (x86)/atmel/studio/7.0/toolchain/avr8/avr8-gnu-toolchain/bin/../lib/gcc/avr/5.4.0/../../../../avr/lib/avr5\libm.a(fp_zero.o)
 .bss           0x00000000        0x0 c:/program files (x86)/atmel/studio/7.0/toolchain/avr8/avr8-gnu-toolchain/bin/../lib/gcc/avr/5.4.0/../../../../avr/lib/avr5\libm.a(fp_zero.o)
 .text          0x00000000        0x0 c:/program files (x86)/atmel/studio/7.0/toolchain/avr8/avr8-gnu-toolchain/bin/../lib/gcc/avr/5.4.0/../../../../avr/lib/avr5\libm.a(mulsf3.o)
 .data          0x00000000        0x0 c:/program files (x86)/atmel/studio/7.0/toolchain/avr8/avr8-gnu-toolchain/bin/../lib/gcc/avr/5.4.0/../../../../avr/lib/avr5\libm.a(mulsf3.o)
 .bss           0x00000000        0x0 c:/program files (x86)/atmel/studio/7.0/toolchain/avr8/avr8-gnu-toolchain/bin/../lib/gcc/avr/5.4.0/../../../../avr/lib/avr5\libm.a(mulsf3.o)
 .text          0x00000000        0x0 c:/program files (x86)/atmel/studio/7.0/toolchain/avr8/avr8-gnu-toolchain/bin/../lib/gcc/avr/5.4.0/../../../../avr/lib/avr5\libm.a(mulsf3x.o)
 .data          0x00000000        0x0 c:/program files (x86)/atmel/studio/7.0/toolchain/avr8/avr8-gnu-toolchain/bin/../lib/gcc/avr/5.4.0/../../../../avr/lib/avr5\libm.a(mulsf3x.o)
 .bss           0x00000000        0x0 c:/program files (x86)/atmel/studio/7.0/toolchain/avr8/avr8-gnu-toolchain/bin/../lib/gcc/avr/5.4.0/../../../../avr/lib/avr5\libm.a(mulsf3x.o)
 .text          0x00000000        0x0 c:/program files (x86)/atmel/studio/7.0/toolchain/avr8/avr8-gnu-toolchain/bin/../lib/gcc/avr/5.4.0/avr5\libgcc.a(_exit.o)
 .data          0x00000000        0x0 c:/program files (x86)/atmel/studio/7.0/toolchain/avr8/avr8-gnu-toolchain/bin/../lib/gcc/avr/5.4.0/avr5\libgcc.a(_exit.o)
 .bss           0x00000000        0x0 c:/program files (x86)/atmel/studio/7.0/toolchain/avr8/avr8-gnu-toolchain/bin/../lib/gcc/avr/5.4.0/avr5\libgcc.a(_exit.o)
 .text.libgcc.mul
                0x00000000        0x0 c:/program files (x86)/atmel/studio/7.0/toolchain/avr8/avr8-gnu-toolchain/bin/../lib/gcc/avr/5.4.0/avr5\libgcc.a(_exit.o)
 .text.libgcc.div
                0x00000000        0x0 c:/program files (x86)/atmel/studio/7.0/toolchain/avr8/avr8-gnu-toolchain/bin/../lib/gcc/avr/5.4.0/avr5\libgcc.a(_exit.o)
 .text.libgcc   0x00000000        0x0 c:/program files (x86)/atmel/studio/7.0/toolchain/avr8/avr8-gnu-toolchain/bin/../lib/gcc/avr/5.4.0/avr5\libgcc.a(_exit.o)
 .text.libgcc.prologue
                0x00000000        0x0 c:/program files (x86)/atmel/studio/7.0/toolchain/avr8/avr8-gnu-toolchain/bin/../lib/gcc/avr/5.4.0/avr5\libgcc.a(_exit.o)
 .text.libgcc.builtins
                0x00000000        0x0 c:/program files (x86)/atmel/studio/7.0/toolchain/avr8/avr8-gnu-toolchain/bin/../lib/gcc/avr/5.4.0/avr5\libgcc.a(_exit.o)
 .text.libgcc.fmul
                0x00000000        0x0 c:/program files (x86)/atmel/studio/7.0/toolchain/avr8/avr8-gnu-toolchain/bin/../lib/gcc/avr/5.4.0/avr5\libgcc.a(_exit.o)
 .text.libgcc.fixed
                0x00000000        0x0 c:/program files (x86)/atmel/studio/7.0/toolchain/avr8/avr8-gnu-toolchain/bin/../lib/gcc/avr/5.4.0/avr5\libgcc.a(_exit.o)
 .text          0x00000000        0x0 c:/program files (x86)/atmel/studio/7.0/toolchain/avr8/avr8-gnu-toolchain/bin/../lib/gcc/avr/5.4.0/avr5\libgcc.a(_copy_data.o)
 .data          0x00000000        0x0 c:/program files (x86)/atmel/studio/7.0/toolchain/avr8/avr8-gnu-toolchain/bin/../lib/gcc/avr/5.4.0/avr5\libgcc.a(_copy_data.o)
 .bss           0x00000000        0x0 c:/program files (x86)/atmel/studio/7.0/toolchain/avr8/avr8-gnu-toolchain/bin/../lib/gcc/avr/5.4.0/avr5\libgcc.a(_copy_data.o)
 .text.libgcc.mul
                0x00000000        0x0 c:/program files (x86)/atmel/studio/7.0/toolchain/avr8/avr8-gnu-toolchain/bin/../lib/gcc/avr/5.4.0/avr5\libgcc.a(_copy_data.o)
 .text.libgcc.div
                0x00000000        0x0 c:/program files (x86)/atmel/studio/7.0/toolchain/avr8/avr8-gnu-toolchain/bin/../lib/gcc/avr/5.4.0/avr5\libgcc.a(_copy_data.o)
 .text.libgcc   0x00000000        0x0 c:/program files (x86)/atmel/studio/7.0/toolchain/avr8/avr8-gnu-toolchain/bin/../lib/gcc/avr/5.4.0/avr5\libgcc.a(_copy_data.o)
 .text.libgcc.prologue
                0x00000000        0x0 c:/program files (x86)/atmel/studio/7.0/toolchain/avr8/avr8-gnu-toolchain/bin/../lib/gcc/avr/5.4.0/avr5\libgcc.a(_copy_data.o)
 .text.libgcc.builtins
                0x00000000        0x0 c:/program files (x86)/atmel/studio/7.0/toolchain/avr8/avr8-gnu-toolchain/bin/../lib/gcc/avr/5.4.0/avr5\libgcc.a(_copy_data.o)
 .text.libgcc.fmul
                0x00000000        0x0 c:/program files (x86)/atmel/studio/7.0/toolchain/avr8/avr8-gnu-toolchain/bin/../lib/gcc/avr/5.4.0/avr5\libgcc.a(_copy_data.o)
 .text.libgcc.fixed
                0x00000000        0x0 c:/program files (x86)/atmel/studio/7.0/toolchain/avr8/avr8-gnu-toolchain/bin/../lib/gcc/avr/5.4.0/avr5\libgcc.a(_copy_data.o)
 .text          0x00000000        0x0 c:/program files (x86)/atmel/studio/7.0/toolchain/avr8/avr8-gnu-toolchain/bin/../lib/gcc/avr/5.4.0/avr5\libgcc.a(_clear_bss.o)
 .data          0x00000000        0x0 c:/program files (x86)/atmel/studio/7.0/toolchain/avr8/avr8-gnu-toolchain/bin/../lib/gcc/avr/5.4.0/avr5\libgcc.a(_clear_bss.o)
 .bss           0x00000000        0x0 c:/program files (x86)/atmel/studio/7.0/toolchain/avr8/avr8-gnu-toolchain/bin/../lib/gcc/avr/5.4.0/avr5\libgcc.a(_clear_bss.o)
 .text.libgcc.mul
                0x00000000        0x0 c:/program files (x86)/atmel/studio/7.0/toolchain/avr8/avr8-gnu-toolchain/bin/../lib/gcc/avr/5.4.0/avr5\libgcc.a(_clear_bss.o)
 .text.libgcc.div
                0x00000000        0x0 c:/program files (x86)/atmel/studio/7.0/toolchain/avr8/avr8-gnu-toolchain/bin/../lib/gcc/avr/5.4.0/avr5\libgcc.a(_clear_bss.o)
 .text.libgcc   0x00000000        0x0 c:/program files (x86)/atmel/studio/7.0/toolchain/avr8/avr8-gnu-toolchain/bin/../lib/gcc/avr/5.4.0/avr5\libgcc.a(_clear_bss.o)
 .text.libgcc.prologue
                0x00000000        0x0 c:/program files (x86)/atmel/studio/7.0/toolchain/avr8/avr8-gnu-toolchain/bin/../lib/gcc/avr/5.4.0/avr5\libgcc.a(_clear_bss.o)
 .text.libgcc.builtins
                0x00000000        0x0 c:/program files (x86)/atmel/studio/7.0/toolchain/avr8/avr8-gnu-toolchain/bin/../lib/gcc/avr/5.4.0/avr5\libgcc.a(_clear_bss.o)
 .text.libgcc.fmul
                0x00000000        0x0 c:/program files (x86)/atmel/studio/7.0/toolchain/avr8/avr8-gnu-toolchain/bin/../lib/gcc/avr/5.4.0/avr5\libgcc.a(_clear_bss.o)
 .text.libgcc.fixed
                0x00000000        0x0 c:/program files (x86)/atmel/studio/7.0/toolchain/avr8/avr8-gnu-toolchain/bin/../lib/gcc/avr/5.4.0/avr5\libgcc.a(_clear_bss.o)
 .text          0x00000000        0x0 c:/program files (x86)/atmel/studio/7.0/toolchain/avr8/avr8-gnu-toolchain/bin/../lib/gcc/avr/5.4.0/avr5\libgcc.a(_umulhisi3.o)
 .data          0x00000000        0x0 c:/program files (x86)/atmel/studio/7.0/toolchain/avr8/avr8-gnu-toolchain/bin/../lib/gcc/avr/5.4.0/avr5\libgcc.a(_umulhisi3.o)
 .bss           0x00000000        0x0 c:/program files (x86)/atmel/studio/7.0/toolchain/avr8/avr8-gnu-toolchain/bin/../lib/gcc/avr/5.4.0/avr5\libgcc.a(_umulhisi3.o)
 .text.libgcc.div
                0x00000000        0x0 c:/program files (x86)/atmel/studio/7.0/toolchain/avr8/avr8-gnu-toolchain/bin/../lib/gcc/avr/5.4.0/avr5\libgcc.a(_umulhisi3.o)
 .text.libgcc   0x00000000        0x0 c:/program files (x86)/atmel/studio/7.0/toolchain/avr8/avr8-gnu-toolchain/bin/../lib/gcc/avr/5.4.0/avr5\libgcc.a(_umulhisi3.o)
 .text.libgcc.prologue
                0x00000000        0x0 c:/program files (x86)/atmel/studio/7.0/toolchain/avr8/avr8-gnu-toolchain/bin/../lib/gcc/avr/5.4.0/avr5\libgcc.a(_umulhisi3.o)
 .text.libgcc.builtins
                0x00000000        0x0 c:/program files (x86)/atmel/studio/7.0/toolchain/avr8/avr8-gnu-toolchain/bin/../lib/gcc/avr/5.4.0/avr5\libgcc.a(_umulhisi3.o)
 .text.libgcc.fmul
                0x00000000        0x0 c:/program files (x86)/atmel/studio/7.0/toolchain/avr8/avr8-gnu-toolchain/bin/../lib/gcc/avr/5.4.0/avr5\libgcc.a(_umulhisi3.o)
 .text.libgcc.fixed
                0x00000000        0x0 c:/program files (x86)/atmel/studio/7.0/toolchain/avr8/avr8-gnu-toolchain/bin/../lib/gcc/avr/5.4.0/avr5\libgcc.a(_umulhisi3.o)
 .text          0x00000000        0x0 c:/program files (x86)/atmel/studio/7.0/toolchain/avr8/avr8-gnu-toolchain/bin/../lib/gcc/avr/5.4.0/../../../../avr/lib/avr5\libc.a(memcpy.o)
 .data          0x00000000        0x0 c:/program files (x86)/atmel/studio/7.0/toolchain/avr8/avr8-gnu-toolchain/bin/../lib/gcc/avr/5.4.0/../../../../avr/lib/avr5\libc.a(memcpy.o)
 .bss           0x00000000        0x0 c:/program files (x86)/atmel/studio/7.0/toolchain/avr8/avr8-gnu-toolchain/bin/../lib/gcc/avr/5.4.0/../../../../avr/lib/avr5\libc.a(memcpy.o)
 .text.avr-libc
                0x00000000       0x12 c:/program files (x86)/atmel/studio/7.0/toolchain/avr8/avr8-gnu-toolchain/bin/../lib/gcc/avr/5.4.0/../../../../avr/lib/avr5\libc.a(memcpy.o)
 .text          0x00000000        0x0 c:/program files (x86)/atmel/studio/7.0/toolchain/avr8/avr8-gnu-toolchain/bin/../lib/gcc/avr/5.4.0/../../../../avr/lib/avr5\libc.a(memset.o)
 .data          0x00000000        0x0 c:/program files (x86)/atmel/studio/7.0/toolchain/avr8/avr8-gnu-toolchain/bin/../lib/gcc/avr/5.4.0/../../../../avr/lib/avr5\libc.a(memset.o)
 .bss           0x00000000        0x0 c:/program files (x86)/atmel/studio/7.0/toolchain/avr8/avr8-gnu-toolchain/bin/../lib/gcc/avr/5.4.0/../../../../avr/lib/avr5\libc.a(memset.o)
 .text          0x00000000        0x0 c:/program files (x86)/atmel/studio/7.0/toolchain/avr8/avr8-gnu-toolchain/bin/../lib/gcc/avr/5.4.0/../../../../avr/lib/avr5\libc.a(itoa.o)
 .data          0x00000000        0x0 c:/program files (x86)/atmel/studio/7.0/toolchain/avr8/avr8-gnu-toolchain/bin/../lib/gcc/avr/5.4.0/../../../../avr/lib/avr5\libc.a(itoa.o)
 .bss           0x00000000        0x0 c:/program files (x86)/atmel/studio/7.0/toolchain/avr8/avr8-gnu-toolchain/bin/../lib/gcc/avr/5.4.0/../../../../avr/lib/avr5\libc.a(itoa.o)
 .text          0x00000000        0x0 c:/program files (x86)/atmel/studio/7.0/toolchain/avr8/avr8-gnu-toolchain/bin/../lib/gcc/avr/5.4.0/../../../../avr/lib/avr5\libc.a(itoa_ncheck.o)
 .data          0x00000000        0x0 c:/program files (x86)/atmel/studio/7.0/toolchain/avr8/avr8-gnu-toolchain/bin/../lib/gcc/avr/5.4.0/../../../../avr/lib/avr5\libc.a(itoa_ncheck.o)
 .bss           0x00000000        0x0 c:/program files (x86)/atmel/studio/7.0/toolchain/avr8/avr8-gnu-toolchain/bin/../lib/gcc/avr/5.4.0/../../../../avr/lib/avr5\libc.a(itoa_ncheck.o)
 .text          0x00000000        0x0 c:/program files (x86)/atmel/studio/7.0/toolchain/avr8/avr8-gnu-toolchain/bin/../lib/gcc/avr/5.4.0/../../../../avr/lib/avr5\libc.a(utoa_ncheck.o)
 .data          0x00000000        0x0 c:/program files (x86)/atmel/studio/7.0/toolchain/avr8/avr8-gnu-toolchain/bin/../lib/gcc/avr/5.4.0/../../../../avr/lib/avr5\libc.a(utoa_ncheck.o)
 .bss           0x00000000        0x0 c:/program files (x86)/atmel/studio/7.0/toolchain/avr8/avr8-gnu-toolchain/bin/../lib/gcc/avr/5.4.0/../../../../avr/lib/avr5\libc.a(utoa_ncheck.o)
 .text          0x00000000        0x0 c:/program files (x86)/atmel/studio/7.0/toolchain/avr8/avr8-gnu-toolchain/bin/../lib/gcc/avr/5.4.0/../../../../avr/lib/avr5\libc.a(strrev.o)
 .data          0x00000000        0x0 c:/program files (x86)/atmel/studio/7.0/toolchain/avr8/avr8-gnu-toolchain/bin/../lib/gcc/avr/5.4.0/../../../../avr/lib/avr5\libc.a(strrev.o)
 .bss           0x00000000        0x0 c:/program files (x86)/atmel/studio/7.0/toolchain/avr8/avr8-gnu-toolchain/bin/../lib/gcc/avr/5.4.0/../../../../avr/lib/avr5\libc.a(strrev.o)

Memory Configuration

Name             Origin             Length             Attributes
text             0x00000000         0x00008000         xr
data             0x00800060         0x00000800         rw !x
eeprom           0x00810000         0x00000400         rw !x
fuse             0x00820000         0x00000002         rw !x
lock             0x00830000         0x00000400         rw !x
signature        0x00840000         0x00000400         rw !x
user_signatures  0x00850000         0x00000400         rw !x
*default*        0x00000000         0xffffffff

Linker script and memory map

LOAD C:/Program Files (x86)/Atmel/Studio/7.0/Packs/Atmel/ATmega_DFP/1.7.374/gcc/dev/atmega32a/avr5/crtatmega32a.o
LOAD adc.o
LOAD dc_motor.o
LOAD gpio.o
LOAD lcd.o
LOAD lm35_sensor.o
LOAD main.o
LOAD pwm_timer0.o
LOAD ThirdParty/FreeRTOS/Portable/croutine.o
LOAD ThirdParty/FreeRTOS/Portable/event_groups.o
LOAD ThirdParty/FreeRTOS/Portable/GCC/ATMega323/port.o
LOAD ThirdParty/FreeRTOS/Portable/list.o
LOAD ThirdParty/FreeRTOS/Portable/MemMang/heap_4.o
LOAD ThirdParty/FreeRTOS/Portable/queue.o
LOAD ThirdParty/FreeRTOS/Portable/tasks.o
LOAD ThirdParty/FreeRTOS/Portable/timers.o
START GROUP
LOAD c:/program files (x86)/atmel/studio/7.0/toolchain/avr8/avr8-gnu-toolchain/bin/../lib/gcc/avr/5.4.0/../../../../avr/lib/avr5\libm.a
END GROUP
START GROUP
LOAD c:/program files (x86)/atmel/studio/7.0/toolchain/avr8/avr8-gnu-toolchain/bin/../lib/gcc/avr/5.4.0/avr5\libgcc.a
LOAD c:/program files (x86)/atmel/studio/7.0/toolchain/avr8/avr8-gnu-toolchain/bin/../lib/gcc/avr/5.4.0/../../../../avr/lib/avr5\libm.a
LOAD c:/program files (x86)/atmel/studio/7.0/toolchain/avr8/avr8-gnu-toolchain/bin/../lib/gcc/avr/5.4.0/../../../../avr/lib/avr5\libc.a
LOAD C:/Program Files (x86)/Atmel/Studio/7.0/Packs/Atmel/ATmega_DFP/1.7.374/gcc/dev/atmega32a/avr5\libatmega32a.a
END GROUP
                [0x00000000]                __TEXT_REGION_ORIGIN__ = DEFINED (__TEXT_REGION_ORIGIN__)?__TEXT_REGION_ORIGIN__:0x0
                [0x00800060]                __DATA_REGION_ORIGIN__ = DEFINED (__DATA_REGION_ORIGIN__)?__DATA_REGION_ORIGIN__:0x800060
                [0x00008000]                __TEXT_REGION_LENGTH__ = DEFINED (__TEXT_REGION_LENGTH__)?__TEXT_REGION_LENGTH__:0x20000
                [0x00000800]                __DATA_REGION_LENGTH__ = DEFINED (__DATA_REGION_LENGTH__)?__DATA_REGION_LENGTH__:0xffa0
                [0x00000400]                __EEPROM_REGION_LENGTH__ = DEFINED (__EEPROM_REGION_LENGTH__)?__EEPROM_REGION_LENGTH__:0x10000
                [0x00000002]                __FUSE_REGION_LENGTH__ = DEFINED (__FUSE_REGION_LENGTH__)?__FUSE_REGION_LENGTH__:0x400
                0x00000400                __LOCK_REGION_LENGTH__ = DEFINED (__LOCK_REGION_LENGTH__)?__LOCK_REGION_LENGTH__:0x400
                0x00000400                __SIGNATURE_REGION_LENGTH__ = DEFINED (__SIGNATURE_REGION_LENGTH__)?__SIGNATURE_REGION_LENGTH__:0x400
                0x00000400                __USER_SIGNATURE_REGION_LENGTH__ = DEFINED (__USER_SIGNATURE_REGION_LENGTH__)?__USER_SIGNATURE_REGION_LENGTH__:0x400

.hash
 *(.hash)

.dynsym
 *(.dynsym)

.dynstr
 *(.dynstr)

.gnu.version
 *(.gnu.version)

.gnu.version_d
 *(.gnu.version_d)

.gnu.version_r
 *(.gnu.version_r)

.rel.init
 *(.rel.init)

.rela.init
 *(.rela.init)

.rel.text
 *(.rel.text)
 *(.rel.text.*)
 *(.rel.gnu.linkonce.t*)

.rela.text
 *(.rela.text)
 *(.rela.text.*)
 *(.rela.gnu.linkonce.t*)

.rel.fini
 *(.rel.fini)

.rela.fini
 *(.rela.fini)

.rel.rodata
 *(.rel.rodata)
 *(.rel.rodata.*)
 *(.rel.gnu.linkonce.r*)

.rela.rodata
 *(.rela.rodata)
 *(.rela.rodata.*)
 *(.rela.gnu.linkonce.r*)

.rel.data
 *(.rel.data)
 *(.rel.data.*)
 *(.rel.gnu.linkonce.d*)

.rela.data
 *(.rela.data)
 *(.rela.data.*)
 *(.rela.gnu.linkonce.d*)

.rel.ctors
 *(.rel.ctors)

.rela.ctors
 *(.rela.ctors)

.rel.dtors
 *(.rel.dtors)

.rela.dtors
 *(.rela.dtors)

.rel.got
 *(.rel.got)

.rela.got
 *(.rela.got)

.rel.bss
 *(.rel.bss)

.rela.bss
 *(.rela.bss)

.rel.plt
 *(.rel.plt)

.rela.plt
 *(.rela.plt)

.text           0x00000000     0x193e
 *(.vectors)
 .vectors       0x00000000       0x54 C:/Program Files (x86)/Atmel/Studio/7.0/Packs/Atmel/ATmega_DFP/1.7.374/gcc/dev/atmega32a/avr5/crtatmega32a.o
                0x00000000                __vector_default
                0x00000000                __vectors
 *(.vectors)
 *(.progmem.gcc*)
                0x00000054                . = ALIGN (0x2)
                0x00000054                __trampolines_start = .
 *(.trampolines)
 .trampolines   0x00000054        0x0 linker stubs
 *(.trampolines*)
                0x00000054                __trampolines_end = .
 *libprintf_flt.a:*(.progmem.data)
 *libc.a:*(.progmem.data)
 *(.progmem*)
                0x00000054                . = ALIGN (0x2)
 *(.jumptables)
 *(.jumptables*)
 *(.lowtext)
 *(.lowtext*)
                0x00000054                __ctors_start = .
 *(.ctors)
                0x00000054                __ctors_end = .
                0x00000054                __dtors_start = .
 *(.dtors)
                0x00000054                __dtors_end = .
 SORT(*)(.ctors)
 SORT(*)(.dtors)
 *(.init0)
 .init0         0x00000054        0x0 C:/Program Files (x86)/Atmel/Studio/7.0/Packs/Atmel/ATmega_DFP/1.7.374/gcc/dev/atmega32a/avr5/crtatmega32a.o
                0x00000054                __init
 *(.init0)
 *(.init1)
 *(.init1)
 *(.init2)
 .init2         0x00000054        0xc C:/Program Files (x86)/Atmel/Studio/7.0/Packs/Atmel/ATmega_DFP/1.7.374/gcc/dev/atmega32a/avr5/crtatmega32a.o
 *(.init2)
 *(.init3)
 *(.init3)
 *(.init4)
 .init4         0x00000060       0x16 c:/program files (x86)/atmel/studio/7.0/toolchain/avr8/avr8-gnu-toolchain/bin/../lib/gcc/avr/5.4.0/avr5\libgcc.a(_copy_data.o)
                0x00000060                __do_copy_data
 .init4         0x00000076       0x10 c:/program files (x86)/atmel/studio/7.0/toolchain/avr8/avr8-gnu-toolchain/bin/../lib/gcc/avr/5.4.0/avr5\libgcc.a(_clear_bss.o)
                0x00000076                __do_clear_bss
 *(.init4)
 *(.init5)
 *(.init5)
 *(.init6)
 *(.init6)
 *(.init7)
 *(.init7)
 *(.init8)
 *(.init8)
 *(.init9)
 .init9         0x00000086        0x8 C:/Program Files (x86)/Atmel/Studio/7.0/Packs/Atmel/ATmega_DFP/1.7.374/gcc/dev/atmega32a/avr5/crtatmega32a.o
 *(.init9)
 *(.text)
 .text          0x0000008e        0x4 C:/Program Files (x86)/Atmel/Studio/7.0/Packs/Atmel/ATmega_DFP/1.7.374/gcc/dev/atmega32a/avr5/crtatmega32a.o
                0x0000008e                __vector_1
                0x0000008e                __vector_12
                0x0000008e                __bad_interrupt
                0x0000008e                __vector_6
                0x0000008e                __vector_3
                0x0000008e                __vector_11
                0x0000008e                __vector_13
                0x0000008e                __vector_17
                0x0000008e                __vector_19
                0x0000008e                __vector_5
                0x0000008e                __vector_4
                0x0000008e                __vector_9
                0x0000008e                __vector_2
                0x0000008e                __vector_15
                0x0000008e                __vector_8
                0x0000008e                __vector_14
                0x0000008e                __vector_10
                0x0000008e                __vector_16
                0x0000008e                __vector_18
                0x0000008e                __vector_20
                0x00000092                . = ALIGN (0x2)
 *(.text.*)
 .text.ADC_init
                0x00000092       0x22 adc.o
                0x00000092                ADC_init
 .text.ADC_readChannel
                0x000000b4       0x24 adc.o
                0x000000b4                ADC_readChannel
 .text.DcMotor_Init
                0x000000d8       0x2a dc_motor.o
                0x000000d8                DcMotor_Init
 .text.DcMotor_Rotate
                0x00000102       0x64 dc_motor.o
                0x00000102                DcMotor_Rotate
 .text.GPIO_setupPinDirection
                0x00000166       0xe6 gpio.o
                0x00000166                GPIO_setupPinDirection
 .text.GPIO_writePin
                0x0000024c       0xe6 gpio.o
                0x0000024c                GPIO_writePin
 .text.GPIO_setupPortDirection
                0x00000332       0x24 gpio.o
                0x00000332                GPIO_setupPortDirection
 .text.GPIO_writePort
                0x00000356       0x24 gpio.o
                0x00000356                GPIO_writePort
 .text.LCD_sendCommand
                0x0000037a       0x5e lcd.o
                0x0000037a                LCD_sendCommand
 .text.LCD_init
                0x000003d8       0x3c lcd.o
                0x000003d8                LCD_init
 .text.LCD_displayCharacter
                0x00000414       0x5e lcd.o
                0x00000414                LCD_displayCharacter
 .text.LCD_displayString
                0x00000472       0x26 lcd.o
                0x00000472                LCD_displayString
 .text.LCD_moveCursor
                0x00000498       0x2e lcd.o
                0x00000498                LCD_moveCursor
 .text.LCD_intgerToString
                0x000004c6       0x3c lcd.o
                0x000004c6                LCD_intgerToString
 .text.LM35_getTemperature
                0x00000502       0x34 lm35_sensor.o
                0x00000502                LM35_getTemperature
 .text.vLcd_Task
                0x00000536       0x92 main.o
                0x00000536                vLcd_Task
 .text.vTemp_Task
                0x000005c8       0x42 main.o
                0x000005c8                vTemp_Task
 .text.vMotor_LED_Task
                0x0000060a       0x6c main.o
                0x0000060a                vMotor_LED_Task
 .text.main     0x00000676       0xa0 main.o
                0x00000676                main
 .text.PWM_Timer0_Start
                0x00000716       0x3c pwm_timer0.o
                0x00000716                PWM_Timer0_Start
 .text.prvSetupTimerInterrupt
                0x00000752       0x12 ThirdParty/FreeRTOS/Portable/GCC/ATMega323/port.o
 .text.pxPortInitialiseStack
                0x00000764       0xd8 ThirdParty/FreeRTOS/Portable/GCC/ATMega323/port.o
                0x00000764                pxPortInitialiseStack
 .text.xPortStartScheduler
                0x0000083c       0x5e ThirdParty/FreeRTOS/Portable/GCC/ATMega323/port.o
                0x0000083c                xPortStartScheduler
 .text.vPortYield
                0x0000089a       0xb2 ThirdParty/FreeRTOS/Portable/GCC/ATMega323/port.o
                0x0000089a                vPortYield
 .text.vPortYieldFromTick
                0x0000094c       0xb8 ThirdParty/FreeRTOS/Portable/GCC/ATMega323/port.o
                0x0000094c                vPortYieldFromTick
 .text.__vector_7
                0x00000a04        0x6 ThirdParty/FreeRTOS/Portable/GCC/ATMega323/port.o
                0x00000a04                __vector_7
 .text.vListInitialise
                0x00000a0a       0x1c ThirdParty/FreeRTOS/Portable/list.o
                0x00000a0a                vListInitialise
 .text.vListInitialiseItem
                0x00000a26        0x8 ThirdParty/FreeRTOS/Portable/list.o
                0x00000a26                vListInitialiseItem
 .text.vListInsertEnd
                0x00000a2e       0x42 ThirdParty/FreeRTOS/Portable/list.o
                0x00000a2e                vListInsertEnd
 .text.vListInsert
                0x00000a70       0x62 ThirdParty/FreeRTOS/Portable/list.o
                0x00000a70                vListInsert
 .text.uxListRemove
                0x00000ad2       0x4e ThirdParty/FreeRTOS/Portable/list.o
                0x00000ad2                uxListRemove
 .text.prvHeapInit
                0x00000b20       0x52 ThirdParty/FreeRTOS/Portable/MemMang/heap_4.o
 .text.prvInsertBlockIntoFreeList
                0x00000b72       0x94 ThirdParty/FreeRTOS/Portable/MemMang/heap_4.o
 .text.pvPortMalloc
                0x00000c06      0x14c ThirdParty/FreeRTOS/Portable/MemMang/heap_4.o
                0x00000c06                pvPortMalloc
 .text.vPortFree
                0x00000d52       0x7c ThirdParty/FreeRTOS/Portable/MemMang/heap_4.o
                0x00000d52                vPortFree
 .text.prvResetNextTaskUnblockTime
                0x00000dce       0x38 ThirdParty/FreeRTOS/Portable/tasks.o
 .text.prvInitialiseNewTask
                0x00000e06      0x116 ThirdParty/FreeRTOS/Portable/tasks.o
 .text.prvIdleTask
                0x00000f1c        0xe ThirdParty/FreeRTOS/Portable/tasks.o
 .text.prvInitialiseTaskLists
                0x00000f2a       0x66 ThirdParty/FreeRTOS/Portable/tasks.o
 .text.prvAddNewTaskToReadyList
                0x00000f90       0xba ThirdParty/FreeRTOS/Portable/tasks.o
 .text.prvAddCurrentTaskToDelayedList
                0x0000104a       0xb0 ThirdParty/FreeRTOS/Portable/tasks.o
 .text.xTaskCreate
                0x000010fa       0xa8 ThirdParty/FreeRTOS/Portable/tasks.o
                0x000010fa                xTaskCreate
 .text.vTaskStartScheduler
                0x000011a2       0x58 ThirdParty/FreeRTOS/Portable/tasks.o
                0x000011a2                vTaskStartScheduler
 .text.vTaskSuspendAll
                0x000011fa        0xc ThirdParty/FreeRTOS/Portable/tasks.o
                0x000011fa                vTaskSuspendAll
 .text.xTaskGetTickCount
                0x00001206       0x14 ThirdParty/FreeRTOS/Portable/tasks.o
                0x00001206                xTaskGetTickCount
 .text.xTaskIncrementTick
                0x0000121a      0x17c ThirdParty/FreeRTOS/Portable/tasks.o
                0x0000121a                xTaskIncrementTick
 .text.xTaskResumeAll
                0x00001396       0xec ThirdParty/FreeRTOS/Portable/tasks.o
                0x00001396                xTaskResumeAll
 .text.vTaskDelay
                0x00001482       0x2c ThirdParty/FreeRTOS/Portable/tasks.o
                0x00001482                vTaskDelay
 .text.vTaskSwitchContext
                0x000014ae       0xa8 ThirdParty/FreeRTOS/Portable/tasks.o
                0x000014ae                vTaskSwitchContext
 .text.avr-libc.fplib
                0x00001556        0x8 c:/program files (x86)/atmel/studio/7.0/toolchain/avr8/avr8-gnu-toolchain/bin/../lib/gcc/avr/5.4.0/../../../../avr/lib/avr5\libm.a(divsf3.o)
                0x00001556                __divsf3
 .text.avr-libc.fplib
                0x0000155e       0xdc c:/program files (x86)/atmel/studio/7.0/toolchain/avr8/avr8-gnu-toolchain/bin/../lib/gcc/avr/5.4.0/../../../../avr/lib/avr5\libm.a(divsf3x.o)
                0x0000157e                __divsf3x
                0x00001584                __divsf3_pse
 .text.avr-libc.fplib
                0x0000163a       0x5e c:/program files (x86)/atmel/studio/7.0/toolchain/avr8/avr8-gnu-toolchain/bin/../lib/gcc/avr/5.4.0/../../../../avr/lib/avr5\libm.a(fixunssfsi.o)
                0x0000163a                __fixunssfsi
 .text.avr-libc.fplib
                0x00001698       0x7a c:/program files (x86)/atmel/studio/7.0/toolchain/avr8/avr8-gnu-toolchain/bin/../lib/gcc/avr/5.4.0/../../../../avr/lib/avr5\libm.a(floatsisf.o)
                0x00001698                __floatunsisf
                0x0000169c                __floatsisf
 .text.avr-libc.fplib
                0x00001712        0xc c:/program files (x86)/atmel/studio/7.0/toolchain/avr8/avr8-gnu-toolchain/bin/../lib/gcc/avr/5.4.0/../../../../avr/lib/avr5\libm.a(fp_inf.o)
                0x00001712                __fp_inf
 .text.avr-libc.fplib
                0x0000171e        0x6 c:/program files (x86)/atmel/studio/7.0/toolchain/avr8/avr8-gnu-toolchain/bin/../lib/gcc/avr/5.4.0/../../../../avr/lib/avr5\libm.a(fp_nan.o)
                0x0000171e                __fp_nan
 .text.avr-libc.fplib
                0x00001724        0xe c:/program files (x86)/atmel/studio/7.0/toolchain/avr8/avr8-gnu-toolchain/bin/../lib/gcc/avr/5.4.0/../../../../avr/lib/avr5\libm.a(fp_pscA.o)
                0x00001724                __fp_pscA
 .text.avr-libc.fplib
                0x00001732        0xe c:/program files (x86)/atmel/studio/7.0/toolchain/avr8/avr8-gnu-toolchain/bin/../lib/gcc/avr/5.4.0/../../../../avr/lib/avr5\libm.a(fp_pscB.o)
                0x00001732                __fp_pscB
 .text.avr-libc.fplib
                0x00001740       0x22 c:/program files (x86)/atmel/studio/7.0/toolchain/avr8/avr8-gnu-toolchain/bin/../lib/gcc/avr/5.4.0/../../../../avr/lib/avr5\libm.a(fp_round.o)
                0x00001740                __fp_round
 .text.avr-libc.fplib
                0x00001762       0x44 c:/program files (x86)/atmel/studio/7.0/toolchain/avr8/avr8-gnu-toolchain/bin/../lib/gcc/avr/5.4.0/../../../../avr/lib/avr5\libm.a(fp_split3.o)
                0x00001762                __fp_split3
                0x00001772                __fp_splitA
 .text.avr-libc.fplib
                0x000017a6        0xe c:/program files (x86)/atmel/studio/7.0/toolchain/avr8/avr8-gnu-toolchain/bin/../lib/gcc/avr/5.4.0/../../../../avr/lib/avr5\libm.a(fp_zero.o)
                0x000017a6                __fp_zero
                0x000017a8                __fp_szero
 .text.avr-libc.fplib
                0x000017b4        0x8 c:/program files (x86)/atmel/studio/7.0/toolchain/avr8/avr8-gnu-toolchain/bin/../lib/gcc/avr/5.4.0/../../../../avr/lib/avr5\libm.a(mulsf3.o)
                0x000017b4                __mulsf3
 .text.avr-libc.fplib
                0x000017bc       0xd2 c:/program files (x86)/atmel/studio/7.0/toolchain/avr8/avr8-gnu-toolchain/bin/../lib/gcc/avr/5.4.0/../../../../avr/lib/avr5\libm.a(mulsf3x.o)
                0x000017da                __mulsf3x
                0x000017e0                __mulsf3_pse
 .text.libgcc.mul
                0x0000188e       0x1e c:/program files (x86)/atmel/studio/7.0/toolchain/avr8/avr8-gnu-toolchain/bin/../lib/gcc/avr/5.4.0/avr5\libgcc.a(_umulhisi3.o)
                0x0000188e                __umulhisi3
 .text.avr-libc
                0x000018ac        0xe c:/program files (x86)/atmel/studio/7.0/toolchain/avr8/avr8-gnu-toolchain/bin/../lib/gcc/avr/5.4.0/../../../../avr/lib/avr5\libc.a(memset.o)
                0x000018ac                memset
 .text.avr-libc
                0x000018ba       0x16 c:/program files (x86)/atmel/studio/7.0/toolchain/avr8/avr8-gnu-toolchain/bin/../lib/gcc/avr/5.4.0/../../../../avr/lib/avr5\libc.a(itoa.o)
                0x000018ba                __itoa
                0x000018ba                itoa
 .text.avr-libc
                0x000018d0       0x16 c:/program files (x86)/atmel/studio/7.0/toolchain/avr8/avr8-gnu-toolchain/bin/../lib/gcc/avr/5.4.0/../../../../avr/lib/avr5\libc.a(itoa_ncheck.o)
                0x000018d0                __itoa_ncheck
 .text.avr-libc
                0x000018e6       0x34 c:/program files (x86)/atmel/studio/7.0/toolchain/avr8/avr8-gnu-toolchain/bin/../lib/gcc/avr/5.4.0/../../../../avr/lib/avr5\libc.a(utoa_ncheck.o)
                0x000018e6                __utoa_ncheck
                0x000018e8                __utoa_common
 .text.avr-libc
                0x0000191a       0x20 c:/program files (x86)/atmel/studio/7.0/toolchain/avr8/avr8-gnu-toolchain/bin/../lib/gcc/avr/5.4.0/../../../../avr/lib/avr5\libc.a(strrev.o)
                0x0000191a                strrev
                0x0000193a                . = ALIGN (0x2)
 *(.fini9)
 .fini9         0x0000193a        0x0 c:/program files (x86)/atmel/studio/7.0/toolchain/avr8/avr8-gnu-toolchain/bin/../lib/gcc/avr/5.4.0/avr5\libgcc.a(_exit.o)
                0x0000193a                _exit
                0x0000193a                exit
 *(.fini9)
 *(.fini8)
 *(.fini8)
 *(.fini7)
 *(.fini7)
 *(.fini6)
 *(.fini6)
 *(.fini5)
 *(.fini5)
 *(.fini4)
 *(.fini4)
 *(.fini3)
 *(.fini3)
 *(.fini2)
 *(.fini2)
 *(.fini1)
 *(.fini1)
 *(.fini0)
 .fini0         0x0000193a        0x4 c:/program files (x86)/atmel/studio/7.0/toolchain/avr8/avr8-gnu-toolchain/bin/../lib/gcc/avr/5.4.0/avr5\libgcc.a(_exit.o)
 *(.fini0)
                0x0000193e                _etext = .

.data           0x00800060       0x4a load address 0x0000193e
                0x00800060                PROVIDE (__data_start, .)
 *(.data)
 *(.data*)
 .data.uxTopUsedPriority
                0x00800060        0x1 ThirdParty/FreeRTOS/Portable/tasks.o
                0x00800060                uxTopUsedPriority
 *(.gnu.linkonce.d*)
 *(.rodata)
 *(.rodata*)
 .rodata.str1.1
                0x00800061       0x44 main.o
 .rodata.str1.1
                0x008000a5        0x5 ThirdParty/FreeRTOS/Portable/tasks.o
 *(.gnu.linkonce.r*)
                0x008000aa                . = ALIGN (0x2)
                0x008000aa                _edata = .
                0x008000aa                PROVIDE (__data_end, .)

.bss            0x008000aa      0x663
                0x008000aa                PROVIDE (__bss_start, .)
 *(.bss)
 *(.bss*)
 .bss.Fan       0x008000aa        0x1 main.o
                0x008000aa                Fan
 .bss.G_temp    0x008000ab        0x1 main.o
 .bss.g_end_t3  0x008000ac        0x2 main.o
                0x008000ac                g_end_t3
 .bss.g_start_t3
                0x008000ae        0x2 main.o
                0x008000ae                g_start_t3
 .bss.g_end_t2  0x008000b0        0x2 main.o
                0x008000b0                g_end_t2
 .bss.g_start_t2
                0x008000b2        0x2 main.o
                0x008000b2                g_start_t2
 .bss.g_end_t1  0x008000b4        0x2 main.o
                0x008000b4                g_end_t1
 .bss.g_start_t1
                0x008000b6        0x2 main.o
                0x008000b6                g_start_t1
 .bss.g_Task3_duartion
                0x008000b8        0x2 main.o
                0x008000b8                g_Task3_duartion
 .bss.g_Task2_duartion
                0x008000ba        0x2 main.o
                0x008000ba                g_Task2_duartion
 .bss.g_Task1_duartion
                0x008000bc        0x2 main.o
                0x008000bc                g_Task1_duartion
 .bss.xBlockAllocatedBit
                0x008000be        0x2 ThirdParty/FreeRTOS/Portable/MemMang/heap_4.o
 .bss.xNumberOfSuccessfulFrees
                0x008000c0        0x2 ThirdParty/FreeRTOS/Portable/MemMang/heap_4.o
 .bss.xNumberOfSuccessfulAllocations
                0x008000c2        0x2 ThirdParty/FreeRTOS/Portable/MemMang/heap_4.o
 .bss.xMinimumEverFreeBytesRemaining
                0x008000c4        0x2 ThirdParty/FreeRTOS/Portable/MemMang/heap_4.o
 .bss.xFreeBytesRemaining
                0x008000c6        0x2 ThirdParty/FreeRTOS/Portable/MemMang/heap_4.o
 .bss.pxEnd     0x008000c8        0x2 ThirdParty/FreeRTOS/Portable/MemMang/heap_4.o
 .bss.xStart    0x008000ca        0x4 ThirdParty/FreeRTOS/Portable/MemMang/heap_4.o
 .bss.ucHeap    0x008000ce      0x5dc ThirdParty/FreeRTOS/Portable/MemMang/heap_4.o
 .bss.uxSchedulerSuspended
                0x008006aa        0x1 ThirdParty/FreeRTOS/Portable/tasks.o
 .bss.xIdleTaskHandle
                0x008006ab        0x2 ThirdParty/FreeRTOS/Portable/tasks.o
 .bss.xNextTaskUnblockTime
                0x008006ad        0x2 ThirdParty/FreeRTOS/Portable/tasks.o
 .bss.uxTaskNumber
                0x008006af        0x1 ThirdParty/FreeRTOS/Portable/tasks.o
 .bss.xNumOfOverflows
                0x008006b0        0x1 ThirdParty/FreeRTOS/Portable/tasks.o
 .bss.xYieldPending
                0x008006b1        0x1 ThirdParty/FreeRTOS/Portable/tasks.o
 .bss.xPendedTicks
                0x008006b2        0x2 ThirdParty/FreeRTOS/Portable/tasks.o
 .bss.xSchedulerRunning
                0x008006b4        0x1 ThirdParty/FreeRTOS/Portable/tasks.o
 .bss.uxTopReadyPriority
                0x008006b5        0x1 ThirdParty/FreeRTOS/Portable/tasks.o
 .bss.xTickCount
                0x008006b6        0x2 ThirdParty/FreeRTOS/Portable/tasks.o
 .bss.uxCurrentNumberOfTasks
                0x008006b8        0x1 ThirdParty/FreeRTOS/Portable/tasks.o
 .bss.xSuspendedTaskList
                0x008006b9        0x9 ThirdParty/FreeRTOS/Portable/tasks.o
 .bss.xPendingReadyList
                0x008006c2        0x9 ThirdParty/FreeRTOS/Portable/tasks.o
 .bss.pxOverflowDelayedTaskList
                0x008006cb        0x2 ThirdParty/FreeRTOS/Portable/tasks.o
 .bss.pxDelayedTaskList
                0x008006cd        0x2 ThirdParty/FreeRTOS/Portable/tasks.o
 .bss.xDelayedTaskList2
                0x008006cf        0x9 ThirdParty/FreeRTOS/Portable/tasks.o
 .bss.xDelayedTaskList1
                0x008006d8        0x9 ThirdParty/FreeRTOS/Portable/tasks.o
 .bss.pxReadyTasksLists
                0x008006e1       0x24 ThirdParty/FreeRTOS/Portable/tasks.o
 .bss.pxCurrentTCB
                0x00800705        0x2 ThirdParty/FreeRTOS/Portable/tasks.o
                0x00800705                pxCurrentTCB
 *(COMMON)
 COMMON         0x00800707        0x6 main.o
                0x00800707                Temp_Sensor_Handeler
                0x00800709                Dc_motor_Handler
                0x0080070b                Lcd_Handler
                0x0080070d                PROVIDE (__bss_end, .)
                0x0000193e                __data_load_start = LOADADDR (.data)
                0x00001988                __data_load_end = (__data_load_start + SIZEOF (.data))

.noinit         0x0080070d        0x0
                [!provide]                PROVIDE (__noinit_start, .)
 *(.noinit*)
                [!provide]                PROVIDE (__noinit_end, .)
                0x0080070d                _end = .
                [!provide]                PROVIDE (__heap_start, .)

.eeprom         0x00810000        0x0
 *(.eeprom*)
                0x00810000                __eeprom_end = .

.fuse
 *(.fuse)
 *(.lfuse)
 *(.hfuse)
 *(.efuse)

.lock
 *(.lock*)

.signature
 *(.signature*)

.user_signatures
 *(.user_signatures*)

.stab
 *(.stab)

.stabstr
 *(.stabstr)

.stab.excl
 *(.stab.excl)

.stab.exclstr
 *(.stab.exclstr)

.stab.index
 *(.stab.index)

.stab.indexstr
 *(.stab.indexstr)

.comment        0x00000000       0x30
 *(.comment)
 .comment       0x00000000       0x30 adc.o
                                 0x31 (size before relaxing)
 .comment       0x00000030       0x31 dc_motor.o
 .comment       0x00000030       0x31 gpio.o
 .comment       0x00000030       0x31 lcd.o
 .comment       0x00000030       0x31 lm35_sensor.o
 .comment       0x00000030       0x31 main.o
 .comment       0x00000030       0x31 pwm_timer0.o
 .comment       0x00000030       0x31 ThirdParty/FreeRTOS/Portable/GCC/ATMega323/port.o
 .comment       0x00000030       0x31 ThirdParty/FreeRTOS/Portable/list.o
 .comment       0x00000030       0x31 ThirdParty/FreeRTOS/Portable/MemMang/heap_4.o
 .comment       0x00000030       0x31 ThirdParty/FreeRTOS/Portable/tasks.o

.note.gnu.avr.deviceinfo
                0x00000000       0x3c
 .note.gnu.avr.deviceinfo
                0x00000000       0x3c C:/Program Files (x86)/Atmel/Studio/7.0/Packs/Atmel/ATmega_DFP/1.7.374/gcc/dev/atmega32a/avr5/crtatmega32a.o

.note.gnu.build-id
 *(.note.gnu.build-id)

.debug
 *(.debug)

.line
 *(.line)

.debug_srcinfo
 *(.debug_srcinfo)

.debug_sfnames
 *(.debug_sfnames)

.debug_aranges  0x00000000      0x3d8
 *(.debug_aranges)
 .debug_aranges
                0x00000000       0x28 adc.o
 .debug_aranges
                0x00000028       0x28 dc_motor.o
 .debug_aranges
                0x00000050       0x48 gpio.o
 .debug_aranges
                0x00000098       0x58 lcd.o
 .debug_aranges
                0x000000f0       0x20 lm35_sensor.o
 .debug_aranges
                0x00000110       0x38 main.o
 .debug_aranges
                0x00000148       0x20 pwm_timer0.o
 .debug_aranges
                0x00000168       0x50 ThirdParty/FreeRTOS/Portable/GCC/ATMega323/port.o
 .debug_aranges
                0x000001b8       0x40 ThirdParty/FreeRTOS/Portable/list.o
 .debug_aranges
                0x000001f8       0x58 ThirdParty/FreeRTOS/Portable/MemMang/heap_4.o
 .debug_aranges
                0x00000250      0x188 ThirdParty/FreeRTOS/Portable/tasks.o

.debug_pubnames
 *(.debug_pubnames)

.debug_info     0x00000000     0x4476
 *(.debug_info .gnu.linkonce.wi.*)
 .debug_info    0x00000000      0x4e6 C:/Program Files (x86)/Atmel/Studio/7.0/Packs/Atmel/ATmega_DFP/1.7.374/gcc/dev/atmega32a/avr5/crtatmega32a.o
 .debug_info    0x000004e6      0x1b1 adc.o
 .debug_info    0x00000697      0x291 dc_motor.o
 .debug_info    0x00000928      0x257 gpio.o
 .debug_info    0x00000b7f      0x6fd lcd.o
 .debug_info    0x0000127c       0xea lm35_sensor.o
 .debug_info    0x00001366      0x734 main.o
 .debug_info    0x00001a9a       0xfd pwm_timer0.o
 .debug_info    0x00001b97      0x24e ThirdParty/FreeRTOS/Portable/GCC/ATMega323/port.o
 .debug_info    0x00001de5      0x2d8 ThirdParty/FreeRTOS/Portable/list.o
 .debug_info    0x000020bd      0x4b6 ThirdParty/FreeRTOS/Portable/MemMang/heap_4.o
 .debug_info    0x00002573     0x1f03 ThirdParty/FreeRTOS/Portable/tasks.o

.debug_abbrev   0x00000000     0x125e
 *(.debug_abbrev)
 .debug_abbrev  0x00000000      0x4a3 C:/Program Files (x86)/Atmel/Studio/7.0/Packs/Atmel/ATmega_DFP/1.7.374/gcc/dev/atmega32a/avr5/crtatmega32a.o
 .debug_abbrev  0x000004a3       0xc0 adc.o
 .debug_abbrev  0x00000563       0xbf dc_motor.o
 .debug_abbrev  0x00000622      0x115 gpio.o
 .debug_abbrev  0x00000737      0x1b3 lcd.o
 .debug_abbrev  0x000008ea       0x82 lm35_sensor.o
 .debug_abbrev  0x0000096c      0x16a main.o
 .debug_abbrev  0x00000ad6       0xa3 pwm_timer0.o
 .debug_abbrev  0x00000b79      0x143 ThirdParty/FreeRTOS/Portable/GCC/ATMega323/port.o
 .debug_abbrev  0x00000cbc       0xff ThirdParty/FreeRTOS/Portable/list.o
 .debug_abbrev  0x00000dbb      0x1e4 ThirdParty/FreeRTOS/Portable/MemMang/heap_4.o
 .debug_abbrev  0x00000f9f      0x2bf ThirdParty/FreeRTOS/Portable/tasks.o

.debug_line     0x00000000     0x283b
 *(.debug_line .debug_line.* .debug_line_end)
 .debug_line    0x00000000      0x116 C:/Program Files (x86)/Atmel/Studio/7.0/Packs/Atmel/ATmega_DFP/1.7.374/gcc/dev/atmega32a/avr5/crtatmega32a.o
 .debug_line    0x00000116      0x10e adc.o
 .debug_line    0x00000224       0xea dc_motor.o
 .debug_line    0x0000030e      0x2e9 gpio.o
 .debug_line    0x000005f7      0x2db lcd.o
 .debug_line    0x000008d2       0x6a lm35_sensor.o
 .debug_line    0x0000093c      0x29b main.o
 .debug_line    0x00000bd7       0xd2 pwm_timer0.o
 .debug_line    0x00000ca9      0x2e5 ThirdParty/FreeRTOS/Portable/GCC/ATMega323/port.o
 .debug_line    0x00000f8e      0x238 ThirdParty/FreeRTOS/Portable/list.o
 .debug_line    0x000011c6      0x478 ThirdParty/FreeRTOS/Portable/MemMang/heap_4.o
 .debug_line    0x0000163e     0x11fd ThirdParty/FreeRTOS/Portable/tasks.o

.debug_frame    0x00000000      0xac4
 *(.debug_frame)
 .debug_frame   0x00000000       0x34 adc.o
 .debug_frame   0x00000034       0x3c dc_motor.o
 .debug_frame   0x00000070       0x74 gpio.o
 .debug_frame   0x000000e4       0xd0 lcd.o
 .debug_frame   0x000001b4       0x24 lm35_sensor.o
 .debug_frame   0x000001d8       0x74 main.o
 .debug_frame   0x0000024c       0x24 pwm_timer0.o
 .debug_frame   0x00000270       0x84 ThirdParty/FreeRTOS/Portable/GCC/ATMega323/port.o
 .debug_frame   0x000002f4       0x88 ThirdParty/FreeRTOS/Portable/list.o
 .debug_frame   0x0000037c       0xfc ThirdParty/FreeRTOS/Portable/MemMang/heap_4.o
 .debug_frame   0x00000478      0x64c ThirdParty/FreeRTOS/Portable/tasks.o

.debug_str      0x00000000     0x1851
 *(.debug_str)
 .debug_str     0x00000000      0x196 C:/Program Files (x86)/Atmel/Studio/7.0/Packs/Atmel/ATmega_DFP/1.7.374/gcc/dev/atmega32a/avr5/crtatmega32a.o
 .debug_str     0x00000196      0x26e adc.o
                                0x2a2 (size before relaxing)
 .debug_str     0x00000404       0xb8 dc_motor.o
                                0x23f (size before relaxing)
 .debug_str     0x000004bc       0xb7 gpio.o
                                0x293 (size before relaxing)
 .debug_str     0x00000573      0x10f lcd.o
                                0x320 (size before relaxing)
 .debug_str     0x00000682       0x43 lm35_sensor.o
                                0x1e1 (size before relaxing)
 .debug_str     0x000006c5      0x18c main.o
                                0x4c5 (size before relaxing)
 .debug_str     0x00000851       0x1d pwm_timer0.o
                                0x1f6 (size before relaxing)
 .debug_str     0x0000086e      0x141 ThirdParty/FreeRTOS/Portable/GCC/ATMega323/port.o
                                0x2e3 (size before relaxing)
 .debug_str     0x000009af      0x150 ThirdParty/FreeRTOS/Portable/list.o
                                0x2dc (size before relaxing)
 .debug_str     0x00000aff      0x2f4 ThirdParty/FreeRTOS/Portable/MemMang/heap_4.o
                                0x498 (size before relaxing)
 .debug_str     0x00000df3      0xa5e ThirdParty/FreeRTOS/Portable/tasks.o
                                0xe6e (size before relaxing)

.debug_loc      0x00000000     0x3967
 *(.debug_loc)
 .debug_loc     0x00000000       0x56 adc.o
 .debug_loc     0x00000056       0xcd dc_motor.o
 .debug_loc     0x00000123      0x38f gpio.o
 .debug_loc     0x000004b2      0x52d lcd.o
 .debug_loc     0x000009df       0x43 lm35_sensor.o
 .debug_loc     0x00000a22       0x6f main.o
 .debug_loc     0x00000a91       0x2c pwm_timer0.o
 .debug_loc     0x00000abd      0x2a0 ThirdParty/FreeRTOS/Portable/GCC/ATMega323/port.o
 .debug_loc     0x00000d5d      0x145 ThirdParty/FreeRTOS/Portable/list.o
 .debug_loc     0x00000ea2      0x4be ThirdParty/FreeRTOS/Portable/MemMang/heap_4.o
 .debug_loc     0x00001360     0x2607 ThirdParty/FreeRTOS/Portable/tasks.o

.debug_macinfo
 *(.debug_macinfo)

.debug_weaknames
 *(.debug_weaknames)

.debug_funcnames
 *(.debug_funcnames)

.debug_typenames
 *(.debug_typenames)

.debug_varnames
 *(.debug_varnames)

.debug_pubtypes
 *(.debug_pubtypes)

.debug_ranges   0x00000000      0x368
 *(.debug_ranges)
 .debug_ranges  0x00000000       0x18 adc.o
 .debug_ranges  0x00000018       0x18 dc_motor.o
 .debug_ranges  0x00000030       0x38 gpio.o
 .debug_ranges  0x00000068       0x48 lcd.o
 .debug_ranges  0x000000b0       0x10 lm35_sensor.o
 .debug_ranges  0x000000c0       0x28 main.o
 .debug_ranges  0x000000e8       0x10 pwm_timer0.o
 .debug_ranges  0x000000f8       0x40 ThirdParty/FreeRTOS/Portable/GCC/ATMega323/port.o
 .debug_ranges  0x00000138       0x30 ThirdParty/FreeRTOS/Portable/list.o
 .debug_ranges  0x00000168       0x48 ThirdParty/FreeRTOS/Portable/MemMang/heap_4.o
 .debug_ranges  0x000001b0      0x1b8 ThirdParty/FreeRTOS/Portable/tasks.o

.debug_macro
 *(.debug_macro)
OUTPUT(T1_RTOOS.elf elf32-avr)
LOAD linker stubs
