Archive member included to satisfy reference by file (symbol)

c:/program files (x86)/atmel/studio/7.0/toolchain/avr8/avr8-gnu-toolchain/bin/../lib/gcc/avr/5.4.0/../../../../avr/lib/avr5\libm.a(addsf3.o)
                              HAL/mq2_sensor.o (__subsf3)
c:/program files (x86)/atmel/studio/7.0/toolchain/avr8/avr8-gnu-toolchain/bin/../lib/gcc/avr/5.4.0/../../../../avr/lib/avr5\libm.a(addsf3x.o)
                              c:/program files (x86)/atmel/studio/7.0/toolchain/avr8/avr8-gnu-toolchain/bin/../lib/gcc/avr/5.4.0/../../../../avr/lib/avr5\libm.a(addsf3.o) (__addsf3x)
c:/program files (x86)/atmel/studio/7.0/toolchain/avr8/avr8-gnu-toolchain/bin/../lib/gcc/avr/5.4.0/../../../../avr/lib/avr5\libm.a(divsf3.o)
                              HAL/lm35_sensor.o (__divsf3)
c:/program files (x86)/atmel/studio/7.0/toolchain/avr8/avr8-gnu-toolchain/bin/../lib/gcc/avr/5.4.0/../../../../avr/lib/avr5\libm.a(divsf3x.o)
                              c:/program files (x86)/atmel/studio/7.0/toolchain/avr8/avr8-gnu-toolchain/bin/../lib/gcc/avr/5.4.0/../../../../avr/lib/avr5\libm.a(divsf3.o) (__divsf3x)
c:/program files (x86)/atmel/studio/7.0/toolchain/avr8/avr8-gnu-toolchain/bin/../lib/gcc/avr/5.4.0/../../../../avr/lib/avr5\libm.a(fixunssfsi.o)
                              HAL/lm35_sensor.o (__fixunssfsi)
c:/program files (x86)/atmel/studio/7.0/toolchain/avr8/avr8-gnu-toolchain/bin/../lib/gcc/avr/5.4.0/../../../../avr/lib/avr5\libm.a(floatsisf.o)
                              HAL/lm35_sensor.o (__floatunsisf)
c:/program files (x86)/atmel/studio/7.0/toolchain/avr8/avr8-gnu-toolchain/bin/../lib/gcc/avr/5.4.0/../../../../avr/lib/avr5\libm.a(fp_inf.o)
                              c:/program files (x86)/atmel/studio/7.0/toolchain/avr8/avr8-gnu-toolchain/bin/../lib/gcc/avr/5.4.0/../../../../avr/lib/avr5\libm.a(addsf3x.o) (__fp_inf)
c:/program files (x86)/atmel/studio/7.0/toolchain/avr8/avr8-gnu-toolchain/bin/../lib/gcc/avr/5.4.0/../../../../avr/lib/avr5\libm.a(fp_nan.o)
                              c:/program files (x86)/atmel/studio/7.0/toolchain/avr8/avr8-gnu-toolchain/bin/../lib/gcc/avr/5.4.0/../../../../avr/lib/avr5\libm.a(addsf3x.o) (__fp_nan)
c:/program files (x86)/atmel/studio/7.0/toolchain/avr8/avr8-gnu-toolchain/bin/../lib/gcc/avr/5.4.0/../../../../avr/lib/avr5\libm.a(fp_pscA.o)
                              c:/program files (x86)/atmel/studio/7.0/toolchain/avr8/avr8-gnu-toolchain/bin/../lib/gcc/avr/5.4.0/../../../../avr/lib/avr5\libm.a(addsf3x.o) (__fp_pscA)
c:/program files (x86)/atmel/studio/7.0/toolchain/avr8/avr8-gnu-toolchain/bin/../lib/gcc/avr/5.4.0/../../../../avr/lib/avr5\libm.a(fp_pscB.o)
                              c:/program files (x86)/atmel/studio/7.0/toolchain/avr8/avr8-gnu-toolchain/bin/../lib/gcc/avr/5.4.0/../../../../avr/lib/avr5\libm.a(addsf3x.o) (__fp_pscB)
c:/program files (x86)/atmel/studio/7.0/toolchain/avr8/avr8-gnu-toolchain/bin/../lib/gcc/avr/5.4.0/../../../../avr/lib/avr5\libm.a(fp_round.o)
                              c:/program files (x86)/atmel/studio/7.0/toolchain/avr8/avr8-gnu-toolchain/bin/../lib/gcc/avr/5.4.0/../../../../avr/lib/avr5\libm.a(addsf3.o) (__fp_round)
c:/program files (x86)/atmel/studio/7.0/toolchain/avr8/avr8-gnu-toolchain/bin/../lib/gcc/avr/5.4.0/../../../../avr/lib/avr5\libm.a(fp_split3.o)
                              c:/program files (x86)/atmel/studio/7.0/toolchain/avr8/avr8-gnu-toolchain/bin/../lib/gcc/avr/5.4.0/../../../../avr/lib/avr5\libm.a(addsf3x.o) (__fp_split3)
c:/program files (x86)/atmel/studio/7.0/toolchain/avr8/avr8-gnu-toolchain/bin/../lib/gcc/avr/5.4.0/../../../../avr/lib/avr5\libm.a(fp_zero.o)
                              c:/program files (x86)/atmel/studio/7.0/toolchain/avr8/avr8-gnu-toolchain/bin/../lib/gcc/avr/5.4.0/../../../../avr/lib/avr5\libm.a(addsf3x.o) (__fp_zero)
c:/program files (x86)/atmel/studio/7.0/toolchain/avr8/avr8-gnu-toolchain/bin/../lib/gcc/avr/5.4.0/../../../../avr/lib/avr5\libm.a(log.o)
                              HAL/mq2_sensor.o (log)
c:/program files (x86)/atmel/studio/7.0/toolchain/avr8/avr8-gnu-toolchain/bin/../lib/gcc/avr/5.4.0/../../../../avr/lib/avr5\libm.a(mulsf3.o)
                              HAL/lm35_sensor.o (__mulsf3)
c:/program files (x86)/atmel/studio/7.0/toolchain/avr8/avr8-gnu-toolchain/bin/../lib/gcc/avr/5.4.0/../../../../avr/lib/avr5\libm.a(mulsf3x.o)
                              c:/program files (x86)/atmel/studio/7.0/toolchain/avr8/avr8-gnu-toolchain/bin/../lib/gcc/avr/5.4.0/../../../../avr/lib/avr5\libm.a(log.o) (__mulsf3x)
c:/program files (x86)/atmel/studio/7.0/toolchain/avr8/avr8-gnu-toolchain/bin/../lib/gcc/avr/5.4.0/../../../../avr/lib/avr5\libm.a(pow.o)
                              HAL/mq2_sensor.o (pow)
c:/program files (x86)/atmel/studio/7.0/toolchain/avr8/avr8-gnu-toolchain/bin/../lib/gcc/avr/5.4.0/../../../../avr/lib/avr5\libm.a(exp.o)
                              c:/program files (x86)/atmel/studio/7.0/toolchain/avr8/avr8-gnu-toolchain/bin/../lib/gcc/avr/5.4.0/../../../../avr/lib/avr5\libm.a(pow.o) (exp)
c:/program files (x86)/atmel/studio/7.0/toolchain/avr8/avr8-gnu-toolchain/bin/../lib/gcc/avr/5.4.0/../../../../avr/lib/avr5\libm.a(fp_mpack.o)
                              c:/program files (x86)/atmel/studio/7.0/toolchain/avr8/avr8-gnu-toolchain/bin/../lib/gcc/avr/5.4.0/../../../../avr/lib/avr5\libm.a(log.o) (__fp_mpack)
c:/program files (x86)/atmel/studio/7.0/toolchain/avr8/avr8-gnu-toolchain/bin/../lib/gcc/avr/5.4.0/../../../../avr/lib/avr5\libm.a(fp_powser.o)
                              c:/program files (x86)/atmel/studio/7.0/toolchain/avr8/avr8-gnu-toolchain/bin/../lib/gcc/avr/5.4.0/../../../../avr/lib/avr5\libm.a(log.o) (__fp_powser)
c:/program files (x86)/atmel/studio/7.0/toolchain/avr8/avr8-gnu-toolchain/bin/../lib/gcc/avr/5.4.0/../../../../avr/lib/avr5\libm.a(inverse.o)
                              c:/program files (x86)/atmel/studio/7.0/toolchain/avr8/avr8-gnu-toolchain/bin/../lib/gcc/avr/5.4.0/../../../../avr/lib/avr5\libm.a(exp.o) (inverse)
c:/program files (x86)/atmel/studio/7.0/toolchain/avr8/avr8-gnu-toolchain/bin/../lib/gcc/avr/5.4.0/../../../../avr/lib/avr5\libm.a(ldexp.o)
                              c:/program files (x86)/atmel/studio/7.0/toolchain/avr8/avr8-gnu-toolchain/bin/../lib/gcc/avr/5.4.0/../../../../avr/lib/avr5\libm.a(exp.o) (ldexp)
c:/program files (x86)/atmel/studio/7.0/toolchain/avr8/avr8-gnu-toolchain/bin/../lib/gcc/avr/5.4.0/../../../../avr/lib/avr5\libm.a(modf.o)
                              c:/program files (x86)/atmel/studio/7.0/toolchain/avr8/avr8-gnu-toolchain/bin/../lib/gcc/avr/5.4.0/../../../../avr/lib/avr5\libm.a(exp.o) (modf)
c:/program files (x86)/atmel/studio/7.0/toolchain/avr8/avr8-gnu-toolchain/bin/../lib/gcc/avr/5.4.0/avr5\libgcc.a(_exit.o)
                              C:/Program Files (x86)/Atmel/Studio/7.0/Packs/Atmel/ATmega_DFP/1.7.374/gcc/dev/atmega32a/avr5/crtatmega32a.o (exit)
c:/program files (x86)/atmel/studio/7.0/toolchain/avr8/avr8-gnu-toolchain/bin/../lib/gcc/avr/5.4.0/avr5\libgcc.a(_copy_data.o)
                              HAL/mq2_sensor.o (__do_copy_data)
c:/program files (x86)/atmel/studio/7.0/toolchain/avr8/avr8-gnu-toolchain/bin/../lib/gcc/avr/5.4.0/avr5\libgcc.a(_clear_bss.o)
                              main.o (__do_clear_bss)
c:/program files (x86)/atmel/studio/7.0/toolchain/avr8/avr8-gnu-toolchain/bin/../lib/gcc/avr/5.4.0/avr5\libgcc.a(_umulhisi3.o)
                              HAL/lm35_sensor.o (__umulhisi3)
c:/program files (x86)/atmel/studio/7.0/toolchain/avr8/avr8-gnu-toolchain/bin/../lib/gcc/avr/5.4.0/../../../../avr/lib/avr5\libc.a(dtostrf.o)
                              main.o (dtostrf)
c:/program files (x86)/atmel/studio/7.0/toolchain/avr8/avr8-gnu-toolchain/bin/../lib/gcc/avr/5.4.0/../../../../avr/lib/avr5\libc.a(memcpy.o)
                              ThirdParty/FreeRTOS/Portable/queue.o (memcpy)
c:/program files (x86)/atmel/studio/7.0/toolchain/avr8/avr8-gnu-toolchain/bin/../lib/gcc/avr/5.4.0/../../../../avr/lib/avr5\libc.a(memset.o)
                              ThirdParty/FreeRTOS/Portable/tasks.o (memset)
c:/program files (x86)/atmel/studio/7.0/toolchain/avr8/avr8-gnu-toolchain/bin/../lib/gcc/avr/5.4.0/../../../../avr/lib/avr5\libc.a(itoa.o)
                              HAL/lcd.o (itoa)
c:/program files (x86)/atmel/studio/7.0/toolchain/avr8/avr8-gnu-toolchain/bin/../lib/gcc/avr/5.4.0/../../../../avr/lib/avr5\libc.a(itoa_ncheck.o)
                              c:/program files (x86)/atmel/studio/7.0/toolchain/avr8/avr8-gnu-toolchain/bin/../lib/gcc/avr/5.4.0/../../../../avr/lib/avr5\libc.a(itoa.o) (__itoa_ncheck)
c:/program files (x86)/atmel/studio/7.0/toolchain/avr8/avr8-gnu-toolchain/bin/../lib/gcc/avr/5.4.0/../../../../avr/lib/avr5\libc.a(utoa_ncheck.o)
                              c:/program files (x86)/atmel/studio/7.0/toolchain/avr8/avr8-gnu-toolchain/bin/../lib/gcc/avr/5.4.0/../../../../avr/lib/avr5\libc.a(itoa_ncheck.o) (__utoa_common)
c:/program files (x86)/atmel/studio/7.0/toolchain/avr8/avr8-gnu-toolchain/bin/../lib/gcc/avr/5.4.0/../../../../avr/lib/avr5\libc.a(dtoa_prf.o)
                              c:/program files (x86)/atmel/studio/7.0/toolchain/avr8/avr8-gnu-toolchain/bin/../lib/gcc/avr/5.4.0/../../../../avr/lib/avr5\libc.a(dtostrf.o) (dtoa_prf)
c:/program files (x86)/atmel/studio/7.0/toolchain/avr8/avr8-gnu-toolchain/bin/../lib/gcc/avr/5.4.0/../../../../avr/lib/avr5\libc.a(ftoa_engine.o)
                              c:/program files (x86)/atmel/studio/7.0/toolchain/avr8/avr8-gnu-toolchain/bin/../lib/gcc/avr/5.4.0/../../../../avr/lib/avr5\libc.a(dtoa_prf.o) (__ftoa_engine)
c:/program files (x86)/atmel/studio/7.0/toolchain/avr8/avr8-gnu-toolchain/bin/../lib/gcc/avr/5.4.0/../../../../avr/lib/avr5\libc.a(strrev.o)
                              c:/program files (x86)/atmel/studio/7.0/toolchain/avr8/avr8-gnu-toolchain/bin/../lib/gcc/avr/5.4.0/../../../../avr/lib/avr5\libc.a(utoa_ncheck.o) (strrev)
c:/program files (x86)/atmel/studio/7.0/toolchain/avr8/avr8-gnu-toolchain/bin/../lib/gcc/avr/5.4.0/avr5\libgcc.a(_prologue.o)
                              c:/program files (x86)/atmel/studio/7.0/toolchain/avr8/avr8-gnu-toolchain/bin/../lib/gcc/avr/5.4.0/../../../../avr/lib/avr5\libc.a(dtoa_prf.o) (__prologue_saves__)
c:/program files (x86)/atmel/studio/7.0/toolchain/avr8/avr8-gnu-toolchain/bin/../lib/gcc/avr/5.4.0/avr5\libgcc.a(_epilogue.o)
                              c:/program files (x86)/atmel/studio/7.0/toolchain/avr8/avr8-gnu-toolchain/bin/../lib/gcc/avr/5.4.0/../../../../avr/lib/avr5\libc.a(dtoa_prf.o) (__epilogue_restores__)

Allocating common symbols
Common symbol       size              file

Temp_Sensor_Handeler
                    0x2               main.o
Dc_motor_Handler    0x2               main.o
Gas_Sensor_Handler  0x2               main.o
Lcd_Handler         0x2               main.o

Discarded input sections

 .data          0x00000000        0x0 C:/Program Files (x86)/Atmel/Studio/7.0/Packs/Atmel/ATmega_DFP/1.7.374/gcc/dev/atmega32a/avr5/crtatmega32a.o
 .bss           0x00000000        0x0 C:/Program Files (x86)/Atmel/Studio/7.0/Packs/Atmel/ATmega_DFP/1.7.374/gcc/dev/atmega32a/avr5/crtatmega32a.o
 .text          0x00000000        0x0 HAL/dc_motor.o
 .data          0x00000000        0x0 HAL/dc_motor.o
 .bss           0x00000000        0x0 HAL/dc_motor.o
 .text          0x00000000        0x0 HAL/lcd.o
 .data          0x00000000        0x0 HAL/lcd.o
 .bss           0x00000000        0x0 HAL/lcd.o
 .text          0x00000000        0x0 HAL/lm35_sensor.o
 .data          0x00000000        0x0 HAL/lm35_sensor.o
 .bss           0x00000000        0x0 HAL/lm35_sensor.o
 .text          0x00000000        0x0 HAL/mq2_sensor.o
 .data          0x00000000        0x0 HAL/mq2_sensor.o
 .bss           0x00000000        0x0 HAL/mq2_sensor.o
 .text          0x00000000        0x0 main.o
 .data          0x00000000        0x0 main.o
 .bss           0x00000000        0x0 main.o
 .text          0x00000000        0x0 MCAL/adc.o
 .data          0x00000000        0x0 MCAL/adc.o
 .bss           0x00000000        0x0 MCAL/adc.o
 .text          0x00000000        0x0 MCAL/gpio.o
 .data          0x00000000        0x0 MCAL/gpio.o
 .bss           0x00000000        0x0 MCAL/gpio.o
 .text.GPIO_readPin
                0x00000000       0x8c MCAL/gpio.o
 .text.GPIO_readPort
                0x00000000       0x2c MCAL/gpio.o
 .text          0x00000000        0x0 MCAL/pwm_timer0.o
 .data          0x00000000        0x0 MCAL/pwm_timer0.o
 .bss           0x00000000        0x0 MCAL/pwm_timer0.o
 .text          0x00000000        0x0 ThirdParty/FreeRTOS/Portable/croutine.o
 .data          0x00000000        0x0 ThirdParty/FreeRTOS/Portable/croutine.o
 .bss           0x00000000        0x0 ThirdParty/FreeRTOS/Portable/croutine.o
 .debug_info    0x00000000       0x64 ThirdParty/FreeRTOS/Portable/croutine.o
 .debug_abbrev  0x00000000       0x26 ThirdParty/FreeRTOS/Portable/croutine.o
 .debug_aranges
                0x00000000       0x18 ThirdParty/FreeRTOS/Portable/croutine.o
 .debug_line    0x00000000       0x1a ThirdParty/FreeRTOS/Portable/croutine.o
 .debug_str     0x00000000      0x19b ThirdParty/FreeRTOS/Portable/croutine.o
 .comment       0x00000000       0x31 ThirdParty/FreeRTOS/Portable/croutine.o
 .text          0x00000000        0x0 ThirdParty/FreeRTOS/Portable/event_groups.o
 .data          0x00000000        0x0 ThirdParty/FreeRTOS/Portable/event_groups.o
 .bss           0x00000000        0x0 ThirdParty/FreeRTOS/Portable/event_groups.o
 .text.prvTestWaitCondition
                0x00000000       0x26 ThirdParty/FreeRTOS/Portable/event_groups.o
 .text.xEventGroupCreate
                0x00000000       0x26 ThirdParty/FreeRTOS/Portable/event_groups.o
 .text.xEventGroupWaitBits
                0x00000000       0xe4 ThirdParty/FreeRTOS/Portable/event_groups.o
 .text.xEventGroupClearBits
                0x00000000       0x1e ThirdParty/FreeRTOS/Portable/event_groups.o
 .text.xEventGroupGetBitsFromISR
                0x00000000        0x8 ThirdParty/FreeRTOS/Portable/event_groups.o
 .text.xEventGroupSetBits
                0x00000000       0xc8 ThirdParty/FreeRTOS/Portable/event_groups.o
 .text.xEventGroupSync
                0x00000000       0xd6 ThirdParty/FreeRTOS/Portable/event_groups.o
 .text.vEventGroupDelete
                0x00000000       0x2e ThirdParty/FreeRTOS/Portable/event_groups.o
 .text.vEventGroupSetBitsCallback
                0x00000000        0x8 ThirdParty/FreeRTOS/Portable/event_groups.o
 .text.vEventGroupClearBitsCallback
                0x00000000        0x8 ThirdParty/FreeRTOS/Portable/event_groups.o
 .text.uxEventGroupGetNumber
                0x00000000        0xe ThirdParty/FreeRTOS/Portable/event_groups.o
 .text.vEventGroupSetNumber
                0x00000000        0x6 ThirdParty/FreeRTOS/Portable/event_groups.o
 .debug_info    0x00000000      0x97a ThirdParty/FreeRTOS/Portable/event_groups.o
 .debug_abbrev  0x00000000      0x1dc ThirdParty/FreeRTOS/Portable/event_groups.o
 .debug_loc     0x00000000      0xbeb ThirdParty/FreeRTOS/Portable/event_groups.o
 .debug_aranges
                0x00000000       0x78 ThirdParty/FreeRTOS/Portable/event_groups.o
 .debug_ranges  0x00000000       0x80 ThirdParty/FreeRTOS/Portable/event_groups.o
 .debug_line    0x00000000      0x4a4 ThirdParty/FreeRTOS/Portable/event_groups.o
 .debug_str     0x00000000      0x5f5 ThirdParty/FreeRTOS/Portable/event_groups.o
 .comment       0x00000000       0x31 ThirdParty/FreeRTOS/Portable/event_groups.o
 .debug_frame   0x00000000      0x17c ThirdParty/FreeRTOS/Portable/event_groups.o
 .text          0x00000000        0x0 ThirdParty/FreeRTOS/Portable/GCC/ATMega323/port.o
 .data          0x00000000        0x0 ThirdParty/FreeRTOS/Portable/GCC/ATMega323/port.o
 .bss           0x00000000        0x0 ThirdParty/FreeRTOS/Portable/GCC/ATMega323/port.o
 .text.vPortEndScheduler
                0x00000000        0x2 ThirdParty/FreeRTOS/Portable/GCC/ATMega323/port.o
 .text          0x00000000        0x0 ThirdParty/FreeRTOS/Portable/list.o
 .data          0x00000000        0x0 ThirdParty/FreeRTOS/Portable/list.o
 .bss           0x00000000        0x0 ThirdParty/FreeRTOS/Portable/list.o
 .text          0x00000000        0x0 ThirdParty/FreeRTOS/Portable/MemMang/heap_4.o
 .data          0x00000000        0x0 ThirdParty/FreeRTOS/Portable/MemMang/heap_4.o
 .bss           0x00000000        0x0 ThirdParty/FreeRTOS/Portable/MemMang/heap_4.o
 .text.xPortGetFreeHeapSize
                0x00000000        0xa ThirdParty/FreeRTOS/Portable/MemMang/heap_4.o
 .text.xPortGetMinimumEverFreeHeapSize
                0x00000000        0xa ThirdParty/FreeRTOS/Portable/MemMang/heap_4.o
 .text.vPortInitialiseBlocks
                0x00000000        0x2 ThirdParty/FreeRTOS/Portable/MemMang/heap_4.o
 .text.vPortGetHeapStats
                0x00000000       0xc4 ThirdParty/FreeRTOS/Portable/MemMang/heap_4.o
 .text          0x00000000        0x0 ThirdParty/FreeRTOS/Portable/queue.o
 .data          0x00000000        0x0 ThirdParty/FreeRTOS/Portable/queue.o
 .bss           0x00000000        0x0 ThirdParty/FreeRTOS/Portable/queue.o
 .text.prvIsQueueEmpty
                0x00000000       0x1a ThirdParty/FreeRTOS/Portable/queue.o
 .text.prvIsQueueFull
                0x00000000       0x1c ThirdParty/FreeRTOS/Portable/queue.o
 .text.prvCopyDataToQueue
                0x00000000       0x92 ThirdParty/FreeRTOS/Portable/queue.o
 .text.prvCopyDataFromQueue
                0x00000000       0x34 ThirdParty/FreeRTOS/Portable/queue.o
 .text.prvUnlockQueue
                0x00000000       0x68 ThirdParty/FreeRTOS/Portable/queue.o
 .text.xQueueGenericReset
                0x00000000       0x8c ThirdParty/FreeRTOS/Portable/queue.o
 .text.prvInitialiseNewQueue
                0x00000000       0x36 ThirdParty/FreeRTOS/Portable/queue.o
 .text.xQueueGenericCreate
                0x00000000       0x4a ThirdParty/FreeRTOS/Portable/queue.o
 .text.xQueueGenericSend
                0x00000000      0x124 ThirdParty/FreeRTOS/Portable/queue.o
 .text.xQueueGenericSendFromISR
                0x00000000       0x78 ThirdParty/FreeRTOS/Portable/queue.o
 .text.xQueueGiveFromISR
                0x00000000       0x52 ThirdParty/FreeRTOS/Portable/queue.o
 .text.xQueueReceive
                0x00000000      0x11e ThirdParty/FreeRTOS/Portable/queue.o
 .text.xQueueSemaphoreTake
                0x00000000      0x106 ThirdParty/FreeRTOS/Portable/queue.o
 .text.xQueuePeek
                0x00000000      0x122 ThirdParty/FreeRTOS/Portable/queue.o
 .text.xQueueReceiveFromISR
                0x00000000       0x6e ThirdParty/FreeRTOS/Portable/queue.o
 .text.xQueuePeekFromISR
                0x00000000       0x2e ThirdParty/FreeRTOS/Portable/queue.o
 .text.uxQueueMessagesWaiting
                0x00000000       0x10 ThirdParty/FreeRTOS/Portable/queue.o
 .text.uxQueueSpacesAvailable
                0x00000000       0x16 ThirdParty/FreeRTOS/Portable/queue.o
 .text.uxQueueMessagesWaitingFromISR
                0x00000000        0x6 ThirdParty/FreeRTOS/Portable/queue.o
 .text.vQueueDelete
                0x00000000        0x6 ThirdParty/FreeRTOS/Portable/queue.o
 .text.uxQueueGetQueueNumber
                0x00000000        0x6 ThirdParty/FreeRTOS/Portable/queue.o
 .text.vQueueSetQueueNumber
                0x00000000        0x6 ThirdParty/FreeRTOS/Portable/queue.o
 .text.ucQueueGetQueueType
                0x00000000        0x6 ThirdParty/FreeRTOS/Portable/queue.o
 .text.xQueueIsQueueEmptyFromISR
                0x00000000       0x10 ThirdParty/FreeRTOS/Portable/queue.o
 .text.xQueueIsQueueFullFromISR
                0x00000000       0x12 ThirdParty/FreeRTOS/Portable/queue.o
 .debug_info    0x00000000     0x1521 ThirdParty/FreeRTOS/Portable/queue.o
 .debug_abbrev  0x00000000      0x236 ThirdParty/FreeRTOS/Portable/queue.o
 .debug_loc     0x00000000     0x1778 ThirdParty/FreeRTOS/Portable/queue.o
 .debug_aranges
                0x00000000       0xe0 ThirdParty/FreeRTOS/Portable/queue.o
 .debug_ranges  0x00000000      0x118 ThirdParty/FreeRTOS/Portable/queue.o
 .debug_line    0x00000000      0xaca ThirdParty/FreeRTOS/Portable/queue.o
 .debug_str     0x00000000      0x7e8 ThirdParty/FreeRTOS/Portable/queue.o
 .comment       0x00000000       0x31 ThirdParty/FreeRTOS/Portable/queue.o
 .debug_frame   0x00000000      0x324 ThirdParty/FreeRTOS/Portable/queue.o
 .text          0x00000000        0x0 ThirdParty/FreeRTOS/Portable/tasks.o
 .data          0x00000000        0x0 ThirdParty/FreeRTOS/Portable/tasks.o
 .bss           0x00000000        0x0 ThirdParty/FreeRTOS/Portable/tasks.o
 .text.prvTaskIsTaskSuspended
                0x00000000       0x2e ThirdParty/FreeRTOS/Portable/tasks.o
 .text.prvTaskCheckFreeStackSpace
                0x00000000       0x1a ThirdParty/FreeRTOS/Portable/tasks.o
 .text.eTaskGetState
                0x00000000       0x80 ThirdParty/FreeRTOS/Portable/tasks.o
 .text.vTaskResume
                0x00000000       0x84 ThirdParty/FreeRTOS/Portable/tasks.o
 .text.xTaskResumeFromISR
                0x00000000       0x96 ThirdParty/FreeRTOS/Portable/tasks.o
 .text.vTaskEndScheduler
                0x00000000        0xc ThirdParty/FreeRTOS/Portable/tasks.o
 .text.xTaskGetTickCountFromISR
                0x00000000        0xa ThirdParty/FreeRTOS/Portable/tasks.o
 .text.uxTaskGetNumberOfTasks
                0x00000000        0x6 ThirdParty/FreeRTOS/Portable/tasks.o
 .text.pcTaskGetName
                0x00000000       0x10 ThirdParty/FreeRTOS/Portable/tasks.o
 .text.xTaskGetIdleTaskHandle
                0x00000000        0xa ThirdParty/FreeRTOS/Portable/tasks.o
 .text.xTaskCatchUpTicks
                0x00000000       0x28 ThirdParty/FreeRTOS/Portable/tasks.o
 .text.vTaskSuspend
                0x00000000       0xc2 ThirdParty/FreeRTOS/Portable/tasks.o
 .text.vTaskPlaceOnEventList
                0x00000000       0x24 ThirdParty/FreeRTOS/Portable/tasks.o
 .text.vTaskPlaceOnUnorderedEventList
                0x00000000       0x32 ThirdParty/FreeRTOS/Portable/tasks.o
 .text.xTaskRemoveFromEventList
                0x00000000       0x90 ThirdParty/FreeRTOS/Portable/tasks.o
 .text.vTaskRemoveFromUnorderedEventList
                0x00000000       0x70 ThirdParty/FreeRTOS/Portable/tasks.o
 .text.vTaskSetTimeOutState
                0x00000000       0x20 ThirdParty/FreeRTOS/Portable/tasks.o
 .text.vTaskInternalSetTimeOutState
                0x00000000       0x16 ThirdParty/FreeRTOS/Portable/tasks.o
 .text.xTaskCheckForTimeOut
                0x00000000       0x7e ThirdParty/FreeRTOS/Portable/tasks.o
 .text.vTaskMissedYield
                0x00000000        0x8 ThirdParty/FreeRTOS/Portable/tasks.o
 .text.uxTaskGetTaskNumber
                0x00000000        0xe ThirdParty/FreeRTOS/Portable/tasks.o
 .text.vTaskSetTaskNumber
                0x00000000        0xa ThirdParty/FreeRTOS/Portable/tasks.o
 .text.vTaskGetInfo
                0x00000000       0xa4 ThirdParty/FreeRTOS/Portable/tasks.o
 .text.prvListTasksWithinSingleList
                0x00000000       0xb4 ThirdParty/FreeRTOS/Portable/tasks.o
 .text.uxTaskGetSystemState
                0x00000000       0xd0 ThirdParty/FreeRTOS/Portable/tasks.o
 .text.uxTaskResetEventItemValue
                0x00000000       0x2e ThirdParty/FreeRTOS/Portable/tasks.o
 .text.ulTaskGenericNotifyTake
                0x00000000      0x106 ThirdParty/FreeRTOS/Portable/tasks.o
 .text.xTaskGenericNotifyWait
                0x00000000      0x142 ThirdParty/FreeRTOS/Portable/tasks.o
 .text.xTaskGenericNotify
                0x00000000      0x168 ThirdParty/FreeRTOS/Portable/tasks.o
 .text.xTaskGenericNotifyFromISR
                0x00000000      0x18c ThirdParty/FreeRTOS/Portable/tasks.o
 .text.vTaskGenericNotifyGiveFromISR
                0x00000000       0xd0 ThirdParty/FreeRTOS/Portable/tasks.o
 .text.xTaskGenericNotifyStateClear
                0x00000000       0x34 ThirdParty/FreeRTOS/Portable/tasks.o
 .text.ulTaskGenericNotifyValueClear
                0x00000000       0x6c ThirdParty/FreeRTOS/Portable/tasks.o
 .text          0x00000000        0x0 ThirdParty/FreeRTOS/Portable/timers.o
 .data          0x00000000        0x0 ThirdParty/FreeRTOS/Portable/timers.o
 .bss           0x00000000        0x0 ThirdParty/FreeRTOS/Portable/timers.o
 .debug_info    0x00000000       0x64 ThirdParty/FreeRTOS/Portable/timers.o
 .debug_abbrev  0x00000000       0x26 ThirdParty/FreeRTOS/Portable/timers.o
 .debug_aranges
                0x00000000       0x18 ThirdParty/FreeRTOS/Portable/timers.o
 .debug_line    0x00000000       0x1a ThirdParty/FreeRTOS/Portable/timers.o
 .debug_str     0x00000000      0x199 ThirdParty/FreeRTOS/Portable/timers.o
 .comment       0x00000000       0x31 ThirdParty/FreeRTOS/Portable/timers.o
 .text          0x00000000        0x0 c:/program files (x86)/atmel/studio/7.0/toolchain/avr8/avr8-gnu-toolchain/bin/../lib/gcc/avr/5.4.0/../../../../avr/lib/avr5\libm.a(addsf3.o)
 .data          0x00000000        0x0 c:/program files (x86)/atmel/studio/7.0/toolchain/avr8/avr8-gnu-toolchain/bin/../lib/gcc/avr/5.4.0/../../../../avr/lib/avr5\libm.a(addsf3.o)
 .bss           0x00000000        0x0 c:/program files (x86)/atmel/studio/7.0/toolchain/avr8/avr8-gnu-toolchain/bin/../lib/gcc/avr/5.4.0/../../../../avr/lib/avr5\libm.a(addsf3.o)
 .text          0x00000000        0x0 c:/program files (x86)/atmel/studio/7.0/toolchain/avr8/avr8-gnu-toolchain/bin/../lib/gcc/avr/5.4.0/../../../../avr/lib/avr5\libm.a(addsf3x.o)
 .data          0x00000000        0x0 c:/program files (x86)/atmel/studio/7.0/toolchain/avr8/avr8-gnu-toolchain/bin/../lib/gcc/avr/5.4.0/../../../../avr/lib/avr5\libm.a(addsf3x.o)
 .bss           0x00000000        0x0 c:/program files (x86)/atmel/studio/7.0/toolchain/avr8/avr8-gnu-toolchain/bin/../lib/gcc/avr/5.4.0/../../../../avr/lib/avr5\libm.a(addsf3x.o)
 .text          0x00000000        0x0 c:/program files (x86)/atmel/studio/7.0/toolchain/avr8/avr8-gnu-toolchain/bin/../lib/gcc/avr/5.4.0/../../../../avr/lib/avr5\libm.a(divsf3.o)
 .data          0x00000000        0x0 c:/program files (x86)/atmel/studio/7.0/toolchain/avr8/avr8-gnu-toolchain/bin/../lib/gcc/avr/5.4.0/../../../../avr/lib/avr5\libm.a(divsf3.o)
 .bss           0x00000000        0x0 c:/program files (x86)/atmel/studio/7.0/toolchain/avr8/avr8-gnu-toolchain/bin/../lib/gcc/avr/5.4.0/../../../../avr/lib/avr5\libm.a(divsf3.o)
 .text          0x00000000        0x0 c:/program files (x86)/atmel/studio/7.0/toolchain/avr8/avr8-gnu-toolchain/bin/../lib/gcc/avr/5.4.0/../../../../avr/lib/avr5\libm.a(divsf3x.o)
 .data          0x00000000        0x0 c:/program files (x86)/atmel/studio/7.0/toolchain/avr8/avr8-gnu-toolchain/bin/../lib/gcc/avr/5.4.0/../../../../avr/lib/avr5\libm.a(divsf3x.o)
 .bss           0x00000000        0x0 c:/program files (x86)/atmel/studio/7.0/toolchain/avr8/avr8-gnu-toolchain/bin/../lib/gcc/avr/5.4.0/../../../../avr/lib/avr5\libm.a(divsf3x.o)
 .text          0x00000000        0x0 c:/program files (x86)/atmel/studio/7.0/toolchain/avr8/avr8-gnu-toolchain/bin/../lib/gcc/avr/5.4.0/../../../../avr/lib/avr5\libm.a(fixunssfsi.o)
 .data          0x00000000        0x0 c:/program files (x86)/atmel/studio/7.0/toolchain/avr8/avr8-gnu-toolchain/bin/../lib/gcc/avr/5.4.0/../../../../avr/lib/avr5\libm.a(fixunssfsi.o)
 .bss           0x00000000        0x0 c:/program files (x86)/atmel/studio/7.0/toolchain/avr8/avr8-gnu-toolchain/bin/../lib/gcc/avr/5.4.0/../../../../avr/lib/avr5\libm.a(fixunssfsi.o)
 .text          0x00000000        0x0 c:/program files (x86)/atmel/studio/7.0/toolchain/avr8/avr8-gnu-toolchain/bin/../lib/gcc/avr/5.4.0/../../../../avr/lib/avr5\libm.a(floatsisf.o)
 .data          0x00000000        0x0 c:/program files (x86)/atmel/studio/7.0/toolchain/avr8/avr8-gnu-toolchain/bin/../lib/gcc/avr/5.4.0/../../../../avr/lib/avr5\libm.a(floatsisf.o)
 .bss           0x00000000        0x0 c:/program files (x86)/atmel/studio/7.0/toolchain/avr8/avr8-gnu-toolchain/bin/../lib/gcc/avr/5.4.0/../../../../avr/lib/avr5\libm.a(floatsisf.o)
 .text          0x00000000        0x0 c:/program files (x86)/atmel/studio/7.0/toolchain/avr8/avr8-gnu-toolchain/bin/../lib/gcc/avr/5.4.0/../../../../avr/lib/avr5\libm.a(fp_inf.o)
 .data          0x00000000        0x0 c:/program files (x86)/atmel/studio/7.0/toolchain/avr8/avr8-gnu-toolchain/bin/../lib/gcc/avr/5.4.0/../../../../avr/lib/avr5\libm.a(fp_inf.o)
 .bss           0x00000000        0x0 c:/program files (x86)/atmel/studio/7.0/toolchain/avr8/avr8-gnu-toolchain/bin/../lib/gcc/avr/5.4.0/../../../../avr/lib/avr5\libm.a(fp_inf.o)
 .text          0x00000000        0x0 c:/program files (x86)/atmel/studio/7.0/toolchain/avr8/avr8-gnu-toolchain/bin/../lib/gcc/avr/5.4.0/../../../../avr/lib/avr5\libm.a(fp_nan.o)
 .data          0x00000000        0x0 c:/program files (x86)/atmel/studio/7.0/toolchain/avr8/avr8-gnu-toolchain/bin/../lib/gcc/avr/5.4.0/../../../../avr/lib/avr5\libm.a(fp_nan.o)
 .bss           0x00000000        0x0 c:/program files (x86)/atmel/studio/7.0/toolchain/avr8/avr8-gnu-toolchain/bin/../lib/gcc/avr/5.4.0/../../../../avr/lib/avr5\libm.a(fp_nan.o)
 .text          0x00000000        0x0 c:/program files (x86)/atmel/studio/7.0/toolchain/avr8/avr8-gnu-toolchain/bin/../lib/gcc/avr/5.4.0/../../../../avr/lib/avr5\libm.a(fp_pscA.o)
 .data          0x00000000        0x0 c:/program files (x86)/atmel/studio/7.0/toolchain/avr8/avr8-gnu-toolchain/bin/../lib/gcc/avr/5.4.0/../../../../avr/lib/avr5\libm.a(fp_pscA.o)
 .bss           0x00000000        0x0 c:/program files (x86)/atmel/studio/7.0/toolchain/avr8/avr8-gnu-toolchain/bin/../lib/gcc/avr/5.4.0/../../../../avr/lib/avr5\libm.a(fp_pscA.o)
 .text          0x00000000        0x0 c:/program files (x86)/atmel/studio/7.0/toolchain/avr8/avr8-gnu-toolchain/bin/../lib/gcc/avr/5.4.0/../../../../avr/lib/avr5\libm.a(fp_pscB.o)
 .data          0x00000000        0x0 c:/program files (x86)/atmel/studio/7.0/toolchain/avr8/avr8-gnu-toolchain/bin/../lib/gcc/avr/5.4.0/../../../../avr/lib/avr5\libm.a(fp_pscB.o)
 .bss           0x00000000        0x0 c:/program files (x86)/atmel/studio/7.0/toolchain/avr8/avr8-gnu-toolchain/bin/../lib/gcc/avr/5.4.0/../../../../avr/lib/avr5\libm.a(fp_pscB.o)
 .text          0x00000000        0x0 c:/program files (x86)/atmel/studio/7.0/toolchain/avr8/avr8-gnu-toolchain/bin/../lib/gcc/avr/5.4.0/../../../../avr/lib/avr5\libm.a(fp_round.o)
 .data          0x00000000        0x0 c:/program files (x86)/atmel/studio/7.0/toolchain/avr8/avr8-gnu-toolchain/bin/../lib/gcc/avr/5.4.0/../../../../avr/lib/avr5\libm.a(fp_round.o)
 .bss           0x00000000        0x0 c:/program files (x86)/atmel/studio/7.0/toolchain/avr8/avr8-gnu-toolchain/bin/../lib/gcc/avr/5.4.0/../../../../avr/lib/avr5\libm.a(fp_round.o)
 .text          0x00000000        0x0 c:/program files (x86)/atmel/studio/7.0/toolchain/avr8/avr8-gnu-toolchain/bin/../lib/gcc/avr/5.4.0/../../../../avr/lib/avr5\libm.a(fp_split3.o)
 .data          0x00000000        0x0 c:/program files (x86)/atmel/studio/7.0/toolchain/avr8/avr8-gnu-toolchain/bin/../lib/gcc/avr/5.4.0/../../../../avr/lib/avr5\libm.a(fp_split3.o)
 .bss           0x00000000        0x0 c:/program files (x86)/atmel/studio/7.0/toolchain/avr8/avr8-gnu-toolchain/bin/../lib/gcc/avr/5.4.0/../../../../avr/lib/avr5\libm.a(fp_split3.o)
 .text          0x00000000        0x0 c:/program files (x86)/atmel/studio/7.0/toolchain/avr8/avr8-gnu-toolchain/bin/../lib/gcc/avr/5.4.0/../../../../avr/lib/avr5\libm.a(fp_zero.o)
 .data          0x00000000        0x0 c:/program files (x86)/atmel/studio/7.0/toolchain/avr8/avr8-gnu-toolchain/bin/../lib/gcc/avr/5.4.0/../../../../avr/lib/avr5\libm.a(fp_zero.o)
 .bss           0x00000000        0x0 c:/program files (x86)/atmel/studio/7.0/toolchain/avr8/avr8-gnu-toolchain/bin/../lib/gcc/avr/5.4.0/../../../../avr/lib/avr5\libm.a(fp_zero.o)
 .text          0x00000000        0x0 c:/program files (x86)/atmel/studio/7.0/toolchain/avr8/avr8-gnu-toolchain/bin/../lib/gcc/avr/5.4.0/../../../../avr/lib/avr5\libm.a(log.o)
 .data          0x00000000        0x0 c:/program files (x86)/atmel/studio/7.0/toolchain/avr8/avr8-gnu-toolchain/bin/../lib/gcc/avr/5.4.0/../../../../avr/lib/avr5\libm.a(log.o)
 .bss           0x00000000        0x0 c:/program files (x86)/atmel/studio/7.0/toolchain/avr8/avr8-gnu-toolchain/bin/../lib/gcc/avr/5.4.0/../../../../avr/lib/avr5\libm.a(log.o)
 .text          0x00000000        0x0 c:/program files (x86)/atmel/studio/7.0/toolchain/avr8/avr8-gnu-toolchain/bin/../lib/gcc/avr/5.4.0/../../../../avr/lib/avr5\libm.a(mulsf3.o)
 .data          0x00000000        0x0 c:/program files (x86)/atmel/studio/7.0/toolchain/avr8/avr8-gnu-toolchain/bin/../lib/gcc/avr/5.4.0/../../../../avr/lib/avr5\libm.a(mulsf3.o)
 .bss           0x00000000        0x0 c:/program files (x86)/atmel/studio/7.0/toolchain/avr8/avr8-gnu-toolchain/bin/../lib/gcc/avr/5.4.0/../../../../avr/lib/avr5\libm.a(mulsf3.o)
 .text          0x00000000        0x0 c:/program files (x86)/atmel/studio/7.0/toolchain/avr8/avr8-gnu-toolchain/bin/../lib/gcc/avr/5.4.0/../../../../avr/lib/avr5\libm.a(mulsf3x.o)
 .data          0x00000000        0x0 c:/program files (x86)/atmel/studio/7.0/toolchain/avr8/avr8-gnu-toolchain/bin/../lib/gcc/avr/5.4.0/../../../../avr/lib/avr5\libm.a(mulsf3x.o)
 .bss           0x00000000        0x0 c:/program files (x86)/atmel/studio/7.0/toolchain/avr8/avr8-gnu-toolchain/bin/../lib/gcc/avr/5.4.0/../../../../avr/lib/avr5\libm.a(mulsf3x.o)
 .text          0x00000000        0x0 c:/program files (x86)/atmel/studio/7.0/toolchain/avr8/avr8-gnu-toolchain/bin/../lib/gcc/avr/5.4.0/../../../../avr/lib/avr5\libm.a(pow.o)
 .data          0x00000000        0x0 c:/program files (x86)/atmel/studio/7.0/toolchain/avr8/avr8-gnu-toolchain/bin/../lib/gcc/avr/5.4.0/../../../../avr/lib/avr5\libm.a(pow.o)
 .bss           0x00000000        0x0 c:/program files (x86)/atmel/studio/7.0/toolchain/avr8/avr8-gnu-toolchain/bin/../lib/gcc/avr/5.4.0/../../../../avr/lib/avr5\libm.a(pow.o)
 .text          0x00000000        0x0 c:/program files (x86)/atmel/studio/7.0/toolchain/avr8/avr8-gnu-toolchain/bin/../lib/gcc/avr/5.4.0/../../../../avr/lib/avr5\libm.a(exp.o)
 .data          0x00000000        0x0 c:/program files (x86)/atmel/studio/7.0/toolchain/avr8/avr8-gnu-toolchain/bin/../lib/gcc/avr/5.4.0/../../../../avr/lib/avr5\libm.a(exp.o)
 .bss           0x00000000        0x0 c:/program files (x86)/atmel/studio/7.0/toolchain/avr8/avr8-gnu-toolchain/bin/../lib/gcc/avr/5.4.0/../../../../avr/lib/avr5\libm.a(exp.o)
 .text          0x00000000        0x0 c:/program files (x86)/atmel/studio/7.0/toolchain/avr8/avr8-gnu-toolchain/bin/../lib/gcc/avr/5.4.0/../../../../avr/lib/avr5\libm.a(fp_mpack.o)
 .data          0x00000000        0x0 c:/program files (x86)/atmel/studio/7.0/toolchain/avr8/avr8-gnu-toolchain/bin/../lib/gcc/avr/5.4.0/../../../../avr/lib/avr5\libm.a(fp_mpack.o)
 .bss           0x00000000        0x0 c:/program files (x86)/atmel/studio/7.0/toolchain/avr8/avr8-gnu-toolchain/bin/../lib/gcc/avr/5.4.0/../../../../avr/lib/avr5\libm.a(fp_mpack.o)
 .text          0x00000000        0x0 c:/program files (x86)/atmel/studio/7.0/toolchain/avr8/avr8-gnu-toolchain/bin/../lib/gcc/avr/5.4.0/../../../../avr/lib/avr5\libm.a(fp_powser.o)
 .data          0x00000000        0x0 c:/program files (x86)/atmel/studio/7.0/toolchain/avr8/avr8-gnu-toolchain/bin/../lib/gcc/avr/5.4.0/../../../../avr/lib/avr5\libm.a(fp_powser.o)
 .bss           0x00000000        0x0 c:/program files (x86)/atmel/studio/7.0/toolchain/avr8/avr8-gnu-toolchain/bin/../lib/gcc/avr/5.4.0/../../../../avr/lib/avr5\libm.a(fp_powser.o)
 .text          0x00000000        0x0 c:/program files (x86)/atmel/studio/7.0/toolchain/avr8/avr8-gnu-toolchain/bin/../lib/gcc/avr/5.4.0/../../../../avr/lib/avr5\libm.a(inverse.o)
 .data          0x00000000        0x0 c:/program files (x86)/atmel/studio/7.0/toolchain/avr8/avr8-gnu-toolchain/bin/../lib/gcc/avr/5.4.0/../../../../avr/lib/avr5\libm.a(inverse.o)
 .bss           0x00000000        0x0 c:/program files (x86)/atmel/studio/7.0/toolchain/avr8/avr8-gnu-toolchain/bin/../lib/gcc/avr/5.4.0/../../../../avr/lib/avr5\libm.a(inverse.o)
 .text          0x00000000        0x0 c:/program files (x86)/atmel/studio/7.0/toolchain/avr8/avr8-gnu-toolchain/bin/../lib/gcc/avr/5.4.0/../../../../avr/lib/avr5\libm.a(ldexp.o)
 .data          0x00000000        0x0 c:/program files (x86)/atmel/studio/7.0/toolchain/avr8/avr8-gnu-toolchain/bin/../lib/gcc/avr/5.4.0/../../../../avr/lib/avr5\libm.a(ldexp.o)
 .bss           0x00000000        0x0 c:/program files (x86)/atmel/studio/7.0/toolchain/avr8/avr8-gnu-toolchain/bin/../lib/gcc/avr/5.4.0/../../../../avr/lib/avr5\libm.a(ldexp.o)
 .text          0x00000000        0x0 c:/program files (x86)/atmel/studio/7.0/toolchain/avr8/avr8-gnu-toolchain/bin/../lib/gcc/avr/5.4.0/../../../../avr/lib/avr5\libm.a(modf.o)
 .data          0x00000000        0x0 c:/program files (x86)/atmel/studio/7.0/toolchain/avr8/avr8-gnu-toolchain/bin/../lib/gcc/avr/5.4.0/../../../../avr/lib/avr5\libm.a(modf.o)
 .bss           0x00000000        0x0 c:/program files (x86)/atmel/studio/7.0/toolchain/avr8/avr8-gnu-toolchain/bin/../lib/gcc/avr/5.4.0/../../../../avr/lib/avr5\libm.a(modf.o)
 .text          0x00000000        0x0 c:/program files (x86)/atmel/studio/7.0/toolchain/avr8/avr8-gnu-toolchain/bin/../lib/gcc/avr/5.4.0/avr5\libgcc.a(_exit.o)
 .data          0x00000000        0x0 c:/program files (x86)/atmel/studio/7.0/toolchain/avr8/avr8-gnu-toolchain/bin/../lib/gcc/avr/5.4.0/avr5\libgcc.a(_exit.o)
 .bss           0x00000000        0x0 c:/program files (x86)/atmel/studio/7.0/toolchain/avr8/avr8-gnu-toolchain/bin/../lib/gcc/avr/5.4.0/avr5\libgcc.a(_exit.o)
 .text.libgcc.mul
                0x00000000        0x0 c:/program files (x86)/atmel/studio/7.0/toolchain/avr8/avr8-gnu-toolchain/bin/../lib/gcc/avr/5.4.0/avr5\libgcc.a(_exit.o)
 .text.libgcc.div
                0x00000000        0x0 c:/program files (x86)/atmel/studio/7.0/toolchain/avr8/avr8-gnu-toolchain/bin/../lib/gcc/avr/5.4.0/avr5\libgcc.a(_exit.o)
 .text.libgcc   0x00000000        0x0 c:/program files (x86)/atmel/studio/7.0/toolchain/avr8/avr8-gnu-toolchain/bin/../lib/gcc/avr/5.4.0/avr5\libgcc.a(_exit.o)
 .text.libgcc.prologue
                0x00000000        0x0 c:/program files (x86)/atmel/studio/7.0/toolchain/avr8/avr8-gnu-toolchain/bin/../lib/gcc/avr/5.4.0/avr5\libgcc.a(_exit.o)
 .text.libgcc.builtins
                0x00000000        0x0 c:/program files (x86)/atmel/studio/7.0/toolchain/avr8/avr8-gnu-toolchain/bin/../lib/gcc/avr/5.4.0/avr5\libgcc.a(_exit.o)
 .text.libgcc.fmul
                0x00000000        0x0 c:/program files (x86)/atmel/studio/7.0/toolchain/avr8/avr8-gnu-toolchain/bin/../lib/gcc/avr/5.4.0/avr5\libgcc.a(_exit.o)
 .text.libgcc.fixed
                0x00000000        0x0 c:/program files (x86)/atmel/studio/7.0/toolchain/avr8/avr8-gnu-toolchain/bin/../lib/gcc/avr/5.4.0/avr5\libgcc.a(_exit.o)
 .text          0x00000000        0x0 c:/program files (x86)/atmel/studio/7.0/toolchain/avr8/avr8-gnu-toolchain/bin/../lib/gcc/avr/5.4.0/avr5\libgcc.a(_copy_data.o)
 .data          0x00000000        0x0 c:/program files (x86)/atmel/studio/7.0/toolchain/avr8/avr8-gnu-toolchain/bin/../lib/gcc/avr/5.4.0/avr5\libgcc.a(_copy_data.o)
 .bss           0x00000000        0x0 c:/program files (x86)/atmel/studio/7.0/toolchain/avr8/avr8-gnu-toolchain/bin/../lib/gcc/avr/5.4.0/avr5\libgcc.a(_copy_data.o)
 .text.libgcc.mul
                0x00000000        0x0 c:/program files (x86)/atmel/studio/7.0/toolchain/avr8/avr8-gnu-toolchain/bin/../lib/gcc/avr/5.4.0/avr5\libgcc.a(_copy_data.o)
 .text.libgcc.div
                0x00000000        0x0 c:/program files (x86)/atmel/studio/7.0/toolchain/avr8/avr8-gnu-toolchain/bin/../lib/gcc/avr/5.4.0/avr5\libgcc.a(_copy_data.o)
 .text.libgcc   0x00000000        0x0 c:/program files (x86)/atmel/studio/7.0/toolchain/avr8/avr8-gnu-toolchain/bin/../lib/gcc/avr/5.4.0/avr5\libgcc.a(_copy_data.o)
 .text.libgcc.prologue
                0x00000000        0x0 c:/program files (x86)/atmel/studio/7.0/toolchain/avr8/avr8-gnu-toolchain/bin/../lib/gcc/avr/5.4.0/avr5\libgcc.a(_copy_data.o)
 .text.libgcc.builtins
                0x00000000        0x0 c:/program files (x86)/atmel/studio/7.0/toolchain/avr8/avr8-gnu-toolchain/bin/../lib/gcc/avr/5.4.0/avr5\libgcc.a(_copy_data.o)
 .text.libgcc.fmul
                0x00000000        0x0 c:/program files (x86)/atmel/studio/7.0/toolchain/avr8/avr8-gnu-toolchain/bin/../lib/gcc/avr/5.4.0/avr5\libgcc.a(_copy_data.o)
 .text.libgcc.fixed
                0x00000000        0x0 c:/program files (x86)/atmel/studio/7.0/toolchain/avr8/avr8-gnu-toolchain/bin/../lib/gcc/avr/5.4.0/avr5\libgcc.a(_copy_data.o)
 .text          0x00000000        0x0 c:/program files (x86)/atmel/studio/7.0/toolchain/avr8/avr8-gnu-toolchain/bin/../lib/gcc/avr/5.4.0/avr5\libgcc.a(_clear_bss.o)
 .data          0x00000000        0x0 c:/program files (x86)/atmel/studio/7.0/toolchain/avr8/avr8-gnu-toolchain/bin/../lib/gcc/avr/5.4.0/avr5\libgcc.a(_clear_bss.o)
 .bss           0x00000000        0x0 c:/program files (x86)/atmel/studio/7.0/toolchain/avr8/avr8-gnu-toolchain/bin/../lib/gcc/avr/5.4.0/avr5\libgcc.a(_clear_bss.o)
 .text.libgcc.mul
                0x00000000        0x0 c:/program files (x86)/atmel/studio/7.0/toolchain/avr8/avr8-gnu-toolchain/bin/../lib/gcc/avr/5.4.0/avr5\libgcc.a(_clear_bss.o)
 .text.libgcc.div
                0x00000000        0x0 c:/program files (x86)/atmel/studio/7.0/toolchain/avr8/avr8-gnu-toolchain/bin/../lib/gcc/avr/5.4.0/avr5\libgcc.a(_clear_bss.o)
 .text.libgcc   0x00000000        0x0 c:/program files (x86)/atmel/studio/7.0/toolchain/avr8/avr8-gnu-toolchain/bin/../lib/gcc/avr/5.4.0/avr5\libgcc.a(_clear_bss.o)
 .text.libgcc.prologue
                0x00000000        0x0 c:/program files (x86)/atmel/studio/7.0/toolchain/avr8/avr8-gnu-toolchain/bin/../lib/gcc/avr/5.4.0/avr5\libgcc.a(_clear_bss.o)
 .text.libgcc.builtins
                0x00000000        0x0 c:/program files (x86)/atmel/studio/7.0/toolchain/avr8/avr8-gnu-toolchain/bin/../lib/gcc/avr/5.4.0/avr5\libgcc.a(_clear_bss.o)
 .text.libgcc.fmul
                0x00000000        0x0 c:/program files (x86)/atmel/studio/7.0/toolchain/avr8/avr8-gnu-toolchain/bin/../lib/gcc/avr/5.4.0/avr5\libgcc.a(_clear_bss.o)
 .text.libgcc.fixed
                0x00000000        0x0 c:/program files (x86)/atmel/studio/7.0/toolchain/avr8/avr8-gnu-toolchain/bin/../lib/gcc/avr/5.4.0/avr5\libgcc.a(_clear_bss.o)
 .text          0x00000000        0x0 c:/program files (x86)/atmel/studio/7.0/toolchain/avr8/avr8-gnu-toolchain/bin/../lib/gcc/avr/5.4.0/avr5\libgcc.a(_umulhisi3.o)
 .data          0x00000000        0x0 c:/program files (x86)/atmel/studio/7.0/toolchain/avr8/avr8-gnu-toolchain/bin/../lib/gcc/avr/5.4.0/avr5\libgcc.a(_umulhisi3.o)
 .bss           0x00000000        0x0 c:/program files (x86)/atmel/studio/7.0/toolchain/avr8/avr8-gnu-toolchain/bin/../lib/gcc/avr/5.4.0/avr5\libgcc.a(_umulhisi3.o)
 .text.libgcc.div
                0x00000000        0x0 c:/program files (x86)/atmel/studio/7.0/toolchain/avr8/avr8-gnu-toolchain/bin/../lib/gcc/avr/5.4.0/avr5\libgcc.a(_umulhisi3.o)
 .text.libgcc   0x00000000        0x0 c:/program files (x86)/atmel/studio/7.0/toolchain/avr8/avr8-gnu-toolchain/bin/../lib/gcc/avr/5.4.0/avr5\libgcc.a(_umulhisi3.o)
 .text.libgcc.prologue
                0x00000000        0x0 c:/program files (x86)/atmel/studio/7.0/toolchain/avr8/avr8-gnu-toolchain/bin/../lib/gcc/avr/5.4.0/avr5\libgcc.a(_umulhisi3.o)
 .text.libgcc.builtins
                0x00000000        0x0 c:/program files (x86)/atmel/studio/7.0/toolchain/avr8/avr8-gnu-toolchain/bin/../lib/gcc/avr/5.4.0/avr5\libgcc.a(_umulhisi3.o)
 .text.libgcc.fmul
                0x00000000        0x0 c:/program files (x86)/atmel/studio/7.0/toolchain/avr8/avr8-gnu-toolchain/bin/../lib/gcc/avr/5.4.0/avr5\libgcc.a(_umulhisi3.o)
 .text.libgcc.fixed
                0x00000000        0x0 c:/program files (x86)/atmel/studio/7.0/toolchain/avr8/avr8-gnu-toolchain/bin/../lib/gcc/avr/5.4.0/avr5\libgcc.a(_umulhisi3.o)
 .text          0x00000000        0x0 c:/program files (x86)/atmel/studio/7.0/toolchain/avr8/avr8-gnu-toolchain/bin/../lib/gcc/avr/5.4.0/../../../../avr/lib/avr5\libc.a(dtostrf.o)
 .data          0x00000000        0x0 c:/program files (x86)/atmel/studio/7.0/toolchain/avr8/avr8-gnu-toolchain/bin/../lib/gcc/avr/5.4.0/../../../../avr/lib/avr5\libc.a(dtostrf.o)
 .bss           0x00000000        0x0 c:/program files (x86)/atmel/studio/7.0/toolchain/avr8/avr8-gnu-toolchain/bin/../lib/gcc/avr/5.4.0/../../../../avr/lib/avr5\libc.a(dtostrf.o)
 .text          0x00000000        0x0 c:/program files (x86)/atmel/studio/7.0/toolchain/avr8/avr8-gnu-toolchain/bin/../lib/gcc/avr/5.4.0/../../../../avr/lib/avr5\libc.a(memcpy.o)
 .data          0x00000000        0x0 c:/program files (x86)/atmel/studio/7.0/toolchain/avr8/avr8-gnu-toolchain/bin/../lib/gcc/avr/5.4.0/../../../../avr/lib/avr5\libc.a(memcpy.o)
 .bss           0x00000000        0x0 c:/program files (x86)/atmel/studio/7.0/toolchain/avr8/avr8-gnu-toolchain/bin/../lib/gcc/avr/5.4.0/../../../../avr/lib/avr5\libc.a(memcpy.o)
 .text.avr-libc
                0x00000000       0x12 c:/program files (x86)/atmel/studio/7.0/toolchain/avr8/avr8-gnu-toolchain/bin/../lib/gcc/avr/5.4.0/../../../../avr/lib/avr5\libc.a(memcpy.o)
 .text          0x00000000        0x0 c:/program files (x86)/atmel/studio/7.0/toolchain/avr8/avr8-gnu-toolchain/bin/../lib/gcc/avr/5.4.0/../../../../avr/lib/avr5\libc.a(memset.o)
 .data          0x00000000        0x0 c:/program files (x86)/atmel/studio/7.0/toolchain/avr8/avr8-gnu-toolchain/bin/../lib/gcc/avr/5.4.0/../../../../avr/lib/avr5\libc.a(memset.o)
 .bss           0x00000000        0x0 c:/program files (x86)/atmel/studio/7.0/toolchain/avr8/avr8-gnu-toolchain/bin/../lib/gcc/avr/5.4.0/../../../../avr/lib/avr5\libc.a(memset.o)
 .text          0x00000000        0x0 c:/program files (x86)/atmel/studio/7.0/toolchain/avr8/avr8-gnu-toolchain/bin/../lib/gcc/avr/5.4.0/../../../../avr/lib/avr5\libc.a(itoa.o)
 .data          0x00000000        0x0 c:/program files (x86)/atmel/studio/7.0/toolchain/avr8/avr8-gnu-toolchain/bin/../lib/gcc/avr/5.4.0/../../../../avr/lib/avr5\libc.a(itoa.o)
 .bss           0x00000000        0x0 c:/program files (x86)/atmel/studio/7.0/toolchain/avr8/avr8-gnu-toolchain/bin/../lib/gcc/avr/5.4.0/../../../../avr/lib/avr5\libc.a(itoa.o)
 .text          0x00000000        0x0 c:/program files (x86)/atmel/studio/7.0/toolchain/avr8/avr8-gnu-toolchain/bin/../lib/gcc/avr/5.4.0/../../../../avr/lib/avr5\libc.a(itoa_ncheck.o)
 .data          0x00000000        0x0 c:/program files (x86)/atmel/studio/7.0/toolchain/avr8/avr8-gnu-toolchain/bin/../lib/gcc/avr/5.4.0/../../../../avr/lib/avr5\libc.a(itoa_ncheck.o)
 .bss           0x00000000        0x0 c:/program files (x86)/atmel/studio/7.0/toolchain/avr8/avr8-gnu-toolchain/bin/../lib/gcc/avr/5.4.0/../../../../avr/lib/avr5\libc.a(itoa_ncheck.o)
 .text          0x00000000        0x0 c:/program files (x86)/atmel/studio/7.0/toolchain/avr8/avr8-gnu-toolchain/bin/../lib/gcc/avr/5.4.0/../../../../avr/lib/avr5\libc.a(utoa_ncheck.o)
 .data          0x00000000        0x0 c:/program files (x86)/atmel/studio/7.0/toolchain/avr8/avr8-gnu-toolchain/bin/../lib/gcc/avr/5.4.0/../../../../avr/lib/avr5\libc.a(utoa_ncheck.o)
 .bss           0x00000000        0x0 c:/program files (x86)/atmel/studio/7.0/toolchain/avr8/avr8-gnu-toolchain/bin/../lib/gcc/avr/5.4.0/../../../../avr/lib/avr5\libc.a(utoa_ncheck.o)
 .text          0x00000000        0x0 c:/program files (x86)/atmel/studio/7.0/toolchain/avr8/avr8-gnu-toolchain/bin/../lib/gcc/avr/5.4.0/../../../../avr/lib/avr5\libc.a(dtoa_prf.o)
 .data          0x00000000        0x0 c:/program files (x86)/atmel/studio/7.0/toolchain/avr8/avr8-gnu-toolchain/bin/../lib/gcc/avr/5.4.0/../../../../avr/lib/avr5\libc.a(dtoa_prf.o)
 .bss           0x00000000        0x0 c:/program files (x86)/atmel/studio/7.0/toolchain/avr8/avr8-gnu-toolchain/bin/../lib/gcc/avr/5.4.0/../../../../avr/lib/avr5\libc.a(dtoa_prf.o)
 .text          0x00000000        0x0 c:/program files (x86)/atmel/studio/7.0/toolchain/avr8/avr8-gnu-toolchain/bin/../lib/gcc/avr/5.4.0/../../../../avr/lib/avr5\libc.a(ftoa_engine.o)
 .data          0x00000000        0x0 c:/program files (x86)/atmel/studio/7.0/toolchain/avr8/avr8-gnu-toolchain/bin/../lib/gcc/avr/5.4.0/../../../../avr/lib/avr5\libc.a(ftoa_engine.o)
 .bss           0x00000000        0x0 c:/program files (x86)/atmel/studio/7.0/toolchain/avr8/avr8-gnu-toolchain/bin/../lib/gcc/avr/5.4.0/../../../../avr/lib/avr5\libc.a(ftoa_engine.o)
 .text          0x00000000        0x0 c:/program files (x86)/atmel/studio/7.0/toolchain/avr8/avr8-gnu-toolchain/bin/../lib/gcc/avr/5.4.0/../../../../avr/lib/avr5\libc.a(strrev.o)
 .data          0x00000000        0x0 c:/program files (x86)/atmel/studio/7.0/toolchain/avr8/avr8-gnu-toolchain/bin/../lib/gcc/avr/5.4.0/../../../../avr/lib/avr5\libc.a(strrev.o)
 .bss           0x00000000        0x0 c:/program files (x86)/atmel/studio/7.0/toolchain/avr8/avr8-gnu-toolchain/bin/../lib/gcc/avr/5.4.0/../../../../avr/lib/avr5\libc.a(strrev.o)
 .text          0x00000000        0x0 c:/program files (x86)/atmel/studio/7.0/toolchain/avr8/avr8-gnu-toolchain/bin/../lib/gcc/avr/5.4.0/avr5\libgcc.a(_prologue.o)
 .data          0x00000000        0x0 c:/program files (x86)/atmel/studio/7.0/toolchain/avr8/avr8-gnu-toolchain/bin/../lib/gcc/avr/5.4.0/avr5\libgcc.a(_prologue.o)
 .bss           0x00000000        0x0 c:/program files (x86)/atmel/studio/7.0/toolchain/avr8/avr8-gnu-toolchain/bin/../lib/gcc/avr/5.4.0/avr5\libgcc.a(_prologue.o)
 .text.libgcc.mul
                0x00000000        0x0 c:/program files (x86)/atmel/studio/7.0/toolchain/avr8/avr8-gnu-toolchain/bin/../lib/gcc/avr/5.4.0/avr5\libgcc.a(_prologue.o)
 .text.libgcc.div
                0x00000000        0x0 c:/program files (x86)/atmel/studio/7.0/toolchain/avr8/avr8-gnu-toolchain/bin/../lib/gcc/avr/5.4.0/avr5\libgcc.a(_prologue.o)
 .text.libgcc   0x00000000        0x0 c:/program files (x86)/atmel/studio/7.0/toolchain/avr8/avr8-gnu-toolchain/bin/../lib/gcc/avr/5.4.0/avr5\libgcc.a(_prologue.o)
 .text.libgcc.builtins
                0x00000000        0x0 c:/program files (x86)/atmel/studio/7.0/toolchain/avr8/avr8-gnu-toolchain/bin/../lib/gcc/avr/5.4.0/avr5\libgcc.a(_prologue.o)
 .text.libgcc.fmul
                0x00000000        0x0 c:/program files (x86)/atmel/studio/7.0/toolchain/avr8/avr8-gnu-toolchain/bin/../lib/gcc/avr/5.4.0/avr5\libgcc.a(_prologue.o)
 .text.libgcc.fixed
                0x00000000        0x0 c:/program files (x86)/atmel/studio/7.0/toolchain/avr8/avr8-gnu-toolchain/bin/../lib/gcc/avr/5.4.0/avr5\libgcc.a(_prologue.o)
 .text          0x00000000        0x0 c:/program files (x86)/atmel/studio/7.0/toolchain/avr8/avr8-gnu-toolchain/bin/../lib/gcc/avr/5.4.0/avr5\libgcc.a(_epilogue.o)
 .data          0x00000000        0x0 c:/program files (x86)/atmel/studio/7.0/toolchain/avr8/avr8-gnu-toolchain/bin/../lib/gcc/avr/5.4.0/avr5\libgcc.a(_epilogue.o)
 .bss           0x00000000        0x0 c:/program files (x86)/atmel/studio/7.0/toolchain/avr8/avr8-gnu-toolchain/bin/../lib/gcc/avr/5.4.0/avr5\libgcc.a(_epilogue.o)
 .text.libgcc.mul
                0x00000000        0x0 c:/program files (x86)/atmel/studio/7.0/toolchain/avr8/avr8-gnu-toolchain/bin/../lib/gcc/avr/5.4.0/avr5\libgcc.a(_epilogue.o)
 .text.libgcc.div
                0x00000000        0x0 c:/program files (x86)/atmel/studio/7.0/toolchain/avr8/avr8-gnu-toolchain/bin/../lib/gcc/avr/5.4.0/avr5\libgcc.a(_epilogue.o)
 .text.libgcc   0x00000000        0x0 c:/program files (x86)/atmel/studio/7.0/toolchain/avr8/avr8-gnu-toolchain/bin/../lib/gcc/avr/5.4.0/avr5\libgcc.a(_epilogue.o)
 .text.libgcc.builtins
                0x00000000        0x0 c:/program files (x86)/atmel/studio/7.0/toolchain/avr8/avr8-gnu-toolchain/bin/../lib/gcc/avr/5.4.0/avr5\libgcc.a(_epilogue.o)
 .text.libgcc.fmul
                0x00000000        0x0 c:/program files (x86)/atmel/studio/7.0/toolchain/avr8/avr8-gnu-toolchain/bin/../lib/gcc/avr/5.4.0/avr5\libgcc.a(_epilogue.o)
 .text.libgcc.fixed
                0x00000000        0x0 c:/program files (x86)/atmel/studio/7.0/toolchain/avr8/avr8-gnu-toolchain/bin/../lib/gcc/avr/5.4.0/avr5\libgcc.a(_epilogue.o)

Memory Configuration

Name             Origin             Length             Attributes
text             0x00000000         0x00008000         xr
data             0x00800060         0x00000800         rw !x
eeprom           0x00810000         0x00000400         rw !x
fuse             0x00820000         0x00000002         rw !x
lock             0x00830000         0x00000400         rw !x
signature        0x00840000         0x00000400         rw !x
user_signatures  0x00850000         0x00000400         rw !x
*default*        0x00000000         0xffffffff

Linker script and memory map

LOAD C:/Program Files (x86)/Atmel/Studio/7.0/Packs/Atmel/ATmega_DFP/1.7.374/gcc/dev/atmega32a/avr5/crtatmega32a.o
LOAD HAL/dc_motor.o
LOAD HAL/lcd.o
LOAD HAL/lm35_sensor.o
LOAD HAL/mq2_sensor.o
LOAD main.o
LOAD MCAL/adc.o
LOAD MCAL/gpio.o
LOAD MCAL/pwm_timer0.o
LOAD ThirdParty/FreeRTOS/Portable/croutine.o
LOAD ThirdParty/FreeRTOS/Portable/event_groups.o
LOAD ThirdParty/FreeRTOS/Portable/GCC/ATMega323/port.o
LOAD ThirdParty/FreeRTOS/Portable/list.o
LOAD ThirdParty/FreeRTOS/Portable/MemMang/heap_4.o
LOAD ThirdParty/FreeRTOS/Portable/queue.o
LOAD ThirdParty/FreeRTOS/Portable/tasks.o
LOAD ThirdParty/FreeRTOS/Portable/timers.o
START GROUP
LOAD c:/program files (x86)/atmel/studio/7.0/toolchain/avr8/avr8-gnu-toolchain/bin/../lib/gcc/avr/5.4.0/../../../../avr/lib/avr5\libm.a
END GROUP
START GROUP
LOAD c:/program files (x86)/atmel/studio/7.0/toolchain/avr8/avr8-gnu-toolchain/bin/../lib/gcc/avr/5.4.0/avr5\libgcc.a
LOAD c:/program files (x86)/atmel/studio/7.0/toolchain/avr8/avr8-gnu-toolchain/bin/../lib/gcc/avr/5.4.0/../../../../avr/lib/avr5\libm.a
LOAD c:/program files (x86)/atmel/studio/7.0/toolchain/avr8/avr8-gnu-toolchain/bin/../lib/gcc/avr/5.4.0/../../../../avr/lib/avr5\libc.a
LOAD C:/Program Files (x86)/Atmel/Studio/7.0/Packs/Atmel/ATmega_DFP/1.7.374/gcc/dev/atmega32a/avr5\libatmega32a.a
END GROUP
                [0x00000000]                __TEXT_REGION_ORIGIN__ = DEFINED (__TEXT_REGION_ORIGIN__)?__TEXT_REGION_ORIGIN__:0x0
                [0x00800060]                __DATA_REGION_ORIGIN__ = DEFINED (__DATA_REGION_ORIGIN__)?__DATA_REGION_ORIGIN__:0x800060
                [0x00008000]                __TEXT_REGION_LENGTH__ = DEFINED (__TEXT_REGION_LENGTH__)?__TEXT_REGION_LENGTH__:0x20000
                [0x00000800]                __DATA_REGION_LENGTH__ = DEFINED (__DATA_REGION_LENGTH__)?__DATA_REGION_LENGTH__:0xffa0
                [0x00000400]                __EEPROM_REGION_LENGTH__ = DEFINED (__EEPROM_REGION_LENGTH__)?__EEPROM_REGION_LENGTH__:0x10000
                [0x00000002]                __FUSE_REGION_LENGTH__ = DEFINED (__FUSE_REGION_LENGTH__)?__FUSE_REGION_LENGTH__:0x400
                0x00000400                __LOCK_REGION_LENGTH__ = DEFINED (__LOCK_REGION_LENGTH__)?__LOCK_REGION_LENGTH__:0x400
                0x00000400                __SIGNATURE_REGION_LENGTH__ = DEFINED (__SIGNATURE_REGION_LENGTH__)?__SIGNATURE_REGION_LENGTH__:0x400
                0x00000400                __USER_SIGNATURE_REGION_LENGTH__ = DEFINED (__USER_SIGNATURE_REGION_LENGTH__)?__USER_SIGNATURE_REGION_LENGTH__:0x400

.hash
 *(.hash)

.dynsym
 *(.dynsym)

.dynstr
 *(.dynstr)

.gnu.version
 *(.gnu.version)

.gnu.version_d
 *(.gnu.version_d)

.gnu.version_r
 *(.gnu.version_r)

.rel.init
 *(.rel.init)

.rela.init
 *(.rela.init)

.rel.text
 *(.rel.text)
 *(.rel.text.*)
 *(.rel.gnu.linkonce.t*)

.rela.text
 *(.rela.text)
 *(.rela.text.*)
 *(.rela.gnu.linkonce.t*)

.rel.fini
 *(.rel.fini)

.rela.fini
 *(.rela.fini)

.rel.rodata
 *(.rel.rodata)
 *(.rel.rodata.*)
 *(.rel.gnu.linkonce.r*)

.rela.rodata
 *(.rela.rodata)
 *(.rela.rodata.*)
 *(.rela.gnu.linkonce.r*)

.rel.data
 *(.rel.data)
 *(.rel.data.*)
 *(.rel.gnu.linkonce.d*)

.rela.data
 *(.rela.data)
 *(.rela.data.*)
 *(.rela.gnu.linkonce.d*)

.rel.ctors
 *(.rel.ctors)

.rela.ctors
 *(.rela.ctors)

.rel.dtors
 *(.rel.dtors)

.rela.dtors
 *(.rela.dtors)

.rel.got
 *(.rel.got)

.rela.got
 *(.rela.got)

.rel.bss
 *(.rel.bss)

.rela.bss
 *(.rela.bss)

.rel.plt
 *(.rel.plt)

.rela.plt
 *(.rela.plt)

.text           0x00000000     0x27c0
 *(.vectors)
 .vectors       0x00000000       0x54 C:/Program Files (x86)/Atmel/Studio/7.0/Packs/Atmel/ATmega_DFP/1.7.374/gcc/dev/atmega32a/avr5/crtatmega32a.o
                0x00000000                __vector_default
                0x00000000                __vectors
 *(.vectors)
 *(.progmem.gcc*)
 .progmem.gcc_fplib
                0x00000054       0x5a c:/program files (x86)/atmel/studio/7.0/toolchain/avr8/avr8-gnu-toolchain/bin/../lib/gcc/avr/5.4.0/../../../../avr/lib/avr5\libm.a(log.o)
 .progmem.gcc_fplib
                0x000000ae       0x28 c:/program files (x86)/atmel/studio/7.0/toolchain/avr8/avr8-gnu-toolchain/bin/../lib/gcc/avr/5.4.0/../../../../avr/lib/avr5\libm.a(exp.o)
                0x000000d6                . = ALIGN (0x2)
                0x000000d6                __trampolines_start = .
 *(.trampolines)
 .trampolines   0x000000d6        0x0 linker stubs
 *(.trampolines*)
                0x000000d6                __trampolines_end = .
 *libprintf_flt.a:*(.progmem.data)
 *libc.a:*(.progmem.data)
 .progmem.data  0x000000d6       0xfa c:/program files (x86)/atmel/studio/7.0/toolchain/avr8/avr8-gnu-toolchain/bin/../lib/gcc/avr/5.4.0/../../../../avr/lib/avr5\libc.a(ftoa_engine.o)
 *(.progmem*)
                0x000001d0                . = ALIGN (0x2)
 *(.jumptables)
 *(.jumptables*)
 *(.lowtext)
 *(.lowtext*)
                0x000001d0                __ctors_start = .
 *(.ctors)
                0x000001d0                __ctors_end = .
                0x000001d0                __dtors_start = .
 *(.dtors)
                0x000001d0                __dtors_end = .
 SORT(*)(.ctors)
 SORT(*)(.dtors)
 *(.init0)
 .init0         0x000001d0        0x0 C:/Program Files (x86)/Atmel/Studio/7.0/Packs/Atmel/ATmega_DFP/1.7.374/gcc/dev/atmega32a/avr5/crtatmega32a.o
                0x000001d0                __init
 *(.init0)
 *(.init1)
 *(.init1)
 *(.init2)
 .init2         0x000001d0        0xc C:/Program Files (x86)/Atmel/Studio/7.0/Packs/Atmel/ATmega_DFP/1.7.374/gcc/dev/atmega32a/avr5/crtatmega32a.o
 *(.init2)
 *(.init3)
 *(.init3)
 *(.init4)
 .init4         0x000001dc       0x16 c:/program files (x86)/atmel/studio/7.0/toolchain/avr8/avr8-gnu-toolchain/bin/../lib/gcc/avr/5.4.0/avr5\libgcc.a(_copy_data.o)
                0x000001dc                __do_copy_data
 .init4         0x000001f2       0x10 c:/program files (x86)/atmel/studio/7.0/toolchain/avr8/avr8-gnu-toolchain/bin/../lib/gcc/avr/5.4.0/avr5\libgcc.a(_clear_bss.o)
                0x000001f2                __do_clear_bss
 *(.init4)
 *(.init5)
 *(.init5)
 *(.init6)
 *(.init6)
 *(.init7)
 *(.init7)
 *(.init8)
 *(.init8)
 *(.init9)
 .init9         0x00000202        0x8 C:/Program Files (x86)/Atmel/Studio/7.0/Packs/Atmel/ATmega_DFP/1.7.374/gcc/dev/atmega32a/avr5/crtatmega32a.o
 *(.init9)
 *(.text)
 .text          0x0000020a        0x4 C:/Program Files (x86)/Atmel/Studio/7.0/Packs/Atmel/ATmega_DFP/1.7.374/gcc/dev/atmega32a/avr5/crtatmega32a.o
                0x0000020a                __vector_1
                0x0000020a                __vector_12
                0x0000020a                __bad_interrupt
                0x0000020a                __vector_6
                0x0000020a                __vector_3
                0x0000020a                __vector_11
                0x0000020a                __vector_13
                0x0000020a                __vector_17
                0x0000020a                __vector_19
                0x0000020a                __vector_5
                0x0000020a                __vector_4
                0x0000020a                __vector_2
                0x0000020a                __vector_15
                0x0000020a                __vector_8
                0x0000020a                __vector_14
                0x0000020a                __vector_10
                0x0000020a                __vector_16
                0x0000020a                __vector_18
                0x0000020a                __vector_20
                0x0000020e                . = ALIGN (0x2)
 *(.text.*)
 .text.DcMotor_Init
                0x0000020e       0x2a HAL/dc_motor.o
                0x0000020e                DcMotor_Init
 .text.DcMotor_Rotate
                0x00000238       0x64 HAL/dc_motor.o
                0x00000238                DcMotor_Rotate
 .text.LCD_sendCommand
                0x0000029c       0x5e HAL/lcd.o
                0x0000029c                LCD_sendCommand
 .text.LCD_init
                0x000002fa       0x3c HAL/lcd.o
                0x000002fa                LCD_init
 .text.LCD_displayCharacter
                0x00000336       0x5e HAL/lcd.o
                0x00000336                LCD_displayCharacter
 .text.LCD_displayString
                0x00000394       0x26 HAL/lcd.o
                0x00000394                LCD_displayString
 .text.LCD_moveCursor
                0x000003ba       0x2e HAL/lcd.o
                0x000003ba                LCD_moveCursor
 .text.LCD_displayStringRowColumn
                0x000003e8       0x16 HAL/lcd.o
                0x000003e8                LCD_displayStringRowColumn
 .text.LCD_intgerToString
                0x000003fe       0x3c HAL/lcd.o
                0x000003fe                LCD_intgerToString
 .text.LCD_clearScreen
                0x0000043a        0x8 HAL/lcd.o
                0x0000043a                LCD_clearScreen
 .text.LM35_getTemperature
                0x00000442       0x34 HAL/lm35_sensor.o
                0x00000442                LM35_getTemperature
 .text.ResistanceCalculation
                0x00000476       0x52 HAL/mq2_sensor.o
                0x00000476                ResistanceCalculation
 .text.SensorCalibration
                0x000004c8       0x68 HAL/mq2_sensor.o
                0x000004c8                SensorCalibration
 .text.ReadSensor
                0x00000530       0x5c HAL/mq2_sensor.o
                0x00000530                ReadSensor
 .text.GetPercentage
                0x0000058c       0x58 HAL/mq2_sensor.o
                0x0000058c                GetPercentage
 .text.GetGasPercentage
                0x000005e4       0x26 HAL/mq2_sensor.o
                0x000005e4                GetGasPercentage
 .text.Timer_Init
                0x0000060a       0x14 main.o
                0x0000060a                Timer_Init
 .text.main     0x0000061e      0x106 main.o
                0x0000061e                main
 .text.vLcd_Task
                0x00000724      0x110 main.o
                0x00000724                vLcd_Task
 .text.vTemp_Task
                0x00000834       0x62 main.o
                0x00000834                vTemp_Task
 .text.vMotor_LED_Task
                0x00000896       0xb4 main.o
                0x00000896                vMotor_LED_Task
 .text.vGas_Task
                0x0000094a       0xc4 main.o
                0x0000094a                vGas_Task
 .text.__vector_9
                0x00000a0e       0x38 main.o
                0x00000a0e                __vector_9
 .text.ADC_init
                0x00000a46       0x22 MCAL/adc.o
                0x00000a46                ADC_init
 .text.ADC_readChannel
                0x00000a68       0x24 MCAL/adc.o
                0x00000a68                ADC_readChannel
 .text.GPIO_setupPinDirection
                0x00000a8c       0xe6 MCAL/gpio.o
                0x00000a8c                GPIO_setupPinDirection
 .text.GPIO_writePin
                0x00000b72       0xe6 MCAL/gpio.o
                0x00000b72                GPIO_writePin
 .text.GPIO_setupPortDirection
                0x00000c58       0x24 MCAL/gpio.o
                0x00000c58                GPIO_setupPortDirection
 .text.GPIO_writePort
                0x00000c7c       0x24 MCAL/gpio.o
                0x00000c7c                GPIO_writePort
 .text.PWM_Timer0_Start
                0x00000ca0       0x3c MCAL/pwm_timer0.o
                0x00000ca0                PWM_Timer0_Start
 .text.prvSetupTimerInterrupt
                0x00000cdc       0x14 ThirdParty/FreeRTOS/Portable/GCC/ATMega323/port.o
 .text.pxPortInitialiseStack
                0x00000cf0       0xd8 ThirdParty/FreeRTOS/Portable/GCC/ATMega323/port.o
                0x00000cf0                pxPortInitialiseStack
 .text.xPortStartScheduler
                0x00000dc8       0x5e ThirdParty/FreeRTOS/Portable/GCC/ATMega323/port.o
                0x00000dc8                xPortStartScheduler
 .text.vPortYield
                0x00000e26       0xb2 ThirdParty/FreeRTOS/Portable/GCC/ATMega323/port.o
                0x00000e26                vPortYield
 .text.vPortYieldFromTick
                0x00000ed8       0xb8 ThirdParty/FreeRTOS/Portable/GCC/ATMega323/port.o
                0x00000ed8                vPortYieldFromTick
 .text.__vector_7
                0x00000f90        0x6 ThirdParty/FreeRTOS/Portable/GCC/ATMega323/port.o
                0x00000f90                __vector_7
 .text.vListInitialise
                0x00000f96       0x1c ThirdParty/FreeRTOS/Portable/list.o
                0x00000f96                vListInitialise
 .text.vListInitialiseItem
                0x00000fb2        0x8 ThirdParty/FreeRTOS/Portable/list.o
                0x00000fb2                vListInitialiseItem
 .text.vListInsertEnd
                0x00000fba       0x42 ThirdParty/FreeRTOS/Portable/list.o
                0x00000fba                vListInsertEnd
 .text.vListInsert
                0x00000ffc       0x62 ThirdParty/FreeRTOS/Portable/list.o
                0x00000ffc                vListInsert
 .text.uxListRemove
                0x0000105e       0x4e ThirdParty/FreeRTOS/Portable/list.o
                0x0000105e                uxListRemove
 .text.prvHeapInit
                0x000010ac       0x52 ThirdParty/FreeRTOS/Portable/MemMang/heap_4.o
 .text.prvInsertBlockIntoFreeList
                0x000010fe       0x94 ThirdParty/FreeRTOS/Portable/MemMang/heap_4.o
 .text.pvPortMalloc
                0x00001192      0x14c ThirdParty/FreeRTOS/Portable/MemMang/heap_4.o
                0x00001192                pvPortMalloc
 .text.vPortFree
                0x000012de       0x7c ThirdParty/FreeRTOS/Portable/MemMang/heap_4.o
                0x000012de                vPortFree
 .text.prvResetNextTaskUnblockTime
                0x0000135a       0x38 ThirdParty/FreeRTOS/Portable/tasks.o
 .text.prvInitialiseNewTask
                0x00001392      0x116 ThirdParty/FreeRTOS/Portable/tasks.o
 .text.prvIdleTask
                0x000014a8        0xe ThirdParty/FreeRTOS/Portable/tasks.o
 .text.prvInitialiseTaskLists
                0x000014b6       0x66 ThirdParty/FreeRTOS/Portable/tasks.o
 .text.prvAddNewTaskToReadyList
                0x0000151c       0xba ThirdParty/FreeRTOS/Portable/tasks.o
 .text.prvAddCurrentTaskToDelayedList
                0x000015d6       0xb0 ThirdParty/FreeRTOS/Portable/tasks.o
 .text.xTaskCreate
                0x00001686       0xa8 ThirdParty/FreeRTOS/Portable/tasks.o
                0x00001686                xTaskCreate
 .text.vTaskStartScheduler
                0x0000172e       0x58 ThirdParty/FreeRTOS/Portable/tasks.o
                0x0000172e                vTaskStartScheduler
 .text.vTaskSuspendAll
                0x00001786        0xc ThirdParty/FreeRTOS/Portable/tasks.o
                0x00001786                vTaskSuspendAll
 .text.xTaskGetTickCount
                0x00001792       0x14 ThirdParty/FreeRTOS/Portable/tasks.o
                0x00001792                xTaskGetTickCount
 .text.xTaskIncrementTick
                0x000017a6      0x17c ThirdParty/FreeRTOS/Portable/tasks.o
                0x000017a6                xTaskIncrementTick
 .text.xTaskResumeAll
                0x00001922       0xec ThirdParty/FreeRTOS/Portable/tasks.o
                0x00001922                xTaskResumeAll
 .text.vTaskDelay
                0x00001a0e       0x2c ThirdParty/FreeRTOS/Portable/tasks.o
                0x00001a0e                vTaskDelay
 .text.vTaskSwitchContext
                0x00001a3a       0xa8 ThirdParty/FreeRTOS/Portable/tasks.o
                0x00001a3a                vTaskSwitchContext
 .text.avr-libc.fplib
                0x00001ae2        0xe c:/program files (x86)/atmel/studio/7.0/toolchain/avr8/avr8-gnu-toolchain/bin/../lib/gcc/avr/5.4.0/../../../../avr/lib/avr5\libm.a(addsf3.o)
                0x00001ae2                __subsf3
                0x00001ae4                __addsf3
 .text.avr-libc.fplib
                0x00001af0       0xcc c:/program files (x86)/atmel/studio/7.0/toolchain/avr8/avr8-gnu-toolchain/bin/../lib/gcc/avr/5.4.0/../../../../avr/lib/avr5\libm.a(addsf3x.o)
                0x00001b12                __addsf3x
 .text.avr-libc.fplib
                0x00001bbc        0x8 c:/program files (x86)/atmel/studio/7.0/toolchain/avr8/avr8-gnu-toolchain/bin/../lib/gcc/avr/5.4.0/../../../../avr/lib/avr5\libm.a(divsf3.o)
                0x00001bbc                __divsf3
 .text.avr-libc.fplib
                0x00001bc4       0xdc c:/program files (x86)/atmel/studio/7.0/toolchain/avr8/avr8-gnu-toolchain/bin/../lib/gcc/avr/5.4.0/../../../../avr/lib/avr5\libm.a(divsf3x.o)
                0x00001be4                __divsf3x
                0x00001bea                __divsf3_pse
 .text.avr-libc.fplib
                0x00001ca0       0x5e c:/program files (x86)/atmel/studio/7.0/toolchain/avr8/avr8-gnu-toolchain/bin/../lib/gcc/avr/5.4.0/../../../../avr/lib/avr5\libm.a(fixunssfsi.o)
                0x00001ca0                __fixunssfsi
 .text.avr-libc.fplib
                0x00001cfe       0x7a c:/program files (x86)/atmel/studio/7.0/toolchain/avr8/avr8-gnu-toolchain/bin/../lib/gcc/avr/5.4.0/../../../../avr/lib/avr5\libm.a(floatsisf.o)
                0x00001cfe                __floatunsisf
                0x00001d02                __floatsisf
 .text.avr-libc.fplib
                0x00001d78        0xc c:/program files (x86)/atmel/studio/7.0/toolchain/avr8/avr8-gnu-toolchain/bin/../lib/gcc/avr/5.4.0/../../../../avr/lib/avr5\libm.a(fp_inf.o)
                0x00001d78                __fp_inf
 .text.avr-libc.fplib
                0x00001d84        0x6 c:/program files (x86)/atmel/studio/7.0/toolchain/avr8/avr8-gnu-toolchain/bin/../lib/gcc/avr/5.4.0/../../../../avr/lib/avr5\libm.a(fp_nan.o)
                0x00001d84                __fp_nan
 .text.avr-libc.fplib
                0x00001d8a        0xe c:/program files (x86)/atmel/studio/7.0/toolchain/avr8/avr8-gnu-toolchain/bin/../lib/gcc/avr/5.4.0/../../../../avr/lib/avr5\libm.a(fp_pscA.o)
                0x00001d8a                __fp_pscA
 .text.avr-libc.fplib
                0x00001d98        0xe c:/program files (x86)/atmel/studio/7.0/toolchain/avr8/avr8-gnu-toolchain/bin/../lib/gcc/avr/5.4.0/../../../../avr/lib/avr5\libm.a(fp_pscB.o)
                0x00001d98                __fp_pscB
 .text.avr-libc.fplib
                0x00001da6       0x22 c:/program files (x86)/atmel/studio/7.0/toolchain/avr8/avr8-gnu-toolchain/bin/../lib/gcc/avr/5.4.0/../../../../avr/lib/avr5\libm.a(fp_round.o)
                0x00001da6                __fp_round
 .text.avr-libc.fplib
                0x00001dc8       0x44 c:/program files (x86)/atmel/studio/7.0/toolchain/avr8/avr8-gnu-toolchain/bin/../lib/gcc/avr/5.4.0/../../../../avr/lib/avr5\libm.a(fp_split3.o)
                0x00001dc8                __fp_split3
                0x00001dd8                __fp_splitA
 .text.avr-libc.fplib
                0x00001e0c        0xe c:/program files (x86)/atmel/studio/7.0/toolchain/avr8/avr8-gnu-toolchain/bin/../lib/gcc/avr/5.4.0/../../../../avr/lib/avr5\libm.a(fp_zero.o)
                0x00001e0c                __fp_zero
                0x00001e0e                __fp_szero
 .text.avr-libc.fplib
                0x00001e1a       0xa0 c:/program files (x86)/atmel/studio/7.0/toolchain/avr8/avr8-gnu-toolchain/bin/../lib/gcc/avr/5.4.0/../../../../avr/lib/avr5\libm.a(log.o)
                0x00001e2a                log
 .text.avr-libc.fplib
                0x00001eba        0x8 c:/program files (x86)/atmel/studio/7.0/toolchain/avr8/avr8-gnu-toolchain/bin/../lib/gcc/avr/5.4.0/../../../../avr/lib/avr5\libm.a(mulsf3.o)
                0x00001eba                __mulsf3
 .text.avr-libc.fplib
                0x00001ec2       0xd2 c:/program files (x86)/atmel/studio/7.0/toolchain/avr8/avr8-gnu-toolchain/bin/../lib/gcc/avr/5.4.0/../../../../avr/lib/avr5\libm.a(mulsf3x.o)
                0x00001ee0                __mulsf3x
                0x00001ee6                __mulsf3_pse
 .text.avr-libc.fplib
                0x00001f94       0xa0 c:/program files (x86)/atmel/studio/7.0/toolchain/avr8/avr8-gnu-toolchain/bin/../lib/gcc/avr/5.4.0/../../../../avr/lib/avr5\libm.a(pow.o)
                0x00001f94                pow
 .text.avr-libc.fplib
                0x00002034       0x74 c:/program files (x86)/atmel/studio/7.0/toolchain/avr8/avr8-gnu-toolchain/bin/../lib/gcc/avr/5.4.0/../../../../avr/lib/avr5\libm.a(exp.o)
                0x00002044                exp
 .text.avr-libc.fplib
                0x000020a8       0x1c c:/program files (x86)/atmel/studio/7.0/toolchain/avr8/avr8-gnu-toolchain/bin/../lib/gcc/avr/5.4.0/../../../../avr/lib/avr5\libm.a(fp_mpack.o)
                0x000020a8                __fp_mpack
                0x000020ac                __fp_mpack_finite
 .text.avr-libc.fplib
                0x000020c4       0x4e c:/program files (x86)/atmel/studio/7.0/toolchain/avr8/avr8-gnu-toolchain/bin/../lib/gcc/avr/5.4.0/../../../../avr/lib/avr5\libm.a(fp_powser.o)
                0x000020c4                __fp_powser
 .text.avr-libc.fplib
                0x00002112       0x10 c:/program files (x86)/atmel/studio/7.0/toolchain/avr8/avr8-gnu-toolchain/bin/../lib/gcc/avr/5.4.0/../../../../avr/lib/avr5\libm.a(inverse.o)
                0x00002112                inverse
 .text.avr-libc.fplib
                0x00002122       0x74 c:/program files (x86)/atmel/studio/7.0/toolchain/avr8/avr8-gnu-toolchain/bin/../lib/gcc/avr/5.4.0/../../../../avr/lib/avr5\libm.a(ldexp.o)
                0x0000212a                ldexp
 .text.avr-libc.fplib
                0x00002196       0x68 c:/program files (x86)/atmel/studio/7.0/toolchain/avr8/avr8-gnu-toolchain/bin/../lib/gcc/avr/5.4.0/../../../../avr/lib/avr5\libm.a(modf.o)
                0x00002196                modf
                0x00002196                modff
 .text.libgcc.mul
                0x000021fe       0x1e c:/program files (x86)/atmel/studio/7.0/toolchain/avr8/avr8-gnu-toolchain/bin/../lib/gcc/avr/5.4.0/avr5\libgcc.a(_umulhisi3.o)
                0x000021fe                __umulhisi3
 .text.avr-libc
                0x0000221c       0x40 c:/program files (x86)/atmel/studio/7.0/toolchain/avr8/avr8-gnu-toolchain/bin/../lib/gcc/avr/5.4.0/../../../../avr/lib/avr5\libc.a(dtostrf.o)
                0x0000221c                dtostrf
 .text.avr-libc
                0x0000225c        0xe c:/program files (x86)/atmel/studio/7.0/toolchain/avr8/avr8-gnu-toolchain/bin/../lib/gcc/avr/5.4.0/../../../../avr/lib/avr5\libc.a(memset.o)
                0x0000225c                memset
 .text.avr-libc
                0x0000226a       0x16 c:/program files (x86)/atmel/studio/7.0/toolchain/avr8/avr8-gnu-toolchain/bin/../lib/gcc/avr/5.4.0/../../../../avr/lib/avr5\libc.a(itoa.o)
                0x0000226a                __itoa
                0x0000226a                itoa
 .text.avr-libc
                0x00002280       0x16 c:/program files (x86)/atmel/studio/7.0/toolchain/avr8/avr8-gnu-toolchain/bin/../lib/gcc/avr/5.4.0/../../../../avr/lib/avr5\libc.a(itoa_ncheck.o)
                0x00002280                __itoa_ncheck
 .text.avr-libc
                0x00002296       0x34 c:/program files (x86)/atmel/studio/7.0/toolchain/avr8/avr8-gnu-toolchain/bin/../lib/gcc/avr/5.4.0/../../../../avr/lib/avr5\libc.a(utoa_ncheck.o)
                0x00002296                __utoa_ncheck
                0x00002298                __utoa_common
 .text.avr-libc
                0x000022ca      0x2b4 c:/program files (x86)/atmel/studio/7.0/toolchain/avr8/avr8-gnu-toolchain/bin/../lib/gcc/avr/5.4.0/../../../../avr/lib/avr5\libc.a(dtoa_prf.o)
                0x000022ca                dtoa_prf
 .text.avr-libc
                0x0000257e      0x1b0 c:/program files (x86)/atmel/studio/7.0/toolchain/avr8/avr8-gnu-toolchain/bin/../lib/gcc/avr/5.4.0/../../../../avr/lib/avr5\libc.a(ftoa_engine.o)
                0x0000257e                __ftoa_engine
 .text.avr-libc
                0x0000272e       0x20 c:/program files (x86)/atmel/studio/7.0/toolchain/avr8/avr8-gnu-toolchain/bin/../lib/gcc/avr/5.4.0/../../../../avr/lib/avr5\libc.a(strrev.o)
                0x0000272e                strrev
 .text.libgcc.prologue
                0x0000274e       0x38 c:/program files (x86)/atmel/studio/7.0/toolchain/avr8/avr8-gnu-toolchain/bin/../lib/gcc/avr/5.4.0/avr5\libgcc.a(_prologue.o)
                0x0000274e                __prologue_saves__
 .text.libgcc.prologue
                0x00002786       0x36 c:/program files (x86)/atmel/studio/7.0/toolchain/avr8/avr8-gnu-toolchain/bin/../lib/gcc/avr/5.4.0/avr5\libgcc.a(_epilogue.o)
                0x00002786                __epilogue_restores__
                0x000027bc                . = ALIGN (0x2)
 *(.fini9)
 .fini9         0x000027bc        0x0 c:/program files (x86)/atmel/studio/7.0/toolchain/avr8/avr8-gnu-toolchain/bin/../lib/gcc/avr/5.4.0/avr5\libgcc.a(_exit.o)
                0x000027bc                _exit
                0x000027bc                exit
 *(.fini9)
 *(.fini8)
 *(.fini8)
 *(.fini7)
 *(.fini7)
 *(.fini6)
 *(.fini6)
 *(.fini5)
 *(.fini5)
 *(.fini4)
 *(.fini4)
 *(.fini3)
 *(.fini3)
 *(.fini2)
 *(.fini2)
 *(.fini1)
 *(.fini1)
 *(.fini0)
 .fini0         0x000027bc        0x4 c:/program files (x86)/atmel/studio/7.0/toolchain/avr8/avr8-gnu-toolchain/bin/../lib/gcc/avr/5.4.0/avr5\libgcc.a(_exit.o)
 *(.fini0)
                0x000027c0                _etext = .

.data           0x00800060       0xa2 load address 0x000027c0
                0x00800060                PROVIDE (__data_start, .)
 *(.data)
 *(.data*)
 .data.SmokeCurve
                0x00800060        0xc HAL/mq2_sensor.o
                0x00800060                SmokeCurve
 .data.LPGCurve
                0x0080006c        0xc HAL/mq2_sensor.o
                0x0080006c                LPGCurve
 .data.uxTopUsedPriority
                0x00800078        0x1 ThirdParty/FreeRTOS/Portable/tasks.o
                0x00800078                uxTopUsedPriority
 *(.gnu.linkonce.d*)
 *(.rodata)
 *(.rodata*)
 .rodata.str1.1
                0x00800079       0x83 main.o
 .rodata.str1.1
                0x008000fc        0x5 ThirdParty/FreeRTOS/Portable/tasks.o
 *(.gnu.linkonce.r*)
                0x00800102                . = ALIGN (0x2)
 *fill*         0x00800101        0x1 
                0x00800102                _edata = .
                0x00800102                PROVIDE (__data_end, .)

.bss            0x00800102      0x690
                0x00800102                PROVIDE (__bss_start, .)
 *(.bss)
 *(.bss*)
 .bss.status    0x00800102        0x1 main.o
                0x00800102                status
 .bss.Fan       0x00800103        0x1 main.o
                0x00800103                Fan
 .bss.G_smoke   0x00800104       0x10 main.o
 .bss.G_lpg     0x00800114       0x10 main.o
 .bss.G_temp    0x00800124        0x1 main.o
 .bss.g_end_t4  0x00800125        0x2 main.o
                0x00800125                g_end_t4
 .bss.g_start_t4
                0x00800127        0x2 main.o
                0x00800127                g_start_t4
 .bss.g_end_t3  0x00800129        0x2 main.o
                0x00800129                g_end_t3
 .bss.g_start_t3
                0x0080012b        0x2 main.o
                0x0080012b                g_start_t3
 .bss.g_end_t2  0x0080012d        0x2 main.o
                0x0080012d                g_end_t2
 .bss.g_start_t2
                0x0080012f        0x2 main.o
                0x0080012f                g_start_t2
 .bss.g_end_t1  0x00800131        0x2 main.o
                0x00800131                g_end_t1
 .bss.g_start_t1
                0x00800133        0x2 main.o
                0x00800133                g_start_t1
 .bss.g_Task4_duartion
                0x00800135        0x2 main.o
                0x00800135                g_Task4_duartion
 .bss.g_Task3_duartion
                0x00800137        0x2 main.o
                0x00800137                g_Task3_duartion
 .bss.g_Task2_duartion
                0x00800139        0x2 main.o
                0x00800139                g_Task2_duartion
 .bss.g_Task1_duartion
                0x0080013b        0x2 main.o
                0x0080013b                g_Task1_duartion
 .bss.g_counter_S
                0x0080013d        0x2 main.o
                0x0080013d                g_counter_S
 .bss.g_counter
                0x0080013f        0x2 main.o
                0x0080013f                g_counter
 .bss.xBlockAllocatedBit
                0x00800141        0x2 ThirdParty/FreeRTOS/Portable/MemMang/heap_4.o
 .bss.xNumberOfSuccessfulFrees
                0x00800143        0x2 ThirdParty/FreeRTOS/Portable/MemMang/heap_4.o
 .bss.xNumberOfSuccessfulAllocations
                0x00800145        0x2 ThirdParty/FreeRTOS/Portable/MemMang/heap_4.o
 .bss.xMinimumEverFreeBytesRemaining
                0x00800147        0x2 ThirdParty/FreeRTOS/Portable/MemMang/heap_4.o
 .bss.xFreeBytesRemaining
                0x00800149        0x2 ThirdParty/FreeRTOS/Portable/MemMang/heap_4.o
 .bss.pxEnd     0x0080014b        0x2 ThirdParty/FreeRTOS/Portable/MemMang/heap_4.o
 .bss.xStart    0x0080014d        0x4 ThirdParty/FreeRTOS/Portable/MemMang/heap_4.o
 .bss.ucHeap    0x00800151      0x5dc ThirdParty/FreeRTOS/Portable/MemMang/heap_4.o
 .bss.uxSchedulerSuspended
                0x0080072d        0x1 ThirdParty/FreeRTOS/Portable/tasks.o
 .bss.xIdleTaskHandle
                0x0080072e        0x2 ThirdParty/FreeRTOS/Portable/tasks.o
 .bss.xNextTaskUnblockTime
                0x00800730        0x2 ThirdParty/FreeRTOS/Portable/tasks.o
 .bss.uxTaskNumber
                0x00800732        0x1 ThirdParty/FreeRTOS/Portable/tasks.o
 .bss.xNumOfOverflows
                0x00800733        0x1 ThirdParty/FreeRTOS/Portable/tasks.o
 .bss.xYieldPending
                0x00800734        0x1 ThirdParty/FreeRTOS/Portable/tasks.o
 .bss.xPendedTicks
                0x00800735        0x2 ThirdParty/FreeRTOS/Portable/tasks.o
 .bss.xSchedulerRunning
                0x00800737        0x1 ThirdParty/FreeRTOS/Portable/tasks.o
 .bss.uxTopReadyPriority
                0x00800738        0x1 ThirdParty/FreeRTOS/Portable/tasks.o
 .bss.xTickCount
                0x00800739        0x2 ThirdParty/FreeRTOS/Portable/tasks.o
 .bss.uxCurrentNumberOfTasks
                0x0080073b        0x1 ThirdParty/FreeRTOS/Portable/tasks.o
 .bss.xSuspendedTaskList
                0x0080073c        0x9 ThirdParty/FreeRTOS/Portable/tasks.o
 .bss.xPendingReadyList
                0x00800745        0x9 ThirdParty/FreeRTOS/Portable/tasks.o
 .bss.pxOverflowDelayedTaskList
                0x0080074e        0x2 ThirdParty/FreeRTOS/Portable/tasks.o
 .bss.pxDelayedTaskList
                0x00800750        0x2 ThirdParty/FreeRTOS/Portable/tasks.o
 .bss.xDelayedTaskList2
                0x00800752        0x9 ThirdParty/FreeRTOS/Portable/tasks.o
 .bss.xDelayedTaskList1
                0x0080075b        0x9 ThirdParty/FreeRTOS/Portable/tasks.o
 .bss.pxReadyTasksLists
                0x00800764       0x24 ThirdParty/FreeRTOS/Portable/tasks.o
 .bss.pxCurrentTCB
                0x00800788        0x2 ThirdParty/FreeRTOS/Portable/tasks.o
                0x00800788                pxCurrentTCB
 *(COMMON)
 COMMON         0x0080078a        0x8 main.o
                0x0080078a                Temp_Sensor_Handeler
                0x0080078c                Dc_motor_Handler
                0x0080078e                Gas_Sensor_Handler
                0x00800790                Lcd_Handler
                0x00800792                PROVIDE (__bss_end, .)
                0x000027c0                __data_load_start = LOADADDR (.data)
                0x00002862                __data_load_end = (__data_load_start + SIZEOF (.data))

.noinit         0x00800792        0x0
                [!provide]                PROVIDE (__noinit_start, .)
 *(.noinit*)
                [!provide]                PROVIDE (__noinit_end, .)
                0x00800792                _end = .
                [!provide]                PROVIDE (__heap_start, .)

.eeprom         0x00810000        0x0
 *(.eeprom*)
                0x00810000                __eeprom_end = .

.fuse
 *(.fuse)
 *(.lfuse)
 *(.hfuse)
 *(.efuse)

.lock
 *(.lock*)

.signature
 *(.signature*)

.user_signatures
 *(.user_signatures*)

.stab
 *(.stab)

.stabstr
 *(.stabstr)

.stab.excl
 *(.stab.excl)

.stab.exclstr
 *(.stab.exclstr)

.stab.index
 *(.stab.index)

.stab.indexstr
 *(.stab.indexstr)

.comment        0x00000000       0x30
 *(.comment)
 .comment       0x00000000       0x30 HAL/dc_motor.o
                                 0x31 (size before relaxing)
 .comment       0x00000030       0x31 HAL/lcd.o
 .comment       0x00000030       0x31 HAL/lm35_sensor.o
 .comment       0x00000030       0x31 HAL/mq2_sensor.o
 .comment       0x00000030       0x31 main.o
 .comment       0x00000030       0x31 MCAL/adc.o
 .comment       0x00000030       0x31 MCAL/gpio.o
 .comment       0x00000030       0x31 MCAL/pwm_timer0.o
 .comment       0x00000030       0x31 ThirdParty/FreeRTOS/Portable/GCC/ATMega323/port.o
 .comment       0x00000030       0x31 ThirdParty/FreeRTOS/Portable/list.o
 .comment       0x00000030       0x31 ThirdParty/FreeRTOS/Portable/MemMang/heap_4.o
 .comment       0x00000030       0x31 ThirdParty/FreeRTOS/Portable/tasks.o
 .comment       0x00000030       0x31 c:/program files (x86)/atmel/studio/7.0/toolchain/avr8/avr8-gnu-toolchain/bin/../lib/gcc/avr/5.4.0/../../../../avr/lib/avr5\libc.a(dtostrf.o)
 .comment       0x00000030       0x31 c:/program files (x86)/atmel/studio/7.0/toolchain/avr8/avr8-gnu-toolchain/bin/../lib/gcc/avr/5.4.0/../../../../avr/lib/avr5\libc.a(dtoa_prf.o)

.note.gnu.avr.deviceinfo
                0x00000000       0x3c
 .note.gnu.avr.deviceinfo
                0x00000000       0x3c C:/Program Files (x86)/Atmel/Studio/7.0/Packs/Atmel/ATmega_DFP/1.7.374/gcc/dev/atmega32a/avr5/crtatmega32a.o

.note.gnu.build-id
 *(.note.gnu.build-id)

.debug
 *(.debug)

.line
 *(.line)

.debug_srcinfo
 *(.debug_srcinfo)

.debug_sfnames
 *(.debug_sfnames)

.debug_aranges  0x00000000      0x438
 *(.debug_aranges)
 .debug_aranges
                0x00000000       0x28 HAL/dc_motor.o
 .debug_aranges
                0x00000028       0x58 HAL/lcd.o
 .debug_aranges
                0x00000080       0x20 HAL/lm35_sensor.o
 .debug_aranges
                0x000000a0       0x40 HAL/mq2_sensor.o
 .debug_aranges
                0x000000e0       0x50 main.o
 .debug_aranges
                0x00000130       0x28 MCAL/adc.o
 .debug_aranges
                0x00000158       0x48 MCAL/gpio.o
 .debug_aranges
                0x000001a0       0x20 MCAL/pwm_timer0.o
 .debug_aranges
                0x000001c0       0x50 ThirdParty/FreeRTOS/Portable/GCC/ATMega323/port.o
 .debug_aranges
                0x00000210       0x40 ThirdParty/FreeRTOS/Portable/list.o
 .debug_aranges
                0x00000250       0x58 ThirdParty/FreeRTOS/Portable/MemMang/heap_4.o
 .debug_aranges
                0x000002a8      0x190 ThirdParty/FreeRTOS/Portable/tasks.o

.debug_pubnames
 *(.debug_pubnames)

.debug_info     0x00000000     0x4dc3
 *(.debug_info .gnu.linkonce.wi.*)
 .debug_info    0x00000000      0x4e6 C:/Program Files (x86)/Atmel/Studio/7.0/Packs/Atmel/ATmega_DFP/1.7.374/gcc/dev/atmega32a/avr5/crtatmega32a.o
 .debug_info    0x000004e6      0x291 HAL/dc_motor.o
 .debug_info    0x00000777      0x6fd HAL/lcd.o
 .debug_info    0x00000e74       0xea HAL/lm35_sensor.o
 .debug_info    0x00000f5e      0x3b0 HAL/mq2_sensor.o
 .debug_info    0x0000130e      0xcb6 main.o
 .debug_info    0x00001fc4      0x1b1 MCAL/adc.o
 .debug_info    0x00002175      0x257 MCAL/gpio.o
 .debug_info    0x000023cc       0xfd MCAL/pwm_timer0.o
 .debug_info    0x000024c9      0x24e ThirdParty/FreeRTOS/Portable/GCC/ATMega323/port.o
 .debug_info    0x00002717      0x2d8 ThirdParty/FreeRTOS/Portable/list.o
 .debug_info    0x000029ef      0x4b6 ThirdParty/FreeRTOS/Portable/MemMang/heap_4.o
 .debug_info    0x00002ea5     0x1f1e ThirdParty/FreeRTOS/Portable/tasks.o

.debug_abbrev   0x00000000     0x149b
 *(.debug_abbrev)
 .debug_abbrev  0x00000000      0x4a3 C:/Program Files (x86)/Atmel/Studio/7.0/Packs/Atmel/ATmega_DFP/1.7.374/gcc/dev/atmega32a/avr5/crtatmega32a.o
 .debug_abbrev  0x000004a3       0xbf HAL/dc_motor.o
 .debug_abbrev  0x00000562      0x1b3 HAL/lcd.o
 .debug_abbrev  0x00000715       0x82 HAL/lm35_sensor.o
 .debug_abbrev  0x00000797      0x190 HAL/mq2_sensor.o
 .debug_abbrev  0x00000927      0x217 main.o
 .debug_abbrev  0x00000b3e       0xc0 MCAL/adc.o
 .debug_abbrev  0x00000bfe      0x115 MCAL/gpio.o
 .debug_abbrev  0x00000d13       0xa3 MCAL/pwm_timer0.o
 .debug_abbrev  0x00000db6      0x143 ThirdParty/FreeRTOS/Portable/GCC/ATMega323/port.o
 .debug_abbrev  0x00000ef9       0xff ThirdParty/FreeRTOS/Portable/list.o
 .debug_abbrev  0x00000ff8      0x1e4 ThirdParty/FreeRTOS/Portable/MemMang/heap_4.o
 .debug_abbrev  0x000011dc      0x2bf ThirdParty/FreeRTOS/Portable/tasks.o

.debug_line     0x00000000     0x2c9a
 *(.debug_line .debug_line.* .debug_line_end)
 .debug_line    0x00000000      0x116 C:/Program Files (x86)/Atmel/Studio/7.0/Packs/Atmel/ATmega_DFP/1.7.374/gcc/dev/atmega32a/avr5/crtatmega32a.o
 .debug_line    0x00000116       0xf4 HAL/dc_motor.o
 .debug_line    0x0000020a      0x2e5 HAL/lcd.o
 .debug_line    0x000004ef       0x74 HAL/lm35_sensor.o
 .debug_line    0x00000563      0x24d HAL/mq2_sensor.o
 .debug_line    0x000007b0      0x46f main.o
 .debug_line    0x00000c1f      0x111 MCAL/adc.o
 .debug_line    0x00000d30      0x2ec MCAL/gpio.o
 .debug_line    0x0000101c       0xd5 MCAL/pwm_timer0.o
 .debug_line    0x000010f1      0x2e5 ThirdParty/FreeRTOS/Portable/GCC/ATMega323/port.o
 .debug_line    0x000013d6      0x238 ThirdParty/FreeRTOS/Portable/list.o
 .debug_line    0x0000160e      0x478 ThirdParty/FreeRTOS/Portable/MemMang/heap_4.o
 .debug_line    0x00001a86     0x1214 ThirdParty/FreeRTOS/Portable/tasks.o

.debug_frame    0x00000000      0xbf0
 *(.debug_frame)
 .debug_frame   0x00000000       0x3c HAL/dc_motor.o
 .debug_frame   0x0000003c       0xd0 HAL/lcd.o
 .debug_frame   0x0000010c       0x24 HAL/lm35_sensor.o
 .debug_frame   0x00000130       0xc8 HAL/mq2_sensor.o
 .debug_frame   0x000001f8       0xc8 main.o
 .debug_frame   0x000002c0       0x34 MCAL/adc.o
 .debug_frame   0x000002f4       0x74 MCAL/gpio.o
 .debug_frame   0x00000368       0x24 MCAL/pwm_timer0.o
 .debug_frame   0x0000038c       0x84 ThirdParty/FreeRTOS/Portable/GCC/ATMega323/port.o
 .debug_frame   0x00000410       0x88 ThirdParty/FreeRTOS/Portable/list.o
 .debug_frame   0x00000498       0xfc ThirdParty/FreeRTOS/Portable/MemMang/heap_4.o
 .debug_frame   0x00000594      0x65c ThirdParty/FreeRTOS/Portable/tasks.o

.debug_str      0x00000000     0x19ac
 *(.debug_str)
 .debug_str     0x00000000      0x196 C:/Program Files (x86)/Atmel/Studio/7.0/Packs/Atmel/ATmega_DFP/1.7.374/gcc/dev/atmega32a/avr5/crtatmega32a.o
 .debug_str     0x00000196      0x218 HAL/dc_motor.o
                                0x23f (size before relaxing)
 .debug_str     0x000003ae      0x14f HAL/lcd.o
                                0x320 (size before relaxing)
 .debug_str     0x000004fd       0x5c HAL/lm35_sensor.o
                                0x1e1 (size before relaxing)
 .debug_str     0x00000559       0xa3 HAL/mq2_sensor.o
                                0x29e (size before relaxing)
 .debug_str     0x000005fc      0x2f5 main.o
                                0x5f0 (size before relaxing)
 .debug_str     0x000008f1       0x25 MCAL/adc.o
                                0x2a3 (size before relaxing)
 .debug_str     0x00000916       0x7c MCAL/gpio.o
                                0x294 (size before relaxing)
 .debug_str     0x00000992       0x20 MCAL/pwm_timer0.o
                                0x1f7 (size before relaxing)
 .debug_str     0x000009b2      0x141 ThirdParty/FreeRTOS/Portable/GCC/ATMega323/port.o
                                0x2e1 (size before relaxing)
 .debug_str     0x00000af3      0x150 ThirdParty/FreeRTOS/Portable/list.o
                                0x2da (size before relaxing)
 .debug_str     0x00000c43      0x2f4 ThirdParty/FreeRTOS/Portable/MemMang/heap_4.o
                                0x496 (size before relaxing)
 .debug_str     0x00000f37      0xa75 ThirdParty/FreeRTOS/Portable/tasks.o
                                0xe83 (size before relaxing)

.debug_loc      0x00000000     0x3edb
 *(.debug_loc)
 .debug_loc     0x00000000       0xcd HAL/dc_motor.o
 .debug_loc     0x000000cd      0x52d HAL/lcd.o
 .debug_loc     0x000005fa       0x43 HAL/lm35_sensor.o
 .debug_loc     0x0000063d      0x41f HAL/mq2_sensor.o
 .debug_loc     0x00000a5c      0x1c5 main.o
 .debug_loc     0x00000c21       0x56 MCAL/adc.o
 .debug_loc     0x00000c77      0x38f MCAL/gpio.o
 .debug_loc     0x00001006       0x2c MCAL/pwm_timer0.o
 .debug_loc     0x00001032      0x29f ThirdParty/FreeRTOS/Portable/GCC/ATMega323/port.o
 .debug_loc     0x000012d1      0x145 ThirdParty/FreeRTOS/Portable/list.o
 .debug_loc     0x00001416      0x4be ThirdParty/FreeRTOS/Portable/MemMang/heap_4.o
 .debug_loc     0x000018d4     0x2607 ThirdParty/FreeRTOS/Portable/tasks.o

.debug_macinfo
 *(.debug_macinfo)

.debug_weaknames
 *(.debug_weaknames)

.debug_funcnames
 *(.debug_funcnames)

.debug_typenames
 *(.debug_typenames)

.debug_varnames
 *(.debug_varnames)

.debug_pubtypes
 *(.debug_pubtypes)

.debug_ranges   0x00000000      0x3b8
 *(.debug_ranges)
 .debug_ranges  0x00000000       0x18 HAL/dc_motor.o
 .debug_ranges  0x00000018       0x48 HAL/lcd.o
 .debug_ranges  0x00000060       0x10 HAL/lm35_sensor.o
 .debug_ranges  0x00000070       0x30 HAL/mq2_sensor.o
 .debug_ranges  0x000000a0       0x40 main.o
 .debug_ranges  0x000000e0       0x18 MCAL/adc.o
 .debug_ranges  0x000000f8       0x38 MCAL/gpio.o
 .debug_ranges  0x00000130       0x10 MCAL/pwm_timer0.o
 .debug_ranges  0x00000140       0x40 ThirdParty/FreeRTOS/Portable/GCC/ATMega323/port.o
 .debug_ranges  0x00000180       0x30 ThirdParty/FreeRTOS/Portable/list.o
 .debug_ranges  0x000001b0       0x48 ThirdParty/FreeRTOS/Portable/MemMang/heap_4.o
 .debug_ranges  0x000001f8      0x1c0 ThirdParty/FreeRTOS/Portable/tasks.o

.debug_macro
 *(.debug_macro)
OUTPUT(RR_RTOS.elf elf32-avr)
LOAD linker stubs
